Component: ARM Compiler 5.06 update 6 (build 750) Tool: armlink [4d35ed]

==============================================================================

Section Cross References

    system_stm32f7xx.o(i.SystemCoreClockUpdate) refers to system_stm32f7xx.o(.data) for .data
    system_stm32f7xx.o(i.SystemCoreClockUpdate) refers to system_stm32f7xx.o(.constdata) for .constdata
    ff.o(i.check_fs) refers to ff.o(i.move_window) for move_window
    ff.o(i.check_fs) refers to ff.o(i.ld_word) for ld_word
    ff.o(i.check_fs) refers to ff.o(i.ld_dword) for ld_dword
    ff.o(i.chk_lock) refers to ff.o(.bss) for .bss
    ff.o(i.clear_lock) refers to ff.o(.bss) for .bss
    ff.o(i.cmp_lfn) refers to ff.o(i.ld_word) for ld_word
    ff.o(i.cmp_lfn) refers to unicode.o(i.ff_wtoupper) for ff_wtoupper
    ff.o(i.cmp_lfn) refers to ff.o(.constdata) for .constdata
    ff.o(i.create_chain) refers to ff.o(i.get_fat) for get_fat
    ff.o(i.create_chain) refers to ff.o(i.put_fat) for put_fat
    ff.o(i.create_name) refers to unicode.o(i.ff_convert) for ff_convert
    ff.o(i.create_name) refers to ff.o(i.chk_chr) for chk_chr
    ff.o(i.create_name) refers to ff.o(i.mem_set) for mem_set
    ff.o(i.create_name) refers to ff.o(.constdata) for .constdata
    ff.o(i.dec_lock) refers to ff.o(.bss) for .bss
    ff.o(i.dir_find) refers to ff.o(i.dir_sdi) for dir_sdi
    ff.o(i.dir_find) refers to ff.o(i.move_window) for move_window
    ff.o(i.dir_find) refers to ff.o(i.cmp_lfn) for cmp_lfn
    ff.o(i.dir_find) refers to ff.o(i.sum_sfn) for sum_sfn
    ff.o(i.dir_find) refers to ff.o(i.dir_next) for dir_next
    ff.o(i.dir_next) refers to ff.o(i.get_fat) for get_fat
    ff.o(i.dir_next) refers to ff.o(i.create_chain) for create_chain
    ff.o(i.dir_next) refers to ff.o(i.sync_window) for sync_window
    ff.o(i.dir_next) refers to ff.o(i.mem_set) for mem_set
    ff.o(i.dir_next) refers to ff.o(i.clust2sect) for clust2sect
    ff.o(i.dir_read) refers to ff.o(i.move_window) for move_window
    ff.o(i.dir_read) refers to ff.o(i.pick_lfn) for pick_lfn
    ff.o(i.dir_read) refers to ff.o(i.dir_next) for dir_next
    ff.o(i.dir_read) refers to ff.o(i.sum_sfn) for sum_sfn
    ff.o(i.dir_register) refers to ff.o(i.mem_cpy) for mem_cpy
    ff.o(i.dir_register) refers to ff.o(i.gen_numname) for gen_numname
    ff.o(i.dir_register) refers to ff.o(i.dir_find) for dir_find
    ff.o(i.dir_register) refers to ff.o(i.dir_sdi) for dir_sdi
    ff.o(i.dir_register) refers to ff.o(i.move_window) for move_window
    ff.o(i.dir_register) refers to ff.o(i.dir_next) for dir_next
    ff.o(i.dir_register) refers to ff.o(i.sum_sfn) for sum_sfn
    ff.o(i.dir_register) refers to ff.o(i.st_word) for st_word
    ff.o(i.dir_register) refers to ff.o(i.mem_set) for mem_set
    ff.o(i.dir_register) refers to ff.o(.constdata) for .constdata
    ff.o(i.dir_remove) refers to ff.o(i.dir_sdi) for dir_sdi
    ff.o(i.dir_remove) refers to ff.o(i.move_window) for move_window
    ff.o(i.dir_remove) refers to ff.o(i.dir_next) for dir_next
    ff.o(i.dir_sdi) refers to ff.o(i.get_fat) for get_fat
    ff.o(i.dir_sdi) refers to ff.o(i.clust2sect) for clust2sect
    ff.o(i.f_close) refers to ff.o(i.f_sync) for f_sync
    ff.o(i.f_close) refers to ff.o(i.validate) for validate
    ff.o(i.f_close) refers to ff.o(i.dec_lock) for dec_lock
    ff.o(i.f_closedir) refers to ff.o(i.validate) for validate
    ff.o(i.f_closedir) refers to ff.o(i.dec_lock) for dec_lock
    ff.o(i.f_getfree) refers to ff.o(i.find_volume) for find_volume
    ff.o(i.f_getfree) refers to ff.o(i.get_fat) for get_fat
    ff.o(i.f_getfree) refers to ff.o(i.move_window) for move_window
    ff.o(i.f_getfree) refers to ff.o(i.ld_dword) for ld_dword
    ff.o(i.f_getfree) refers to ff.o(i.ld_word) for ld_word
    ff.o(i.f_lseek) refers to ff.o(i.validate) for validate
    ff.o(i.f_lseek) refers to ff.o(i.clmt_clust) for clmt_clust
    ff.o(i.f_lseek) refers to ff.o(i.clust2sect) for clust2sect
    ff.o(i.f_lseek) refers to diskio.o(i.disk_write) for disk_write
    ff.o(i.f_lseek) refers to ff.o(i.get_fat) for get_fat
    ff.o(i.f_lseek) refers to diskio.o(i.disk_read) for disk_read
    ff.o(i.f_lseek) refers to ff.o(i.create_chain) for create_chain
    ff.o(i.f_mkdir) refers to ff.o(i.find_volume) for find_volume
    ff.o(i.f_mkdir) refers to syscall.o(i.ff_memalloc) for ff_memalloc
    ff.o(i.f_mkdir) refers to ff.o(i.follow_path) for follow_path
    ff.o(i.f_mkdir) refers to ff.o(i.create_chain) for create_chain
    ff.o(i.f_mkdir) refers to ff.o(i.sync_window) for sync_window
    ff.o(i.f_mkdir) refers to diskio.o(i.get_fattime) for get_fattime
    ff.o(i.f_mkdir) refers to ff.o(i.clust2sect) for clust2sect
    ff.o(i.f_mkdir) refers to ff.o(i.mem_set) for mem_set
    ff.o(i.f_mkdir) refers to ff.o(i.st_dword) for st_dword
    ff.o(i.f_mkdir) refers to ff.o(i.st_clust) for st_clust
    ff.o(i.f_mkdir) refers to ff.o(i.mem_cpy) for mem_cpy
    ff.o(i.f_mkdir) refers to ff.o(i.dir_register) for dir_register
[...]
    HAL_Delay                                0x0800396d   Thumb Code    32  stm32f7xx_hal.o(i.HAL_Delay)
    HAL_GPIO_Init                            0x08003991   Thumb Code   418  stm32f7xx_hal_gpio.o(i.HAL_GPIO_Init)
    HAL_GPIO_WritePin                        0x08003b69   Thumb Code    10  stm32f7xx_hal_gpio.o(i.HAL_GPIO_WritePin)
    HAL_GetTick                              0x08003b75   Thumb Code     6  stm32f7xx_hal.o(i.HAL_GetTick)
    HAL_HCD_Connect_Callback                 0x08003b81   Thumb Code     8  usbh_conf.o(i.HAL_HCD_Connect_Callback)
    HAL_HCD_Disconnect_Callback              0x08003b89   Thumb Code     8  usbh_conf.o(i.HAL_HCD_Disconnect_Callback)
    HAL_HCD_GetCurrentFrame                  0x08003b91   Thumb Code     6  stm32f7xx_hal_hcd.o(i.HAL_HCD_GetCurrentFrame)
    HAL_HCD_GetCurrentSpeed                  0x08003b97   Thumb Code     6  stm32f7xx_hal_hcd.o(i.HAL_HCD_GetCurrentSpeed)
    HAL_HCD_HC_GetURBState                   0x08003b9d   Thumb Code    14  stm32f7xx_hal_hcd.o(i.HAL_HCD_HC_GetURBState)
    HAL_HCD_HC_GetXferCount                  0x08003bab   Thumb Code    12  stm32f7xx_hal_hcd.o(i.HAL_HCD_HC_GetXferCount)
    HAL_HCD_HC_Halt                          0x08003bb7   Thumb Code    36  stm32f7xx_hal_hcd.o(i.HAL_HCD_HC_Halt)
    HAL_HCD_HC_Init                          0x08003bdb   Thumb Code   118  stm32f7xx_hal_hcd.o(i.HAL_HCD_HC_Init)
    HAL_HCD_HC_NotifyURBChange_Callback      0x08003c51   Thumb Code     2  usbh_conf.o(i.HAL_HCD_HC_NotifyURBChange_Callback)
    HAL_HCD_HC_SubmitRequest                 0x08003c55   Thumb Code   148  stm32f7xx_hal_hcd.o(i.HAL_HCD_HC_SubmitRequest)
    HAL_HCD_IRQHandler                       0x08003ce9   Thumb Code   306  stm32f7xx_hal_hcd.o(i.HAL_HCD_IRQHandler)
    HAL_HCD_Init                             0x08003e1b   Thumb Code   104  stm32f7xx_hal_hcd.o(i.HAL_HCD_Init)
    HAL_HCD_MspInit                          0x08003e85   Thumb Code   386  usbh_conf.o(i.HAL_HCD_MspInit)
    HAL_HCD_PortDisabled_Callback            0x08004025   Thumb Code     8  usbh_conf.o(i.HAL_HCD_PortDisabled_Callback)
    HAL_HCD_PortEnabled_Callback             0x0800402d   Thumb Code     8  usbh_conf.o(i.HAL_HCD_PortEnabled_Callback)
    HAL_HCD_ResetPort                        0x08004035   Thumb Code     6  stm32f7xx_hal_hcd.o(i.HAL_HCD_ResetPort)
    HAL_HCD_SOF_Callback                     0x0800403b   Thumb Code     8  usbh_conf.o(i.HAL_HCD_SOF_Callback)
    HAL_HCD_Start                            0x08004043   Thumb Code    44  stm32f7xx_hal_hcd.o(i.HAL_HCD_Start)
    HAL_HCD_Stop                             0x0800406f   Thumb Code    36  stm32f7xx_hal_hcd.o(i.HAL_HCD_Stop)
    HAL_I2C_DeInit                           0x08004093   Thumb Code    52  stm32f7xx_hal_i2c.o(i.HAL_I2C_DeInit)
    HAL_I2C_GetState                         0x080040c7   Thumb Code     6  stm32f7xx_hal_i2c.o(i.HAL_I2C_GetState)
    HAL_I2C_Init                             0x080040cd   Thumb Code   180  stm32f7xx_hal_i2c.o(i.HAL_I2C_Init)
    HAL_I2C_Mem_Read                         0x08004185   Thumb Code   358  stm32f7xx_hal_i2c.o(i.HAL_I2C_Mem_Read)
    HAL_I2C_Mem_Write                        0x080042f5   Thumb Code   354  stm32f7xx_hal_i2c.o(i.HAL_I2C_Mem_Write)
    HAL_I2C_MspDeInit                        0x0800445d   Thumb Code     2  stm32f7xx_hal_i2c.o(i.HAL_I2C_MspDeInit)
    HAL_I2C_MspInit                          0x0800445f   Thumb Code     2  stm32f7xx_hal_i2c.o(i.HAL_I2C_MspInit)
    HAL_IncTick                              0x08004461   Thumb Code    12  stm32f7xx_hal.o(i.HAL_IncTick)
    HAL_Init                                 0x08004471   Thumb Code    32  stm32f7xx_hal.o(i.HAL_Init)
    HAL_InitTick                             0x08004495   Thumb Code    54  stm32f7xx_hal.o(i.HAL_InitTick)
    HAL_LTDC_ConfigLayer                     0x080044d5   Thumb Code    82  stm32f7xx_hal_ltdc.o(i.HAL_LTDC_ConfigLayer)
    HAL_LTDC_GetState                        0x08004527   Thumb Code     6  stm32f7xx_hal_ltdc.o(i.HAL_LTDC_GetState)
    HAL_LTDC_Init                            0x0800452d   Thumb Code   252  stm32f7xx_hal_ltdc.o(i.HAL_LTDC_Init)
    HAL_LTDC_MspInit                         0x0800462d   Thumb Code     2  stm32f7xx_hal_ltdc.o(i.HAL_LTDC_MspInit)
    HAL_MspInit                              0x0800462f   Thumb Code     2  stm32f7xx_hal.o(i.HAL_MspInit)
    HAL_NVIC_EnableIRQ                       0x08004631   Thumb Code    26  stm32f7xx_hal_cortex.o(i.HAL_NVIC_EnableIRQ)
    HAL_NVIC_SetPriority                     0x0800464d   Thumb Code    60  stm32f7xx_hal_cortex.o(i.HAL_NVIC_SetPriority)
    HAL_NVIC_SetPriorityGrouping             0x0800468d   Thumb Code    28  stm32f7xx_hal_cortex.o(i.HAL_NVIC_SetPriorityGrouping)
    HAL_PWREx_EnableOverDrive                0x080046b1   Thumb Code   100  stm32f7xx_hal_pwr_ex.o(i.HAL_PWREx_EnableOverDrive)
    HAL_RCCEx_GetPeriphCLKConfig             0x0800471d   Thumb Code   298  stm32f7xx_hal_rcc_ex.o(i.HAL_RCCEx_GetPeriphCLKConfig)
    HAL_RCCEx_GetPeriphCLKFreq               0x08004851   Thumb Code   268  stm32f7xx_hal_rcc_ex.o(i.HAL_RCCEx_GetPeriphCLKFreq)
    HAL_RCCEx_PeriphCLKConfig                0x08004971   Thumb Code  1276  stm32f7xx_hal_rcc_ex.o(i.HAL_RCCEx_PeriphCLKConfig)
    HAL_RCC_ClockConfig                      0x08004e6d   Thumb Code   282  stm32f7xx_hal_rcc.o(i.HAL_RCC_ClockConfig)
    HAL_RCC_GetSysClockFreq                  0x08004f99   Thumb Code    88  stm32f7xx_hal_rcc.o(i.HAL_RCC_GetSysClockFreq)
    HAL_RCC_OscConfig                        0x08004ffd   Thumb Code   810  stm32f7xx_hal_rcc.o(i.HAL_RCC_OscConfig)
    HAL_SAI_DMAPause                         0x08005335   Thumb Code    38  stm32f7xx_hal_sai.o(i.HAL_SAI_DMAPause)
    HAL_SAI_DMAResume                        0x0800535b   Thumb Code    54  stm32f7xx_hal_sai.o(i.HAL_SAI_DMAResume)
    HAL_SAI_DMAStop                          0x08005391   Thumb Code   146  stm32f7xx_hal_sai.o(i.HAL_SAI_DMAStop)
    HAL_SAI_DeInit                           0x08005423   Thumb Code    66  stm32f7xx_hal_sai.o(i.HAL_SAI_DeInit)
    HAL_SAI_ErrorCallback                    0x08005465   Thumb Code    46  stm32746g_discovery_audio.o(i.HAL_SAI_ErrorCallback)
    HAL_SAI_GetState                         0x08005499   Thumb Code     6  stm32f7xx_hal_sai.o(i.HAL_SAI_GetState)
    HAL_SAI_Init                             0x080054a1   Thumb Code   470  stm32f7xx_hal_sai.o(i.HAL_SAI_Init)
    HAL_SAI_MspDeInit                        0x08005689   Thumb Code     2  stm32f7xx_hal_sai.o(i.HAL_SAI_MspDeInit)
    HAL_SAI_MspInit                          0x0800568b   Thumb Code     2  stm32f7xx_hal_sai.o(i.HAL_SAI_MspInit)
    HAL_SAI_Receive_DMA                      0x0800568d   Thumb Code   158  stm32f7xx_hal_sai.o(i.HAL_SAI_Receive_DMA)
    HAL_SAI_RxCpltCallback                   0x08005739   Thumb Code     8  stm32746g_discovery_audio.o(i.HAL_SAI_RxCpltCallback)
    HAL_SAI_RxHalfCpltCallback               0x08005741   Thumb Code     8  stm32746g_discovery_audio.o(i.HAL_SAI_RxHalfCpltCallback)
    HAL_SAI_Transmit_DMA                     0x08005749   Thumb Code   158  stm32f7xx_hal_sai.o(i.HAL_SAI_Transmit_DMA)
    HAL_SAI_TxCpltCallback                   0x080057f5   Thumb Code     8  stm32746g_discovery_audio.o(i.HAL_SAI_TxCpltCallback)
    HAL_SAI_TxHalfCpltCallback               0x080057fd   Thumb Code     8  stm32746g_discovery_audio.o(i.HAL_SAI_TxHalfCpltCallback)
    HAL_SDRAM_Init                           0x08005805   Thumb Code    66  stm32f7xx_hal_sdram.o(i.HAL_SDRAM_Init)
    HAL_SDRAM_MspInit                        0x08005847   Thumb Code     2  stm32f7xx_hal_sdram.o(i.HAL_SDRAM_MspInit)
    HAL_SDRAM_ProgramRefreshRate             0x08005849   Thumb Code    34  stm32f7xx_hal_sdram.o(i.HAL_SDRAM_ProgramRefreshRate)
    HAL_SDRAM_SendCommand                    0x0800586d   Thumb Code    48  stm32f7xx_hal_sdram.o(i.HAL_SDRAM_SendCommand)
    HAL_SYSTICK_Config                       0x0800589d   Thumb Code    38  stm32f7xx_hal_cortex.o(i.HAL_SYSTICK_Config)
    HardFault_Handler                        0x08005e61   Thumb Code     2  stm32f7xx_it.o(i.HardFault_Handler)
    LCD_LOG_DeInit                           0x080062f1   Thumb Code    32  lcd_log.o(i.LCD_LOG_DeInit)
    LCD_LOG_Init                             0x08006315   Thumb Code    18  lcd_log.o(i.LCD_LOG_Init)
    LCD_LOG_SetHeader                        0x08006329   Thumb Code    92  lcd_log.o(i.LCD_LOG_SetHeader)
    LCD_LOG_UpdateDisplay                    0x08006391   Thumb Code   124  lcd_log.o(i.LCD_LOG_UpdateDisplay)
    MemManage_Handler                        0x08006665   Thumb Code     2  stm32f7xx_it.o(i.MemManage_Handler)
    NMI_Handler                              0x08006667   Thumb Code     2  stm32f7xx_it.o(i.NMI_Handler)
    OTG_FS_IRQHandler                        0x08006669   Thumb Code     6  stm32f7xx_it.o(i.OTG_FS_IRQHandler)
    PendSV_Handler                           0x08006675   Thumb Code     2  stm32f7xx_it.o(i.PendSV_Handler)
    SVC_Handler                              0x08006929   Thumb Code     2  stm32f7xx_it.o(i.SVC_Handler)
    SysTick_Handler                          0x0800692b   Thumb Code     4  stm32f7xx_it.o(i.SysTick_Handler)
    SystemInit                               0x080069a9   Thumb Code    68  system_stm32f7xx.o(i.SystemInit)
    TS_IO_Delay                              0x080069fd   Thumb Code     4  stm32746g_discovery.o(i.TS_IO_Delay)
    TS_IO_Init                               0x08006a01   Thumb Code     6  stm32746g_discovery.o(i.TS_IO_Init)
    TS_IO_Read                               0x08006a0d   Thumb Code    34  stm32746g_discovery.o(i.TS_IO_Read)
    TS_IO_Write                              0x08006a35   Thumb Code    26  stm32746g_discovery.o(i.TS_IO_Write)
    USBH_AllocPipe                           0x08006a55   Thumb Code    52  usbh_pipes.o(i.USBH_AllocPipe)
    USBH_BulkReceiveData                     0x08006a89   Thumb Code    32  usbh_ioreq.o(i.USBH_BulkReceiveData)
    USBH_BulkSendData                        0x08006aa9   Thumb Code    40  usbh_ioreq.o(i.USBH_BulkSendData)
    USBH_ClosePipe                           0x08006ad1   Thumb Code    10  usbh_pipes.o(i.USBH_ClosePipe)
    USBH_ClrFeature                          0x08006adb   Thumb Code    34  usbh_ctlreq.o(i.USBH_ClrFeature)
    USBH_CtlReceiveData                      0x08006afd   Thumb Code    30  usbh_ioreq.o(i.USBH_CtlReceiveData)
    USBH_CtlReq                              0x08006b1b   Thumb Code    60  usbh_ctlreq.o(i.USBH_CtlReq)
    USBH_CtlSendData                         0x08006b57   Thumb Code    40  usbh_ioreq.o(i.USBH_CtlSendData)
    USBH_CtlSendSetup                        0x08006b7f   Thumb Code    30  usbh_ioreq.o(i.USBH_CtlSendSetup)
    USBH_Delay                               0x08006b9d   Thumb Code     4  usbh_conf.o(i.USBH_Delay)
    USBH_FindInterface                       0x08006ba1   Thumb Code    60  usbh_core.o(i.USBH_FindInterface)
    USBH_FreePipe                            0x08006bdd   Thumb Code    24  usbh_pipes.o(i.USBH_FreePipe)
    USBH_GetDescriptor                       0x08006bf5   Thumb Code    52  usbh_ctlreq.o(i.USBH_GetDescriptor)
    USBH_GetNextDesc                         0x08006c29   Thumb Code    14  usbh_ctlreq.o(i.USBH_GetNextDesc)
    USBH_Get_CfgDesc                         0x08006c37   Thumb Code    44  usbh_ctlreq.o(i.USBH_Get_CfgDesc)
    USBH_Get_DevDesc                         0x08006c63   Thumb Code   132  usbh_ctlreq.o(i.USBH_Get_DevDesc)
    USBH_Get_StringDesc                      0x08006ce7   Thumb Code    72  usbh_ctlreq.o(i.USBH_Get_StringDesc)
    USBH_Init                                0x0800710d   Thumb Code    66  usbh_core.o(i.USBH_Init)
    USBH_LL_ClosePipe                        0x08007171   Thumb Code    14  usbh_conf.o(i.USBH_LL_ClosePipe)
    USBH_LL_Connect                          0x0800717f   Thumb Code    42  usbh_core.o(i.USBH_LL_Connect)
    USBH_LL_Disconnect                       0x080071a9   Thumb Code    68  usbh_core.o(i.USBH_LL_Disconnect)
    USBH_LL_DriverVBUS                       0x08007209   Thumb Code    28  usbh_conf.o(i.USBH_LL_DriverVBUS)
    USBH_LL_GetLastXferSize                  0x08007229   Thumb Code     8  usbh_conf.o(i.USBH_LL_GetLastXferSize)
    USBH_LL_GetSpeed                         0x08007231   Thumb Code    34  usbh_conf.o(i.USBH_LL_GetSpeed)
    USBH_LL_GetToggle                        0x08007255   Thumb Code    28  usbh_conf.o(i.USBH_LL_GetToggle)
    USBH_LL_GetURBState                      0x08007275   Thumb Code     8  usbh_conf.o(i.USBH_LL_GetURBState)
    USBH_LL_IncTimer                         0x0800727d   Thumb Code    30  usbh_core.o(i.USBH_LL_IncTimer)
    USBH_LL_Init                             0x0800729d   Thumb Code    64  usbh_conf.o(i.USBH_LL_Init)
    USBH_LL_OpenPipe                         0x080072e1   Thumb Code    24  usbh_conf.o(i.USBH_LL_OpenPipe)
    USBH_LL_PortDisabled                     0x080072f9   Thumb Code     8  usbh_core.o(i.USBH_LL_PortDisabled)
    USBH_LL_PortEnabled                      0x08007301   Thumb Code     8  usbh_core.o(i.USBH_LL_PortEnabled)
    USBH_LL_ResetPort                        0x08007309   Thumb Code    14  usbh_conf.o(i.USBH_LL_ResetPort)
    USBH_LL_SetTimer                         0x08007317   Thumb Code     6  usbh_core.o(i.USBH_LL_SetTimer)
    USBH_LL_SetToggle                        0x0800731d   Thumb Code    30  usbh_conf.o(i.USBH_LL_SetToggle)
    USBH_LL_Start                            0x08007341   Thumb Code    14  usbh_conf.o(i.USBH_LL_Start)
    USBH_LL_Stop                             0x0800734f   Thumb Code    14  usbh_conf.o(i.USBH_LL_Stop)
    USBH_LL_SubmitURB                        0x0800735d   Thumb Code    32  usbh_conf.o(i.USBH_LL_SubmitURB)
    USBH_MSC_BOT_Init                        0x0800739d   Thumb Code    28  usbh_msc_bot.o(i.USBH_MSC_BOT_Init)
    USBH_MSC_BOT_Process                     0x080073c1   Thumb Code   472  usbh_msc_bot.o(i.USBH_MSC_BOT_Process)
    USBH_MSC_BOT_REQ_GetMaxLUN               0x0800759d   Thumb Code    28  usbh_msc_bot.o(i.USBH_MSC_BOT_REQ_GetMaxLUN)
    USBH_MSC_BOT_REQ_Reset                   0x080075b9   Thumb Code    22  usbh_msc_bot.o(i.USBH_MSC_BOT_REQ_Reset)
    USBH_MSC_GetLUNInfo                      0x08007679   Thumb Code    46  usbh_msc.o(i.USBH_MSC_GetLUNInfo)
    USBH_MSC_IsReady                         0x08007825   Thumb Code    22  usbh_msc.o(i.USBH_MSC_IsReady)
    USBH_MSC_Read                            0x08007e75   Thumb Code   138  usbh_msc.o(i.USBH_MSC_Read)
    USBH_MSC_SCSI_Inquiry                    0x08007eff   Thumb Code   212  usbh_msc_scsi.o(i.USBH_MSC_SCSI_Inquiry)
    USBH_MSC_SCSI_Read                       0x08007fd3   Thumb Code   136  usbh_msc_scsi.o(i.USBH_MSC_SCSI_Read)
    USBH_MSC_SCSI_ReadCapacity               0x0800805b   Thumb Code   122  usbh_msc_scsi.o(i.USBH_MSC_SCSI_ReadCapacity)
    USBH_MSC_SCSI_RequestSense               0x080080d5   Thumb Code   150  usbh_msc_scsi.o(i.USBH_MSC_SCSI_RequestSense)
    USBH_MSC_SCSI_TestUnitReady              0x0800816b   Thumb Code    78  usbh_msc_scsi.o(i.USBH_MSC_SCSI_TestUnitReady)
    USBH_MSC_SCSI_Write                      0x080081b9   Thumb Code   136  usbh_msc_scsi.o(i.USBH_MSC_SCSI_Write)
    USBH_MSC_UnitIsReady                     0x08008245   Thumb Code    38  usbh_msc.o(i.USBH_MSC_UnitIsReady)
    USBH_MSC_Write                           0x0800826b   Thumb Code   138  usbh_msc.o(i.USBH_MSC_Write)
    USBH_OpenPipe                            0x080082f5   Thumb Code    20  usbh_pipes.o(i.USBH_OpenPipe)
    USBH_Process                             0x080083e5   Thumb Code   534  usbh_core.o(i.USBH_Process)
    USBH_RegisterClass                       0x08008729   Thumb Code    62  usbh_core.o(i.USBH_RegisterClass)
    USBH_SelectInterface                     0x080087a9   Thumb Code   116  usbh_core.o(i.USBH_SelectInterface)
    USBH_SetAddress                          0x08008899   Thumb Code    28  usbh_ctlreq.o(i.USBH_SetAddress)
    USBH_SetCfg                              0x080088b5   Thumb Code    28  usbh_ctlreq.o(i.USBH_SetCfg)
    USBH_SetFeature                          0x080088d1   Thumb Code    28  usbh_ctlreq.o(i.USBH_SetFeature)
    USBH_Start                               0x080088ed   Thumb Code    20  usbh_core.o(i.USBH_Start)
    USBH_initialize                          0x08008931   Thumb Code     4  usbh_diskio.o(i.USBH_initialize)
    USBH_ioctl                               0x08008935   Thumb Code   102  usbh_diskio.o(i.USBH_ioctl)
    USBH_read                                0x080089a1   Thumb Code    80  usbh_diskio.o(i.USBH_read)
    USBH_status                              0x08008a19   Thumb Code    20  usbh_diskio.o(i.USBH_status)
    USBH_write                               0x08008a31   Thumb Code   106  usbh_diskio.o(i.USBH_write)
    USB_CoreInit                             0x08008ae5   Thumb Code   106  stm32f7xx_ll_usb.o(i.USB_CoreInit)
    USB_DisableGlobalInt                     0x08008b8d   Thumb Code    12  stm32f7xx_ll_usb.o(i.USB_DisableGlobalInt)
    USB_DoPing                               0x08008b99   Thumb Code    30  stm32f7xx_ll_usb.o(i.USB_DoPing)
    USB_DriveVbus                            0x08008bbd   Thumb Code    44  stm32f7xx_ll_usb.o(i.USB_DriveVbus)
    USB_EnableGlobalInt                      0x08008be9   Thumb Code    12  stm32f7xx_ll_usb.o(i.USB_EnableGlobalInt)
    USB_FlushRxFifo                          0x08008bf5   Thumb Code    28  stm32f7xx_ll_usb.o(i.USB_FlushRxFifo)
    USB_FlushTxFifo                          0x08008c15   Thumb Code    32  stm32f7xx_ll_usb.o(i.USB_FlushTxFifo)
    USB_GetCurrentFrame                      0x08008c39   Thumb Code     8  stm32f7xx_ll_usb.o(i.USB_GetCurrentFrame)
    USB_GetHostSpeed                         0x08008c41   Thumb Code    14  stm32f7xx_ll_usb.o(i.USB_GetHostSpeed)
    USB_GetMode                              0x08008c4f   Thumb Code     8  stm32f7xx_ll_usb.o(i.USB_GetMode)
    USB_HC_Halt                              0x08008c57   Thumb Code   194  stm32f7xx_ll_usb.o(i.USB_HC_Halt)
    USB_HC_Init                              0x08008d19   Thumb Code   252  stm32f7xx_ll_usb.o(i.USB_HC_Init)
    USB_HC_ReadInterrupt                     0x08008e15   Thumb Code     8  stm32f7xx_ll_usb.o(i.USB_HC_ReadInterrupt)
    USB_HC_StartXfer                         0x08008e1d   Thumb Code   330  stm32f7xx_ll_usb.o(i.USB_HC_StartXfer)
    USB_HostInit                             0x08008f6d   Thumb Code   176  stm32f7xx_ll_usb.o(i.USB_HostInit)
    USB_InitFSLSPClkSel                      0x08009031   Thumb Code    56  stm32f7xx_ll_usb.o(i.USB_InitFSLSPClkSel)
    USB_ReadInterrupts                       0x08009069   Thumb Code     8  stm32f7xx_ll_usb.o(i.USB_ReadInterrupts)
    USB_ReadPacket                           0x08009071   Thumb Code    28  stm32f7xx_ll_usb.o(i.USB_ReadPacket)
    USB_ResetPort                            0x0800908d   Thumb Code    50  stm32f7xx_ll_usb.o(i.USB_ResetPort)
    USB_SetCurrentMode                       0x080090bf   Thumb Code    46  stm32f7xx_ll_usb.o(i.USB_SetCurrentMode)
    USB_StopHost                             0x080090ed   Thumb Code   126  stm32f7xx_ll_usb.o(i.USB_StopHost)
    USB_WritePacket                          0x0800916b   Thumb Code    36  stm32f7xx_ll_usb.o(i.USB_WritePacket)
    UsageFault_Handler                       0x0800918f   Thumb Code     2  stm32f7xx_it.o(i.UsageFault_Handler)
    __0printf$8                              0x080092e9   Thumb Code    22  printf8.o(i.__0printf$8)
    __1printf$8                              0x080092e9   Thumb Code     0  printf8.o(i.__0printf$8)
    __2printf                                0x080092e9   Thumb Code     0  printf8.o(i.__0printf$8)
    __0sprintf$8                             0x08009309   Thumb Code    34  printf8.o(i.__0sprintf$8)
    __1sprintf$8                             0x08009309   Thumb Code     0  printf8.o(i.__0sprintf$8)
    __2sprintf                               0x08009309   Thumb Code     0  printf8.o(i.__0sprintf$8)
    __scatterload_copy                       0x08009353   Thumb Code    14  handlers.o(i.__scatterload_copy)
    __scatterload_null                       0x08009361   Thumb Code     2  handlers.o(i.__scatterload_null)
    __scatterload_zeroinit                   0x08009363   Thumb Code    14  handlers.o(i.__scatterload_zeroinit)
    disk_initialize                          0x0800a15d   Thumb Code    34  diskio.o(i.disk_initialize)
    disk_ioctl                               0x0800a185   Thumb Code    20  diskio.o(i.disk_ioctl)
    disk_read                                0x0800a19d   Thumb Code    22  diskio.o(i.disk_read)
    disk_status                              0x0800a1b9   Thumb Code    16  diskio.o(i.disk_status)
    disk_write                               0x0800a1cd   Thumb Code    22  diskio.o(i.disk_write)
    f_close                                  0x0800a1e9   Thumb Code    40  ff.o(i.f_close)
    f_closedir                               0x0800a211   Thumb Code    34  ff.o(i.f_closedir)
    f_lseek                                  0x0800a233   Thumb Code   538  ff.o(i.f_lseek)
    f_mount                                  0x0800a44d   Thumb Code    84  ff.o(i.f_mount)
    f_open                                   0x0800a4a5   Thumb Code   576  ff.o(i.f_open)
    f_opendir                                0x0800a6e9   Thumb Code   172  ff.o(i.f_opendir)
    f_read                                   0x0800a795   Thumb Code   340  ff.o(i.f_read)
    f_readdir                                0x0800a8e9   Thumb Code   102  ff.o(i.f_readdir)
    f_sync                                   0x0800a94f   Thumb Code   142  ff.o(i.f_sync)
    f_write                                  0x0800a9dd   Thumb Code   396  ff.o(i.f_write)
    ff_convert                               0x0800ab69   Thumb Code    54  unicode.o(i.ff_convert)
    ff_memalloc                              0x0800aba5   Thumb Code     4  syscall.o(i.ff_memalloc)
    ff_memfree                               0x0800aba9   Thumb Code     4  syscall.o(i.ff_memfree)
    ff_wtoupper                              0x0800abad   Thumb Code   120  unicode.o(i.ff_wtoupper)
    fputc                                    0x0800aef9   Thumb Code   258  lcd_log.o(i.fputc)
    free                                     0x0800b005   Thumb Code    76  malloc.o(i.free)
    ft5336_Init                              0x0800b06d   Thumb Code    16  ft5336.o(i.ft5336_Init)
    ft5336_ReadID                            0x0800b07d   Thumb Code    58  ft5336.o(i.ft5336_ReadID)
    ft5336_Reset                             0x0800b0b7   Thumb Code     2  ft5336.o(i.ft5336_Reset)
    ft5336_TS_ClearIT                        0x0800b0b9   Thumb Code     2  ft5336.o(i.ft5336_TS_ClearIT)
    ft5336_TS_DetectTouch                    0x0800b0bd   Thumb Code    60  ft5336.o(i.ft5336_TS_DetectTouch)
    ft5336_TS_DisableIT                      0x0800b0fd   Thumb Code    10  ft5336.o(i.ft5336_TS_DisableIT)
    ft5336_TS_EnableIT                       0x0800b107   Thumb Code    10  ft5336.o(i.ft5336_TS_EnableIT)
    ft5336_TS_GetGestureID                   0x0800b111   Thumb Code    30  ft5336.o(i.ft5336_TS_GetGestureID)
    ft5336_TS_GetTouchInfo                   0x0800b131   Thumb Code   200  ft5336.o(i.ft5336_TS_GetTouchInfo)
    ft5336_TS_GetXY                          0x0800b1fd   Thumb Code   282  ft5336.o(i.ft5336_TS_GetXY)
    ft5336_TS_ITStatus                       0x0800b31d   Thumb Code     4  ft5336.o(i.ft5336_TS_ITStatus)
    ft5336_TS_Start                          0x0800b321   Thumb Code     4  ft5336.o(i.ft5336_TS_Start)
    get_fattime                              0x0800b463   Thumb Code     4  diskio.o(i.get_fattime)
    main                                     0x0800b655   Thumb Code    70  main.o(i.main)
    malloc                                   0x0800b6a9   Thumb Code    92  malloc.o(i.malloc)
    wm8994_DeInit                            0x0800baa7   Thumb Code     4  wm8994.o(i.wm8994_DeInit)
    wm8994_Init                              0x0800baad   Thumb Code  1530  wm8994.o(i.wm8994_Init)
    wm8994_Pause                             0x0800c0ad   Thumb Code    26  wm8994.o(i.wm8994_Pause)
    wm8994_Play                              0x0800c0c7   Thumb Code     6  wm8994.o(i.wm8994_Play)
    wm8994_ReadID                            0x0800c0cd   Thumb Code    20  wm8994.o(i.wm8994_ReadID)
    wm8994_Reset                             0x0800c0e1   Thumb Code    22  wm8994.o(i.wm8994_Reset)
    wm8994_Resume                            0x0800c0fd   Thumb Code     6  wm8994.o(i.wm8994_Resume)
    wm8994_SetFrequency                      0x0800c103   Thumb Code   130  wm8994.o(i.wm8994_SetFrequency)
    wm8994_SetMute                           0x0800c185   Thumb Code    82  wm8994.o(i.wm8994_SetMute)
    wm8994_SetOutputMode                     0x0800c1dd   Thumb Code   188  wm8994.o(i.wm8994_SetOutputMode)
    wm8994_SetVolume                         0x0800c299   Thumb Code   280  wm8994.o(i.wm8994_SetVolume)
    wm8994_Stop                              0x0800c3b5   Thumb Code   120  wm8994.o(i.wm8994_Stop)
    AHBPrescTable                            0x0800c430   Data          16  system_stm32f7xx.o(.constdata)
    COM_TX_PIN                               0x0800c8b0   Data           2  stm32746g_discovery.o(.constdata)
    COM_RX_PIN                               0x0800c8b2   Data           2  stm32746g_discovery.o(.constdata)
    COM_TX_AF                                0x0800c8b4   Data           2  stm32746g_discovery.o(.constdata)
    COM_RX_AF                                0x0800c8b6   Data           2  stm32746g_discovery.o(.constdata)
    GPIO_PIN                                 0x0800c8b8   Data           4  stm32746g_discovery.o(.constdata)
    BUTTON_PIN                               0x0800c8bc   Data           6  stm32746g_discovery.o(.constdata)
    BUTTON_IRQn                              0x0800c8c2   Data           6  stm32746g_discovery.o(.constdata)
    Font24_Table                             0x0800c8c8   Data        6840  stm32746g_discovery_lcd.o(.constdata)
    Font16_Table                             0x0800e380   Data        3040  stm32746g_discovery_lcd.o(.constdata)
    Font12_Table                             0x0800ef60   Data        1140  stm32746g_discovery_lcd.o(.constdata)
    USBH_Driver                              0x0800f3d4   Data          20  usbh_diskio.o(.constdata)
    Region$$Table$$Base                      0x0800f3ec   Number         0  anon$$obj.o(Region$$Table)
    Region$$Table$$Limit                     0x0800f40c   Number         0  anon$$obj.o(Region$$Table)
    SystemCoreClock                          0x20000000   Data           4  system_stm32f7xx.o(.data)
    ft5336_ts_drv                            0x20000010   Data          40  ft5336.o(.data)
    wm8994_drv                               0x20000040   Data          48  wm8994.o(.data)
    uwTickFreq                               0x2000007c   Data           1  stm32f7xx_hal.o(.data)
    uwTickPrio                               0x20000080   Data           4  stm32f7xx_hal.o(.data)
    uwTick                                   0x20000084   Data           4  stm32f7xx_hal.o(.data)
    USBH_msc                                 0x2000008c   Data          32  usbh_msc.o(.data)
    AudioState                               0x200000ac   Data           1  menu.o(.data)
    AudioDemo                                0x200000ad   Data           2  menu.o(.data)
    NumObs                                   0x200000b0   Data           2  explorer.o(.data)
    USBKey_Path                              0x200000b2   Data           4  explorer.o(.data)
    appli_state                              0x200000dc   Data           1  main.o(.data)
    AudioInVolume                            0x200000ec   Data           2  stm32746g_discovery_audio.o(.data)
    audio_drv                                0x200000f0   Data           4  stm32746g_discovery_audio.o(.data)
    Font24                                   0x20000108   Data           8  stm32746g_discovery_lcd.o(.data)
    Font16                                   0x20000110   Data           8  stm32746g_discovery_lcd.o(.data)
    Font12                                   0x20000118   Data           8  stm32746g_discovery_lcd.o(.data)
    LCD_CacheBuffer_yptr_invert              0x20000120   Data           1  lcd_log.o(.data)
    LCD_ScrollActive                         0x20000121   Data           1  lcd_log.o(.data)
    LCD_Lock                                 0x20000122   Data           1  lcd_log.o(.data)
    LCD_Scrolled                             0x20000123   Data           1  lcd_log.o(.data)
    LCD_CacheBuffer_xptr                     0x20000124   Data           2  lcd_log.o(.data)
    LCD_CacheBuffer_yptr_top                 0x20000126   Data           2  lcd_log.o(.data)
    LCD_CacheBuffer_yptr_bottom              0x20000128   Data           2  lcd_log.o(.data)
    LCD_CacheBuffer_yptr_top_bak             0x2000012a   Data           2  lcd_log.o(.data)
    LCD_CacheBuffer_yptr_bottom_bak          0x2000012c   Data           2  lcd_log.o(.data)
    LCD_ScrollBackStep                       0x2000012e   Data           2  lcd_log.o(.data)
    LCD_LineColor                            0x20000130   Data           4  lcd_log.o(.data)
    __stdout                                 0x20000134   Data           4  stdout.o(.data)
    __microlib_freelist                      0x20000138   Data           4  mvars.o(.data)
    __microlib_freelist_initialised          0x2000013c   Data           4  mvars.o(.data)
    disk                                     0x20000160   Data          16  ff_gen_drv.o(.bss)
    USBH_FatFs                               0x20000170   Data         564  explorer.o(.bss)
    FileList                                 0x200003a4   Data         986  explorer.o(.bss)
    hhcd                                     0x20000780   Data         704  usbh_conf.o(.bss)
    WaveFormat                               0x20002a74   Data          44  waveplayer.o(.bss)
    WavFile                                  0x20002aa0   Data         560  waveplayer.o(.bss)
    hUSBHost                                 0x20002d54   Data         696  main.o(.bss)
    pHeaderBuff                              0x20003038   Data          44  waverecorder.o(.bss)
    haudio_out_sai                           0x20007874   Data         132  stm32746g_discovery_audio.o(.bss)
    haudio_in_sai                            0x200078f8   Data         132  stm32746g_discovery_audio.o(.bss)
    sdramHandle                              0x20007c1c   Data          52  stm32746g_discovery_sdram.o(.bss)
    hLtdcHandler                             0x20007d00   Data         168  stm32746g_discovery_lcd.o(.bss)
    LCD_CacheBuffer                          0x20007e00   Data       14520  lcd_log.o(.bss)
    __heap_base                              0x2000b6b8   Data           0  startup_stm32f746xx.o(HEAP)
    __heap_limit                             0x2000bab8   Data           0  startup_stm32f746xx.o(HEAP)
    __initial_sp                             0x2000c2b8   Data           0  startup_stm32f746xx.o(STACK)



==============================================================================

Memory Map of the image

  Image Entry point : 0x080001c9

  Load Region LR_IROM1 (Base: 0x08000000, Size: 0x0000f54c, Max: 0x00100000, ABSOLUTE, COMPRESSED[0x0000f4bc])

    Execution Region ER_IROM1 (Exec base: 0x08000000, Load base: 0x08000000, Size: 0x0000f40c, Max: 0x00100000, ABSOLUTE)

    Exec Addr    Load Addr    Size         Type   Attr      Idx    E Section Name        Object

    0x08000000   0x08000000   0x000001c8   Data   RO         6522    RESET               startup_stm32f746xx.o
    0x080001c8   0x080001c8   0x00000000   Code   RO         7683  * .ARM.Collect$$$$00000000  mc_w.l(entry.o)
    0x080001c8   0x080001c8   0x00000004   Code   RO         7987    .ARM.Collect$$$$00000001  mc_w.l(entry2.o)
    0x080001cc   0x080001cc   0x00000004   Code   RO         7990    .ARM.Collect$$$$00000004  mc_w.l(entry5.o)
    0x080001d0   0x080001d0   0x00000000   Code   RO         7992    .ARM.Collect$$$$00000008  mc_w.l(entry7b.o)
    0x080001d0   0x080001d0   0x00000000   Code   RO         7994    .ARM.Collect$$$$0000000A  mc_w.l(entry8b.o)
    0x080001d0   0x080001d0   0x00000008   Code   RO         7995    .ARM.Collect$$$$0000000B  mc_w.l(entry9a.o)
    0x080001d8   0x080001d8   0x00000000   Code   RO         7997    .ARM.Collect$$$$0000000D  mc_w.l(entry10a.o)
    0x080001d8   0x080001d8   0x00000000   Code   RO         7999    .ARM.Collect$$$$0000000F  mc_w.l(entry11a.o)
    0x080001d8   0x080001d8   0x00000004   Code   RO         7988    .ARM.Collect$$$$00002712  mc_w.l(entry2.o)
    0x080001dc   0x080001dc   0x00000024   Code   RO         6523    .text               startup_stm32f746xx.o
    0x08000200   0x08000200   0x00000062   Code   RO         7686    .text               mc_w.l(uldiv.o)
    0x08000262   0x08000262   0x00000024   Code   RO         7688    .text               mc_w.l(memcpya.o)
    0x08000286   0x08000286   0x00000024   Code   RO         7690    .text               mc_w.l(memseta.o)
    0x080002aa   0x080002aa   0x00000024   Code   RO         7692    .text               mc_w.l(strstr.o)
    0x080002ce   0x080002ce   0x00000018   Code   RO         7694    .text               mc_w.l(strncpy.o)
    0x080002e6   0x080002e6   0x0000001e   Code   RO         8004    .text               mc_w.l(llshl.o)
    0x08000304   0x08000304   0x00000020   Code   RO         8006    .text               mc_w.l(llushr.o)
    0x08000324   0x08000324   0x00000024   Code   RO         8021    .text               mc_w.l(init.o)
    0x08000348   0x08000348   0x00000056   Code   RO         8035    .text               mc_w.l(__dczerorl2.o)
    0x0800039e   0x0800039e   0x00000002   PAD
    0x080003a0   0x080003a0   0x000000c8   Code   RO         5827    i.AUDIO_AcquireTouchButtons  waveplayer.o
    0x08000468   0x08000468   0x00000020   Code   RO         5512    i.AUDIO_ChangeSelectMode  menu.o
    0x08000488   0x08000488   0x0000000c   Code   RO         5612    i.AUDIO_GetWavObjectNumber  explorer.o
    0x08000494   0x08000494   0x00000002   Code   RO         6798    i.AUDIO_IO_DeInit   stm32746g_discovery.o
    0x08000496   0x08000496   0x00000004   Code   RO         6799    i.AUDIO_IO_Delay    stm32746g_discovery.o
    0x0800049a   0x0800049a   0x00000002   PAD
    0x0800049c   0x0800049c   0x0000000c   Code   RO         6800    i.AUDIO_IO_Init     stm32746g_discovery.o
    0x080004a8   0x080004a8   0x00000034   Code   RO         6801    i.AUDIO_IO_Read     stm32746g_discovery.o
    0x080004dc   0x080004dc   0x00000034   Code   RO         6802    i.AUDIO_IO_Write    stm32746g_discovery.o
    0x08000510   0x08000510   0x000000a4   Code   RO         5999    i.AUDIO_InitApplication  main.o
    0x080005b4   0x080005b4   0x000000a0   Code   RO         5613    i.AUDIO_LinkUSB     explorer.o
    0x08000654   0x08000654   0x00000224   Code   RO         5513    i.AUDIO_MenuProcess  menu.o
    0x08000878   0x08000878   0x00000020   Code   RO         5828    i.AUDIO_PLAYER_Init  waveplayer.o
    0x08000898   0x08000898   0x000002d8   Code   RO         5829    i.AUDIO_PLAYER_Process  waveplayer.o
    0x08000b70   0x08000b70   0x000000ac   Code   RO         5830    i.AUDIO_PLAYER_Start  waveplayer.o
    0x08000c1c   0x08000c1c   0x00000150   Code   RO         5832    i.AUDIO_PlaybackDisplayButtons  waveplayer.o
    0x08000d6c   0x08000d6c   0x00000108   Code   RO         6067    i.AUDIO_REC_DisplayButtons  waverecorder.o
    0x08000e74   0x08000e74   0x000004d8   Code   RO         6068    i.AUDIO_REC_Process  waverecorder.o
    0x0800134c   0x0800134c   0x0000019c   Code   RO         6069    i.AUDIO_REC_Start   waverecorder.o
    0x080014e8   0x080014e8   0x000000d0   Code   RO         5614    i.AUDIO_ShowWavFiles  explorer.o
    0x080015b8   0x080015b8   0x00000088   Code   RO         5615    i.AUDIO_StorageInit  explorer.o
    0x08001640   0x08001640   0x000000c0   Code   RO         5616    i.AUDIO_StorageParse  explorer.o
    0x08001700   0x08001700   0x00000002   Code   RO         6531    i.BSP_AUDIO_IN_Error_CallBack  stm32746g_discovery_audio.o
    0x08001702   0x08001702   0x00000002   PAD
    0x08001704   0x08001704   0x00000040   Code   RO         6070    i.BSP_AUDIO_IN_HalfTransfer_CallBack  waverecorder.o
    0x08001744   0x08001744   0x0000000e   Code   RO         6533    i.BSP_AUDIO_IN_Init  stm32746g_discovery_audio.o
    0x08001752   0x08001752   0x00000002   PAD
    0x08001754   0x08001754   0x00000098   Code   RO         6534    i.BSP_AUDIO_IN_InitEx  stm32746g_discovery_audio.o
    0x080017ec   0x080017ec   0x00000100   Code   RO         6536    i.BSP_AUDIO_IN_MspInit  stm32746g_discovery_audio.o
    0x080018ec   0x080018ec   0x00000010   Code   RO         6538    i.BSP_AUDIO_IN_Pause  stm32746g_discovery_audio.o
    0x080018fc   0x080018fc   0x00000014   Code   RO         6539    i.BSP_AUDIO_IN_Record  stm32746g_discovery_audio.o
    0x08001910   0x08001910   0x00000010   Code   RO         6540    i.BSP_AUDIO_IN_Resume  stm32746g_discovery_audio.o
    0x08001920   0x08001920   0x00000020   Code   RO         6541    i.BSP_AUDIO_IN_SetVolume  stm32746g_discovery_audio.o
    0x08001940   0x08001940   0x00000034   Code   RO         6542    i.BSP_AUDIO_IN_Stop  stm32746g_discovery_audio.o
    0x08001974   0x08001974   0x00000040   Code   RO         6071    i.BSP_AUDIO_IN_TransferComplete_CallBack  waverecorder.o
    0x080019b4   0x080019b4   0x00000058   Code   RO         6000    i.BSP_AUDIO_OUT_ClockConfig  main.o
    0x08001a0c   0x08001a0c   0x00000002   Code   RO         6547    i.BSP_AUDIO_OUT_Error_CallBack  stm32746g_discovery_audio.o
    0x08001a0e   0x08001a0e   0x00000002   PAD
    0x08001a10   0x08001a10   0x00000018   Code   RO         5833    i.BSP_AUDIO_OUT_HalfTransfer_CallBack  waveplayer.o
    0x08001a28   0x08001a28   0x00000074   Code   RO         6549    i.BSP_AUDIO_OUT_Init  stm32746g_discovery_audio.o
    0x08001a9c   0x08001a9c   0x00000138   Code   RO         6551    i.BSP_AUDIO_OUT_MspInit  stm32746g_discovery_audio.o
    0x08001bd4   0x08001bd4   0x00000024   Code   RO         6552    i.BSP_AUDIO_OUT_Pause  stm32746g_discovery_audio.o
    0x08001bf8   0x08001bf8   0x00000040   Code   RO         6553    i.BSP_AUDIO_OUT_Play  stm32746g_discovery_audio.o
    0x08001c38   0x08001c38   0x00000024   Code   RO         6554    i.BSP_AUDIO_OUT_Resume  stm32746g_discovery_audio.o
    0x08001c5c   0x08001c5c   0x00000028   Code   RO         6555    i.BSP_AUDIO_OUT_SetAudioFrameSlot  stm32746g_discovery_audio.o
    0x08001c84   0x08001c84   0x0000001c   Code   RO         6559    i.BSP_AUDIO_OUT_SetVolume  stm32746g_discovery_audio.o
    0x08001ca0   0x08001ca0   0x00000034   Code   RO         6560    i.BSP_AUDIO_OUT_Stop  stm32746g_discovery_audio.o
    0x08001cd4   0x08001cd4   0x00000018   Code   RO         5834    i.BSP_AUDIO_OUT_TransferComplete_CallBack  waveplayer.o
    0x08001cec   0x08001cec   0x00000038   Code   RO         7165    i.BSP_LCD_Clear     stm32746g_discovery_lcd.o
    0x08001d24   0x08001d24   0x0000005c   Code   RO         7166    i.BSP_LCD_ClearStringLine  stm32746g_discovery_lcd.o
    0x08001d80   0x08001d80   0x00000020   Code   RO         6001    i.BSP_LCD_ClockConfig  main.o
    0x08001da0   0x08001da0   0x00000034   Code   RO         7169    i.BSP_LCD_DisplayChar  stm32746g_discovery_lcd.o
    0x08001dd4   0x08001dd4   0x00000034   Code   RO         7171    i.BSP_LCD_DisplayOn  stm32746g_discovery_lcd.o
    0x08001e08   0x08001e08   0x000000c8   Code   RO         7172    i.BSP_LCD_DisplayStringAt  stm32746g_discovery_lcd.o
    0x08001ed0   0x08001ed0   0x0000001c   Code   RO         7173    i.BSP_LCD_DisplayStringAtLine  stm32746g_discovery_lcd.o
    0x08001eec   0x08001eec   0x00000118   Code   RO         7175    i.BSP_LCD_DrawCircle  stm32746g_discovery_lcd.o
    0x08002004   0x08002004   0x0000007c   Code   RO         7177    i.BSP_LCD_DrawHLine  stm32746g_discovery_lcd.o
    0x08002080   0x08002080   0x000000c4   Code   RO         7178    i.BSP_LCD_DrawLine  stm32746g_discovery_lcd.o
    0x08002144   0x08002144   0x00000064   Code   RO         7179    i.BSP_LCD_DrawPixel  stm32746g_discovery_lcd.o
    0x080021a8   0x080021a8   0x00000036   Code   RO         7181    i.BSP_LCD_DrawRect  stm32746g_discovery_lcd.o
    0x080021de   0x080021de   0x00000002   PAD
    0x080021e0   0x080021e0   0x00000088   Code   RO         7182    i.BSP_LCD_DrawVLine  stm32746g_discovery_lcd.o
    0x08002268   0x08002268   0x000000c4   Code   RO         7183    i.BSP_LCD_FillCircle  stm32746g_discovery_lcd.o
    0x0800232c   0x0800232c   0x00000114   Code   RO         7185    i.BSP_LCD_FillPolygon  stm32746g_discovery_lcd.o
    0x08002440   0x08002440   0x0000009c   Code   RO         7186    i.BSP_LCD_FillRect  stm32746g_discovery_lcd.o
    0x080024dc   0x080024dc   0x0000001c   Code   RO         7188    i.BSP_LCD_GetFont   stm32746g_discovery_lcd.o
    0x080024f8   0x080024f8   0x00000020   Code   RO         7190    i.BSP_LCD_GetXSize  stm32746g_discovery_lcd.o
    0x08002518   0x08002518   0x00000020   Code   RO         7191    i.BSP_LCD_GetYSize  stm32746g_discovery_lcd.o
    0x08002538   0x08002538   0x000000a4   Code   RO         7192    i.BSP_LCD_Init      stm32746g_discovery_lcd.o
    0x080025dc   0x080025dc   0x00000078   Code   RO         7193    i.BSP_LCD_LayerDefaultInit  stm32746g_discovery_lcd.o
    0x08002654   0x08002654   0x00000138   Code   RO         7196    i.BSP_LCD_MspInit   stm32746g_discovery_lcd.o
    0x0800278c   0x0800278c   0x0000000c   Code   RO         7201    i.BSP_LCD_SelectLayer  stm32746g_discovery_lcd.o
    0x08002798   0x08002798   0x0000001c   Code   RO         7202    i.BSP_LCD_SetBackColor  stm32746g_discovery_lcd.o
    0x080027b4   0x080027b4   0x0000001c   Code   RO         7205    i.BSP_LCD_SetFont   stm32746g_discovery_lcd.o
    0x080027d0   0x080027d0   0x00000018   Code   RO         7212    i.BSP_LCD_SetTextColor  stm32746g_discovery_lcd.o
    0x080027e8   0x080027e8   0x00000050   Code   RO         6807    i.BSP_LED_Init      stm32746g_discovery.o
    0x08002838   0x08002838   0x00000078   Code   RO         7084    i.BSP_SDRAM_Init    stm32746g_discovery_sdram.o
    0x080028b0   0x080028b0   0x0000008c   Code   RO         7085    i.BSP_SDRAM_Initialization_sequence  stm32746g_discovery_sdram.o
    0x0800293c   0x0800293c   0x00000168   Code   RO         7087    i.BSP_SDRAM_MspInit  stm32746g_discovery_sdram.o
    0x08002aa4   0x08002aa4   0x00000170   Code   RO         7015    i.BSP_TS_GetState   stm32746g_discovery_ts.o
    0x08002c14   0x08002c14   0x0000005c   Code   RO         7016    i.BSP_TS_Get_GestureId  stm32746g_discovery_ts.o
    0x08002c70   0x08002c70   0x0000003c   Code   RO         7020    i.BSP_TS_Init       stm32746g_discovery_ts.o
    0x08002cac   0x08002cac   0x00000002   Code   RO         5905    i.BusFault_Handler  stm32f7xx_it.o
    0x08002cae   0x08002cae   0x0000000a   Code   RO          661    i.CODEC_IO_Write    wm8994.o
    0x08002cb8   0x08002cb8   0x0000007c   Code   RO         6002    i.CPU_CACHE_Enable  main.o
    0x08002d34   0x08002d34   0x00000092   Code   RO         1944    i.DMA2D_SetConfig   stm32f7xx_hal_dma2d.o
    0x08002dc6   0x08002dc6   0x00000002   PAD
    0x08002dc8   0x08002dc8   0x0000000c   Code   RO         5906    i.DMA2_Stream4_IRQHandler  stm32f7xx_it.o
    0x08002dd4   0x08002dd4   0x0000000c   Code   RO         5907    i.DMA2_Stream7_IRQHandler  stm32f7xx_it.o
    0x08002de0   0x08002de0   0x00000028   Code   RO         5179    i.DMA_CalcBaseAndBitshift  stm32f7xx_hal_dma.o
    0x08002e08   0x08002e08   0x00000054   Code   RO         5180    i.DMA_CheckFifoParam  stm32f7xx_hal_dma.o
    0x08002e5c   0x08002e5c   0x00000028   Code   RO         5181    i.DMA_SetConfig     stm32f7xx_hal_dma.o
    0x08002e84   0x08002e84   0x00000046   Code   RO         6253    i.DeInitStateMachine  usbh_core.o
    0x08002eca   0x08002eca   0x00000002   Code   RO         5908    i.DebugMon_Handler  stm32f7xx_it.o
    0x08002ecc   0x08002ecc   0x000000b0   Code   RO         7217    i.DrawChar          stm32746g_discovery_lcd.o
    0x08002f7c   0x08002f7c   0x00000006   Code   RO          530    i.FATFS_LinkDriver  ff_gen_drv.o
    0x08002f82   0x08002f82   0x00000002   PAD
    0x08002f84   0x08002f84   0x00000040   Code   RO          531    i.FATFS_LinkDriverEx  ff_gen_drv.o
    0x08002fc4   0x08002fc4   0x0000005e   Code   RO         3623    i.FMC_SDRAM_Init    stm32f7xx_ll_fmc.o
    0x08003022   0x08003022   0x0000000c   Code   RO         3624    i.FMC_SDRAM_ProgramRefreshRate  stm32f7xx_ll_fmc.o
    0x0800302e   0x0800302e   0x00000020   Code   RO         3625    i.FMC_SDRAM_SendCommand  stm32f7xx_ll_fmc.o
    0x0800304e   0x0800304e   0x00000002   PAD
    0x08003050   0x08003050   0x0000008c   Code   RO         3627    i.FMC_SDRAM_Timing_Init  stm32f7xx_ll_fmc.o
    0x080030dc   0x080030dc   0x000000be   Code   RO         7218    i.FillTriangle      stm32746g_discovery_lcd.o
    0x0800319a   0x0800319a   0x00000002   PAD
    0x0800319c   0x0800319c   0x0000019c   Code   RO         5835    i.GetFileInfo       waveplayer.o
    0x08003338   0x08003338   0x000000a4   Code   RO         1956    i.HAL_DMA2D_ConfigLayer  stm32f7xx_hal_dma2d.o
    0x080033dc   0x080033dc   0x0000005a   Code   RO         1964    i.HAL_DMA2D_Init    stm32f7xx_hal_dma2d.o
    0x08003436   0x08003436   0x00000002   Code   RO         1967    i.HAL_DMA2D_MspInit  stm32f7xx_hal_dma2d.o
    0x08003438   0x08003438   0x0000010c   Code   RO         1968    i.HAL_DMA2D_PollForTransfer  stm32f7xx_hal_dma2d.o
    0x08003544   0x08003544   0x00000034   Code   RO         1971    i.HAL_DMA2D_Start   stm32f7xx_hal_dma2d.o
    0x08003578   0x08003578   0x00000092   Code   RO         5182    i.HAL_DMA_Abort     stm32f7xx_hal_dma.o
    0x0800360a   0x0800360a   0x00000062   Code   RO         5184    i.HAL_DMA_DeInit    stm32f7xx_hal_dma.o
    0x0800366c   0x0800366c   0x000001a0   Code   RO         5187    i.HAL_DMA_IRQHandler  stm32f7xx_hal_dma.o
    0x0800380c   0x0800380c   0x000000e4   Code   RO         5188    i.HAL_DMA_Init      stm32f7xx_hal_dma.o
    0x080038f0   0x080038f0   0x0000007a   Code   RO         5192    i.HAL_DMA_Start_IT  stm32f7xx_hal_dma.o
    0x0800396a   0x0800396a   0x00000002   PAD
    0x0800396c   0x0800396c   0x00000024   Code   RO         3831    i.HAL_Delay         stm32f7xx_hal.o
    0x08003990   0x08003990   0x000001d8   Code   RO         3761    i.HAL_GPIO_Init     stm32f7xx_hal_gpio.o
    0x08003b68   0x08003b68   0x0000000a   Code   RO         3765    i.HAL_GPIO_WritePin  stm32f7xx_hal_gpio.o
    0x08003b72   0x08003b72   0x00000002   PAD
    0x08003b74   0x08003b74   0x0000000c   Code   RO         3839    i.HAL_GetTick       stm32f7xx_hal.o
    0x08003b80   0x08003b80   0x00000008   Code   RO         5668    i.HAL_HCD_Connect_Callback  usbh_conf.o
    0x08003b88   0x08003b88   0x00000008   Code   RO         5669    i.HAL_HCD_Disconnect_Callback  usbh_conf.o
    0x08003b90   0x08003b90   0x00000006   Code   RO         2801    i.HAL_HCD_GetCurrentFrame  stm32f7xx_hal_hcd.o
    0x08003b96   0x08003b96   0x00000006   Code   RO         2802    i.HAL_HCD_GetCurrentSpeed  stm32f7xx_hal_hcd.o
    0x08003b9c   0x08003b9c   0x0000000e   Code   RO         2805    i.HAL_HCD_HC_GetURBState  stm32f7xx_hal_hcd.o
    0x08003baa   0x08003baa   0x0000000c   Code   RO         2806    i.HAL_HCD_HC_GetXferCount  stm32f7xx_hal_hcd.o
    0x08003bb6   0x08003bb6   0x00000024   Code   RO         2807    i.HAL_HCD_HC_Halt   stm32f7xx_hal_hcd.o
    0x08003bda   0x08003bda   0x00000076   Code   RO         2808    i.HAL_HCD_HC_Init   stm32f7xx_hal_hcd.o
    0x08003c50   0x08003c50   0x00000002   Code   RO         5670    i.HAL_HCD_HC_NotifyURBChange_Callback  usbh_conf.o
    0x08003c52   0x08003c52   0x00000002   PAD
    0x08003c54   0x08003c54   0x00000094   Code   RO         2810    i.HAL_HCD_HC_SubmitRequest  stm32f7xx_hal_hcd.o
    0x08003ce8   0x08003ce8   0x00000132   Code   RO         2811    i.HAL_HCD_IRQHandler  stm32f7xx_hal_hcd.o
    0x08003e1a   0x08003e1a   0x00000068   Code   RO         2812    i.HAL_HCD_Init      stm32f7xx_hal_hcd.o
    0x08003e82   0x08003e82   0x00000002   PAD
    0x08003e84   0x08003e84   0x000001a0   Code   RO         5672    i.HAL_HCD_MspInit   usbh_conf.o
    0x08004024   0x08004024   0x00000008   Code   RO         5673    i.HAL_HCD_PortDisabled_Callback  usbh_conf.o
    0x0800402c   0x0800402c   0x00000008   Code   RO         5674    i.HAL_HCD_PortEnabled_Callback  usbh_conf.o
    0x08004034   0x08004034   0x00000006   Code   RO         2817    i.HAL_HCD_ResetPort  stm32f7xx_hal_hcd.o
    0x0800403a   0x0800403a   0x00000008   Code   RO         5675    i.HAL_HCD_SOF_Callback  usbh_conf.o
    0x08004042   0x08004042   0x0000002c   Code   RO         2819    i.HAL_HCD_Start     stm32f7xx_hal_hcd.o
    0x0800406e   0x0800406e   0x00000024   Code   RO         2820    i.HAL_HCD_Stop      stm32f7xx_hal_hcd.o
    0x08004092   0x08004092   0x00000034   Code   RO          955    i.HAL_I2C_DeInit    stm32f7xx_hal_i2c.o
    0x080040c6   0x080040c6   0x00000006   Code   RO          963    i.HAL_I2C_GetState  stm32f7xx_hal_i2c.o
    0x080040cc   0x080040cc   0x000000b8   Code   RO          964    i.HAL_I2C_Init      stm32f7xx_hal_i2c.o
    0x08004184   0x08004184   0x00000170   Code   RO          980    i.HAL_I2C_Mem_Read  stm32f7xx_hal_i2c.o
    0x080042f4   0x080042f4   0x00000168   Code   RO          983    i.HAL_I2C_Mem_Write  stm32f7xx_hal_i2c.o
    0x0800445c   0x0800445c   0x00000002   Code   RO          986    i.HAL_I2C_MspDeInit  stm32f7xx_hal_i2c.o
    0x0800445e   0x0800445e   0x00000002   Code   RO          987    i.HAL_I2C_MspInit   stm32f7xx_hal_i2c.o
    0x08004460   0x08004460   0x00000010   Code   RO         3845    i.HAL_IncTick       stm32f7xx_hal.o
    0x08004470   0x08004470   0x00000024   Code   RO         3846    i.HAL_Init          stm32f7xx_hal.o
    0x08004494   0x08004494   0x00000040   Code   RO         3847    i.HAL_InitTick      stm32f7xx_hal.o
    0x080044d4   0x080044d4   0x00000052   Code   RO         1690    i.HAL_LTDC_ConfigLayer  stm32f7xx_hal_ltdc.o
    0x08004526   0x08004526   0x00000006   Code   RO         1705    i.HAL_LTDC_GetState  stm32f7xx_hal_ltdc.o
    0x0800452c   0x0800452c   0x00000100   Code   RO         1707    i.HAL_LTDC_Init     stm32f7xx_hal_ltdc.o
    0x0800462c   0x0800462c   0x00000002   Code   RO         1710    i.HAL_LTDC_MspInit  stm32f7xx_hal_ltdc.o
    0x0800462e   0x0800462e   0x00000002   Code   RO         3849    i.HAL_MspInit       stm32f7xx_hal.o
    0x08004630   0x08004630   0x0000001a   Code   RO         5049    i.HAL_NVIC_EnableIRQ  stm32f7xx_hal_cortex.o
    0x0800464a   0x0800464a   0x00000002   PAD
    0x0800464c   0x0800464c   0x00000040   Code   RO         5055    i.HAL_NVIC_SetPriority  stm32f7xx_hal_cortex.o
    0x0800468c   0x0800468c   0x00000024   Code   RO         5056    i.HAL_NVIC_SetPriorityGrouping  stm32f7xx_hal_cortex.o
    0x080046b0   0x080046b0   0x0000006c   Code   RO         4209    i.HAL_PWREx_EnableOverDrive  stm32f7xx_hal_pwr_ex.o
    0x0800471c   0x0800471c   0x00000134   Code   RO         4023    i.HAL_RCCEx_GetPeriphCLKConfig  stm32f7xx_hal_rcc_ex.o
    0x08004850   0x08004850   0x00000120   Code   RO         4024    i.HAL_RCCEx_GetPeriphCLKFreq  stm32f7xx_hal_rcc_ex.o
    0x08004970   0x08004970   0x000004fc   Code   RO         4025    i.HAL_RCCEx_PeriphCLKConfig  stm32f7xx_hal_rcc_ex.o
    0x08004e6c   0x08004e6c   0x0000012c   Code   RO         2697    i.HAL_RCC_ClockConfig  stm32f7xx_hal_rcc.o
    0x08004f98   0x08004f98   0x00000064   Code   RO         2706    i.HAL_RCC_GetSysClockFreq  stm32f7xx_hal_rcc.o
    0x08004ffc   0x08004ffc   0x00000338   Code   RO         2709    i.HAL_RCC_OscConfig  stm32f7xx_hal_rcc.o
    0x08005334   0x08005334   0x00000026   Code   RO         1423    i.HAL_SAI_DMAPause  stm32f7xx_hal_sai.o
    0x0800535a   0x0800535a   0x00000036   Code   RO         1424    i.HAL_SAI_DMAResume  stm32f7xx_hal_sai.o
    0x08005390   0x08005390   0x00000092   Code   RO         1425    i.HAL_SAI_DMAStop   stm32f7xx_hal_sai.o
    0x08005422   0x08005422   0x00000042   Code   RO         1426    i.HAL_SAI_DeInit    stm32f7xx_hal_sai.o
    0x08005464   0x08005464   0x00000034   Code   RO         6562    i.HAL_SAI_ErrorCallback  stm32746g_discovery_audio.o
    0x08005498   0x08005498   0x00000006   Code   RO         1433    i.HAL_SAI_GetState  stm32f7xx_hal_sai.o
    0x0800549e   0x0800549e   0x00000002   PAD
    0x080054a0   0x080054a0   0x000001e8   Code   RO         1435    i.HAL_SAI_Init      stm32f7xx_hal_sai.o
    0x08005688   0x08005688   0x00000002   Code   RO         1437    i.HAL_SAI_MspDeInit  stm32f7xx_hal_sai.o
    0x0800568a   0x0800568a   0x00000002   Code   RO         1438    i.HAL_SAI_MspInit   stm32f7xx_hal_sai.o
    0x0800568c   0x0800568c   0x000000ac   Code   RO         1440    i.HAL_SAI_Receive_DMA  stm32f7xx_hal_sai.o
    0x08005738   0x08005738   0x00000008   Code   RO         6563    i.HAL_SAI_RxCpltCallback  stm32746g_discovery_audio.o
    0x08005740   0x08005740   0x00000008   Code   RO         6564    i.HAL_SAI_RxHalfCpltCallback  stm32746g_discovery_audio.o
    0x08005748   0x08005748   0x000000ac   Code   RO         1445    i.HAL_SAI_Transmit_DMA  stm32f7xx_hal_sai.o
    0x080057f4   0x080057f4   0x00000008   Code   RO         6565    i.HAL_SAI_TxCpltCallback  stm32746g_discovery_audio.o
    0x080057fc   0x080057fc   0x00000008   Code   RO         6566    i.HAL_SAI_TxHalfCpltCallback  stm32746g_discovery_audio.o
    0x08005804   0x08005804   0x00000042   Code   RO         2546    i.HAL_SDRAM_Init    stm32f7xx_hal_sdram.o
    0x08005846   0x08005846   0x00000002   Code   RO         2548    i.HAL_SDRAM_MspInit  stm32f7xx_hal_sdram.o
    0x08005848   0x08005848   0x00000022   Code   RO         2549    i.HAL_SDRAM_ProgramRefreshRate  stm32f7xx_hal_sdram.o
    0x0800586a   0x0800586a   0x00000002   PAD
    0x0800586c   0x0800586c   0x00000030   Code   RO         2555    i.HAL_SDRAM_SendCommand  stm32f7xx_hal_sdram.o
    0x0800589c   0x0800589c   0x00000026   Code   RO         5060    i.HAL_SYSTICK_Config  stm32f7xx_hal_cortex.o
    0x080058c2   0x080058c2   0x00000002   PAD
    0x080058c4   0x080058c4   0x00000234   Code   RO         2821    i.HCD_HC_IN_IRQHandler  stm32f7xx_hal_hcd.o
    0x08005af8   0x08005af8   0x0000023a   Code   RO         2822    i.HCD_HC_OUT_IRQHandler  stm32f7xx_hal_hcd.o
    0x08005d32   0x08005d32   0x000000b8   Code   RO         2823    i.HCD_Port_IRQHandler  stm32f7xx_hal_hcd.o
    0x08005dea   0x08005dea   0x00000002   PAD
    0x08005dec   0x08005dec   0x00000074   Code   RO         2824    i.HCD_RXQLVL_IRQHandler  stm32f7xx_hal_hcd.o
    0x08005e60   0x08005e60   0x00000002   Code   RO         5909    i.HardFault_Handler  stm32f7xx_it.o
    0x08005e62   0x08005e62   0x00000022   Code   RO         1006    i.I2C_Flush_TXDR    stm32f7xx_hal_i2c.o
    0x08005e84   0x08005e84   0x0000007c   Code   RO         1014    i.I2C_IsAcknowledgeFailed  stm32f7xx_hal_i2c.o
    0x08005f00   0x08005f00   0x00000070   Code   RO         1017    i.I2C_RequestMemoryRead  stm32f7xx_hal_i2c.o
    0x08005f70   0x08005f70   0x00000070   Code   RO         1018    i.I2C_RequestMemoryWrite  stm32f7xx_hal_i2c.o
    0x08005fe0   0x08005fe0   0x0000002c   Code   RO         1021    i.I2C_TransferConfig  stm32f7xx_hal_i2c.o
    0x0800600c   0x0800600c   0x00000052   Code   RO         1022    i.I2C_WaitOnFlagUntilTimeout  stm32f7xx_hal_i2c.o
    0x0800605e   0x0800605e   0x00000050   Code   RO         1024    i.I2C_WaitOnSTOPFlagUntilTimeout  stm32f7xx_hal_i2c.o
    0x080060ae   0x080060ae   0x00000054   Code   RO         1025    i.I2C_WaitOnTXISFlagUntilTimeout  stm32f7xx_hal_i2c.o
    0x08006102   0x08006102   0x00000012   Code   RO         6822    i.I2Cx_Error        stm32746g_discovery.o
    0x08006114   0x08006114   0x00000050   Code   RO         6823    i.I2Cx_Init         stm32746g_discovery.o
    0x08006164   0x08006164   0x00000124   Code   RO         6824    i.I2Cx_MspInit      stm32746g_discovery.o
    0x08006288   0x08006288   0x0000002a   Code   RO         6825    i.I2Cx_ReadMultiple  stm32746g_discovery.o
    0x080062b2   0x080062b2   0x0000002a   Code   RO         6826    i.I2Cx_WriteMultiple  stm32746g_discovery.o
    0x080062dc   0x080062dc   0x00000014   Code   RO         5514    i.LCD_ClearTextZone  menu.o
    0x080062f0   0x080062f0   0x00000024   Code   RO         7608    i.LCD_LOG_DeInit    lcd_log.o
    0x08006314   0x08006314   0x00000012   Code   RO         7609    i.LCD_LOG_Init      lcd_log.o
    0x08006326   0x08006326   0x00000002   PAD
    0x08006328   0x08006328   0x00000068   Code   RO         7613    i.LCD_LOG_SetHeader  lcd_log.o
    0x08006390   0x08006390   0x00000084   Code   RO         7614    i.LCD_LOG_UpdateDisplay  lcd_log.o
    0x08006414   0x08006414   0x00000080   Code   RO         7220    i.LL_FillBuffer     stm32746g_discovery_lcd.o
    0x08006494   0x08006494   0x000001d0   Code   RO         1726    i.LTDC_SetConfig    stm32f7xx_hal_ltdc.o
    0x08006664   0x08006664   0x00000002   Code   RO         5910    i.MemManage_Handler  stm32f7xx_it.o
    0x08006666   0x08006666   0x00000002   Code   RO         5911    i.NMI_Handler       stm32f7xx_it.o
    0x08006668   0x08006668   0x0000000c   Code   RO         5912    i.OTG_FS_IRQHandler  stm32f7xx_it.o
    0x08006674   0x08006674   0x00000002   Code   RO         5913    i.PendSV_Handler    stm32f7xx_it.o
    0x08006676   0x08006676   0x00000044   Code   RO         1450    i.SAI_DMAError      stm32f7xx_hal_sai.o
    0x080066ba   0x080066ba   0x0000003a   Code   RO         1451    i.SAI_DMARxCplt     stm32f7xx_hal_sai.o
    0x080066f4   0x080066f4   0x0000000a   Code   RO         1452    i.SAI_DMARxHalfCplt  stm32f7xx_hal_sai.o
    0x080066fe   0x080066fe   0x0000003c   Code   RO         1453    i.SAI_DMATxCplt     stm32f7xx_hal_sai.o
    0x0800673a   0x0800673a   0x0000000a   Code   RO         1454    i.SAI_DMATxHalfCplt  stm32f7xx_hal_sai.o
    0x08006744   0x08006744   0x00000040   Code   RO         1455    i.SAI_Disable       stm32f7xx_hal_sai.o
    0x08006784   0x08006784   0x00000032   Code   RO         1459    i.SAI_InterruptFlag  stm32f7xx_hal_sai.o
    0x080067b6   0x080067b6   0x00000002   PAD
    0x080067b8   0x080067b8   0x0000001c   Code   RO         6567    i.SAIx_In_DeInit    stm32746g_discovery_audio.o
    0x080067d4   0x080067d4   0x000000d0   Code   RO         6568    i.SAIx_In_Init      stm32746g_discovery_audio.o
    0x080068a4   0x080068a4   0x0000001c   Code   RO         6569    i.SAIx_Out_DeInit   stm32746g_discovery_audio.o
    0x080068c0   0x080068c0   0x00000068   Code   RO         6570    i.SAIx_Out_Init     stm32746g_discovery_audio.o
    0x08006928   0x08006928   0x00000002   Code   RO         5914    i.SVC_Handler       stm32f7xx_it.o
    0x0800692a   0x0800692a   0x00000004   Code   RO         5915    i.SysTick_Handler   stm32f7xx_it.o
    0x0800692e   0x0800692e   0x00000078   Code   RO         6003    i.SystemClock_Config  main.o
    0x080069a6   0x080069a6   0x00000002   PAD
    0x080069a8   0x080069a8   0x00000054   Code   RO            5    i.SystemInit        system_stm32f7xx.o
    0x080069fc   0x080069fc   0x00000004   Code   RO         6827    i.TS_IO_Delay       stm32746g_discovery.o
    0x08006a00   0x08006a00   0x0000000c   Code   RO         6828    i.TS_IO_Init        stm32746g_discovery.o
    0x08006a0c   0x08006a0c   0x00000028   Code   RO         6829    i.TS_IO_Read        stm32746g_discovery.o
    0x08006a34   0x08006a34   0x00000020   Code   RO         6830    i.TS_IO_Write       stm32746g_discovery.o
    0x08006a54   0x08006a54   0x00000034   Code   RO         6481    i.USBH_AllocPipe    usbh_pipes.o
    0x08006a88   0x08006a88   0x00000020   Code   RO         6181    i.USBH_BulkReceiveData  usbh_ioreq.o
    0x08006aa8   0x08006aa8   0x00000028   Code   RO         6182    i.USBH_BulkSendData  usbh_ioreq.o
    0x08006ad0   0x08006ad0   0x0000000a   Code   RO         6482    i.USBH_ClosePipe    usbh_pipes.o
    0x08006ada   0x08006ada   0x00000022   Code   RO         6387    i.USBH_ClrFeature   usbh_ctlreq.o
    0x08006afc   0x08006afc   0x0000001e   Code   RO         6183    i.USBH_CtlReceiveData  usbh_ioreq.o
    0x08006b1a   0x08006b1a   0x0000003c   Code   RO         6388    i.USBH_CtlReq       usbh_ctlreq.o
    0x08006b56   0x08006b56   0x00000028   Code   RO         6184    i.USBH_CtlSendData  usbh_ioreq.o
    0x08006b7e   0x08006b7e   0x0000001e   Code   RO         6185    i.USBH_CtlSendSetup  usbh_ioreq.o
    0x08006b9c   0x08006b9c   0x00000004   Code   RO         5676    i.USBH_Delay        usbh_conf.o
    0x08006ba0   0x08006ba0   0x0000003c   Code   RO         6255    i.USBH_FindInterface  usbh_core.o
    0x08006bdc   0x08006bdc   0x00000018   Code   RO         6483    i.USBH_FreePipe     usbh_pipes.o
    0x08006bf4   0x08006bf4   0x00000034   Code   RO         6389    i.USBH_GetDescriptor  usbh_ctlreq.o
    0x08006c28   0x08006c28   0x0000000e   Code   RO         6390    i.USBH_GetNextDesc  usbh_ctlreq.o
    0x08006c36   0x08006c36   0x0000002c   Code   RO         6391    i.USBH_Get_CfgDesc  usbh_ctlreq.o
    0x08006c62   0x08006c62   0x00000084   Code   RO         6392    i.USBH_Get_DevDesc  usbh_ctlreq.o
    0x08006ce6   0x08006ce6   0x00000048   Code   RO         6393    i.USBH_Get_StringDesc  usbh_ctlreq.o
    0x08006d2e   0x08006d2e   0x00000002   PAD
    0x08006d30   0x08006d30   0x000001ac   Code   RO         6394    i.USBH_HandleControl  usbh_ctlreq.o
    0x08006edc   0x08006edc   0x00000230   Code   RO         6258    i.USBH_HandleEnum   usbh_core.o
    0x0800710c   0x0800710c   0x00000064   Code   RO         6259    i.USBH_Init         usbh_core.o
    0x08007170   0x08007170   0x0000000e   Code   RO         5677    i.USBH_LL_ClosePipe  usbh_conf.o
    0x0800717e   0x0800717e   0x0000002a   Code   RO         6261    i.USBH_LL_Connect   usbh_core.o
    0x080071a8   0x080071a8   0x00000060   Code   RO         6262    i.USBH_LL_Disconnect  usbh_core.o
    0x08007208   0x08007208   0x00000020   Code   RO         5679    i.USBH_LL_DriverVBUS  usbh_conf.o
    0x08007228   0x08007228   0x00000008   Code   RO         5680    i.USBH_LL_GetLastXferSize  usbh_conf.o
    0x08007230   0x08007230   0x00000022   Code   RO         5681    i.USBH_LL_GetSpeed  usbh_conf.o
    0x08007252   0x08007252   0x00000002   PAD
    0x08007254   0x08007254   0x00000020   Code   RO         5682    i.USBH_LL_GetToggle  usbh_conf.o
    0x08007274   0x08007274   0x00000008   Code   RO         5683    i.USBH_LL_GetURBState  usbh_conf.o
    0x0800727c   0x0800727c   0x0000001e   Code   RO         6263    i.USBH_LL_IncTimer  usbh_core.o
    0x0800729a   0x0800729a   0x00000002   PAD
    0x0800729c   0x0800729c   0x00000044   Code   RO         5684    i.USBH_LL_Init      usbh_conf.o
    0x080072e0   0x080072e0   0x00000018   Code   RO         5685    i.USBH_LL_OpenPipe  usbh_conf.o
    0x080072f8   0x080072f8   0x00000008   Code   RO         6264    i.USBH_LL_PortDisabled  usbh_core.o
    0x08007300   0x08007300   0x00000008   Code   RO         6265    i.USBH_LL_PortEnabled  usbh_core.o
    0x08007308   0x08007308   0x0000000e   Code   RO         5686    i.USBH_LL_ResetPort  usbh_conf.o
    0x08007316   0x08007316   0x00000006   Code   RO         6266    i.USBH_LL_SetTimer  usbh_core.o
    0x0800731c   0x0800731c   0x00000024   Code   RO         5687    i.USBH_LL_SetToggle  usbh_conf.o
    0x08007340   0x08007340   0x0000000e   Code   RO         5688    i.USBH_LL_Start     usbh_conf.o
    0x0800734e   0x0800734e   0x0000000e   Code   RO         5689    i.USBH_LL_Stop      usbh_conf.o
    0x0800735c   0x0800735c   0x00000020   Code   RO         5690    i.USBH_LL_SubmitURB  usbh_conf.o
    0x0800737c   0x0800737c   0x00000020   Code   RO         5465    i.USBH_MSC_BOT_Abort  usbh_msc_bot.o
    0x0800739c   0x0800739c   0x00000024   Code   RO         5466    i.USBH_MSC_BOT_Init  usbh_msc_bot.o
    0x080073c0   0x080073c0   0x000001dc   Code   RO         5467    i.USBH_MSC_BOT_Process  usbh_msc_bot.o
    0x0800759c   0x0800759c   0x0000001c   Code   RO         5468    i.USBH_MSC_BOT_REQ_GetMaxLUN  usbh_msc_bot.o
    0x080075b8   0x080075b8   0x00000016   Code   RO         5469    i.USBH_MSC_BOT_REQ_Reset  usbh_msc_bot.o
    0x080075ce   0x080075ce   0x00000002   PAD
    0x080075d0   0x080075d0   0x000000a8   Code   RO         5374    i.USBH_MSC_ClassRequest  usbh_msc.o
    0x08007678   0x08007678   0x0000002e   Code   RO         5375    i.USBH_MSC_GetLUNInfo  usbh_msc.o
    0x080076a6   0x080076a6   0x0000004a   Code   RO         5377    i.USBH_MSC_InterfaceDeInit  usbh_msc.o
    0x080076f0   0x080076f0   0x00000134   Code   RO         5378    i.USBH_MSC_InterfaceInit  usbh_msc.o
    0x08007824   0x08007824   0x00000016   Code   RO         5379    i.USBH_MSC_IsReady  usbh_msc.o
    0x0800783a   0x0800783a   0x00000002   PAD
    0x0800783c   0x0800783c   0x00000504   Code   RO         5380    i.USBH_MSC_Process  usbh_msc.o
    0x08007d40   0x08007d40   0x00000134   Code   RO         5381    i.USBH_MSC_RdWrProcess  usbh_msc.o
    0x08007e74   0x08007e74   0x0000008a   Code   RO         5382    i.USBH_MSC_Read     usbh_msc.o
    0x08007efe   0x08007efe   0x000000d4   Code   RO         5285    i.USBH_MSC_SCSI_Inquiry  usbh_msc_scsi.o
    0x08007fd2   0x08007fd2   0x00000088   Code   RO         5286    i.USBH_MSC_SCSI_Read  usbh_msc_scsi.o
    0x0800805a   0x0800805a   0x0000007a   Code   RO         5287    i.USBH_MSC_SCSI_ReadCapacity  usbh_msc_scsi.o
    0x080080d4   0x080080d4   0x00000096   Code   RO         5288    i.USBH_MSC_SCSI_RequestSense  usbh_msc_scsi.o
    0x0800816a   0x0800816a   0x0000004e   Code   RO         5289    i.USBH_MSC_SCSI_TestUnitReady  usbh_msc_scsi.o
    0x080081b8   0x080081b8   0x00000088   Code   RO         5290    i.USBH_MSC_SCSI_Write  usbh_msc_scsi.o
    0x08008240   0x08008240   0x00000004   Code   RO         5383    i.USBH_MSC_SOFProcess  usbh_msc.o
    0x08008244   0x08008244   0x00000026   Code   RO         5384    i.USBH_MSC_UnitIsReady  usbh_msc.o
    0x0800826a   0x0800826a   0x0000008a   Code   RO         5385    i.USBH_MSC_Write    usbh_msc.o
    0x080082f4   0x080082f4   0x00000014   Code   RO         6484    i.USBH_OpenPipe     usbh_pipes.o
    0x08008308   0x08008308   0x000000da   Code   RO         6395    i.USBH_ParseCfgDesc  usbh_ctlreq.o
    0x080083e2   0x080083e2   0x00000002   PAD
    0x080083e4   0x080083e4   0x00000344   Code   RO         6267    i.USBH_Process      usbh_core.o
    0x08008728   0x08008728   0x00000080   Code   RO         6269    i.USBH_RegisterClass  usbh_core.o
    0x080087a8   0x080087a8   0x000000f0   Code   RO         6270    i.USBH_SelectInterface  usbh_core.o
    0x08008898   0x08008898   0x0000001c   Code   RO         6396    i.USBH_SetAddress   usbh_ctlreq.o
    0x080088b4   0x080088b4   0x0000001c   Code   RO         6397    i.USBH_SetCfg       usbh_ctlreq.o
    0x080088d0   0x080088d0   0x0000001c   Code   RO         6398    i.USBH_SetFeature   usbh_ctlreq.o
    0x080088ec   0x080088ec   0x00000014   Code   RO         6271    i.USBH_Start        usbh_core.o
    0x08008900   0x08008900   0x00000030   Code   RO         6004    i.USBH_UserProcess  main.o
    0x08008930   0x08008930   0x00000004   Code   RO         7545    i.USBH_initialize   usbh_diskio.o
    0x08008934   0x08008934   0x0000006c   Code   RO         7546    i.USBH_ioctl        usbh_diskio.o
    0x080089a0   0x080089a0   0x00000078   Code   RO         7547    i.USBH_read         usbh_diskio.o
    0x08008a18   0x08008a18   0x00000018   Code   RO         7548    i.USBH_status       usbh_diskio.o
    0x08008a30   0x08008a30   0x000000b4   Code   RO         7549    i.USBH_write        usbh_diskio.o
    0x08008ae4   0x08008ae4   0x00000070   Code   RO         4573    i.USB_CoreInit      stm32f7xx_ll_usb.o
    0x08008b54   0x08008b54   0x00000038   Code   RO         4574    i.USB_CoreReset     stm32f7xx_ll_usb.o
    0x08008b8c   0x08008b8c   0x0000000c   Code   RO         4581    i.USB_DisableGlobalInt  stm32f7xx_ll_usb.o
    0x08008b98   0x08008b98   0x00000024   Code   RO         4582    i.USB_DoPing        stm32f7xx_ll_usb.o
    0x08008bbc   0x08008bbc   0x0000002c   Code   RO         4583    i.USB_DriveVbus     stm32f7xx_ll_usb.o
    0x08008be8   0x08008be8   0x0000000c   Code   RO         4589    i.USB_EnableGlobalInt  stm32f7xx_ll_usb.o
    0x08008bf4   0x08008bf4   0x00000020   Code   RO         4590    i.USB_FlushRxFifo   stm32f7xx_ll_usb.o
    0x08008c14   0x08008c14   0x00000024   Code   RO         4591    i.USB_FlushTxFifo   stm32f7xx_ll_usb.o
    0x08008c38   0x08008c38   0x00000008   Code   RO         4592    i.USB_GetCurrentFrame  stm32f7xx_ll_usb.o
    0x08008c40   0x08008c40   0x0000000e   Code   RO         4594    i.USB_GetHostSpeed  stm32f7xx_ll_usb.o
    0x08008c4e   0x08008c4e   0x00000008   Code   RO         4595    i.USB_GetMode       stm32f7xx_ll_usb.o
    0x08008c56   0x08008c56   0x000000c2   Code   RO         4596    i.USB_HC_Halt       stm32f7xx_ll_usb.o
    0x08008d18   0x08008d18   0x000000fc   Code   RO         4597    i.USB_HC_Init       stm32f7xx_ll_usb.o
    0x08008e14   0x08008e14   0x00000008   Code   RO         4598    i.USB_HC_ReadInterrupt  stm32f7xx_ll_usb.o
    0x08008e1c   0x08008e1c   0x00000150   Code   RO         4599    i.USB_HC_StartXfer  stm32f7xx_ll_usb.o
    0x08008f6c   0x08008f6c   0x000000c4   Code   RO         4600    i.USB_HostInit      stm32f7xx_ll_usb.o
    0x08009030   0x08009030   0x00000038   Code   RO         4601    i.USB_InitFSLSPClkSel  stm32f7xx_ll_usb.o
    0x08009068   0x08009068   0x00000008   Code   RO         4606    i.USB_ReadInterrupts  stm32f7xx_ll_usb.o
    0x08009070   0x08009070   0x0000001c   Code   RO         4607    i.USB_ReadPacket    stm32f7xx_ll_usb.o
    0x0800908c   0x0800908c   0x00000032   Code   RO         4608    i.USB_ResetPort     stm32f7xx_ll_usb.o
    0x080090be   0x080090be   0x0000002e   Code   RO         4609    i.USB_SetCurrentMode  stm32f7xx_ll_usb.o
    0x080090ec   0x080090ec   0x0000007e   Code   RO         4613    i.USB_StopHost      stm32f7xx_ll_usb.o
    0x0800916a   0x0800916a   0x00000024   Code   RO         4614    i.USB_WritePacket   stm32f7xx_ll_usb.o
    0x0800918e   0x0800918e   0x00000002   Code   RO         5916    i.UsageFault_Handler  stm32f7xx_it.o
    0x08009190   0x08009190   0x00000040   Code   RO         6072    i.WavProcess_EncInit  waverecorder.o
    0x080091d0   0x080091d0   0x000000d2   Code   RO         6073    i.WavProcess_HeaderInit  waverecorder.o
    0x080092a2   0x080092a2   0x00000002   PAD
    0x080092a4   0x080092a4   0x00000044   Code   RO         6074    i.WavProcess_HeaderUpdate  waverecorder.o
    0x080092e8   0x080092e8   0x00000020   Code   RO         7905    i.__0printf$8       mc_w.l(printf8.o)
    0x08009308   0x08009308   0x00000028   Code   RO         7907    i.__0sprintf$8      mc_w.l(printf8.o)
    0x08009330   0x08009330   0x00000022   Code   RO         5062    i.__NVIC_SetPriority  stm32f7xx_hal_cortex.o
    0x08009352   0x08009352   0x0000000e   Code   RO         8029    i.__scatterload_copy  mc_w.l(handlers.o)
    0x08009360   0x08009360   0x00000002   Code   RO         8030    i.__scatterload_null  mc_w.l(handlers.o)
    0x08009362   0x08009362   0x0000000e   Code   RO         8031    i.__scatterload_zeroinit  mc_w.l(handlers.o)
    0x08009370   0x08009370   0x00000410   Code   RO         7912    i._printf_core      mc_w.l(printf8.o)
    0x08009780   0x08009780   0x00000024   Code   RO         7913    i._printf_post_padding  mc_w.l(printf8.o)
    0x080097a4   0x080097a4   0x0000002e   Code   RO         7914    i._printf_pre_padding  mc_w.l(printf8.o)
    0x080097d2   0x080097d2   0x0000000a   Code   RO         7916    i._sputc            mc_w.l(printf8.o)
    0x080097dc   0x080097dc   0x00000070   Code   RO          161    i.check_fs          ff.o
    0x0800984c   0x0800984c   0x00000010   Code   RO          162    i.chk_chr           ff.o
    0x0800985c   0x0800985c   0x0000005c   Code   RO          163    i.chk_lock          ff.o
    0x080098b8   0x080098b8   0x00000020   Code   RO          164    i.clear_lock        ff.o
    0x080098d8   0x080098d8   0x00000024   Code   RO          165    i.clmt_clust        ff.o
    0x080098fc   0x080098fc   0x00000018   Code   RO          166    i.clust2sect        ff.o
    0x08009914   0x08009914   0x00000080   Code   RO          167    i.cmp_lfn           ff.o
    0x08009994   0x08009994   0x000000a6   Code   RO          168    i.create_chain      ff.o
    0x08009a3a   0x08009a3a   0x00000002   PAD
    0x08009a3c   0x08009a3c   0x00000204   Code   RO          169    i.create_name       ff.o
    0x08009c40   0x08009c40   0x00000034   Code   RO          170    i.dec_lock          ff.o
    0x08009c74   0x08009c74   0x000000d2   Code   RO          171    i.dir_find          ff.o
    0x08009d46   0x08009d46   0x00000002   PAD
    0x08009d48   0x08009d48   0x000000f4   Code   RO          172    i.dir_next          ff.o
    0x08009e3c   0x08009e3c   0x000000b8   Code   RO          173    i.dir_read          ff.o
    0x08009ef4   0x08009ef4   0x000001e4   Code   RO          174    i.dir_register      ff.o
    0x0800a0d8   0x0800a0d8   0x00000082   Code   RO          176    i.dir_sdi           ff.o
    0x0800a15a   0x0800a15a   0x00000002   PAD
    0x0800a15c   0x0800a15c   0x00000028   Code   RO          483    i.disk_initialize   diskio.o
    0x0800a184   0x0800a184   0x00000018   Code   RO          484    i.disk_ioctl        diskio.o
    0x0800a19c   0x0800a19c   0x0000001c   Code   RO          485    i.disk_read         diskio.o
    0x0800a1b8   0x0800a1b8   0x00000014   Code   RO          486    i.disk_status       diskio.o
    0x0800a1cc   0x0800a1cc   0x0000001c   Code   RO          487    i.disk_write        diskio.o
    0x0800a1e8   0x0800a1e8   0x00000028   Code   RO          177    i.f_close           ff.o
    0x0800a210   0x0800a210   0x00000022   Code   RO          178    i.f_closedir        ff.o
    0x0800a232   0x0800a232   0x0000021a   Code   RO          180    i.f_lseek           ff.o
    0x0800a44c   0x0800a44c   0x00000058   Code   RO          183    i.f_mount           ff.o
    0x0800a4a4   0x0800a4a4   0x00000244   Code   RO          184    i.f_open            ff.o
    0x0800a6e8   0x0800a6e8   0x000000ac   Code   RO          185    i.f_opendir         ff.o
    0x0800a794   0x0800a794   0x00000154   Code   RO          186    i.f_read            ff.o
    0x0800a8e8   0x0800a8e8   0x00000066   Code   RO          187    i.f_readdir         ff.o
    0x0800a94e   0x0800a94e   0x0000008e   Code   RO          190    i.f_sync            ff.o
    0x0800a9dc   0x0800a9dc   0x0000018c   Code   RO          193    i.f_write           ff.o
    0x0800ab68   0x0800ab68   0x0000003c   Code   RO         6155    i.ff_convert        unicode.o
    0x0800aba4   0x0800aba4   0x00000004   Code   RO         6131    i.ff_memalloc       syscall.o
    0x0800aba8   0x0800aba8   0x00000004   Code   RO         6132    i.ff_memfree        syscall.o
    0x0800abac   0x0800abac   0x00000080   Code   RO         6156    i.ff_wtoupper       unicode.o
    0x0800ac2c   0x0800ac2c   0x00000258   Code   RO          194    i.find_volume       ff.o
    0x0800ae84   0x0800ae84   0x00000074   Code   RO          195    i.follow_path       ff.o
    0x0800aef8   0x0800aef8   0x0000010c   Code   RO         7615    i.fputc             lcd_log.o
    0x0800b004   0x0800b004   0x00000050   Code   RO         7959    i.free              mc_w.l(malloc.o)
    0x0800b054   0x0800b054   0x00000018   Code   RO          568    i.ft5336_I2C_InitializeIfRequired  ft5336.o
    0x0800b06c   0x0800b06c   0x00000010   Code   RO          569    i.ft5336_Init       ft5336.o
    0x0800b07c   0x0800b07c   0x0000003a   Code   RO          570    i.ft5336_ReadID     ft5336.o
    0x0800b0b6   0x0800b0b6   0x00000002   Code   RO          571    i.ft5336_Reset      ft5336.o
    0x0800b0b8   0x0800b0b8   0x00000002   Code   RO          572    i.ft5336_TS_ClearIT  ft5336.o
    0x0800b0ba   0x0800b0ba   0x00000002   PAD
    0x0800b0bc   0x0800b0bc   0x00000040   Code   RO          573    i.ft5336_TS_DetectTouch  ft5336.o
    0x0800b0fc   0x0800b0fc   0x0000000a   Code   RO          574    i.ft5336_TS_DisableIT  ft5336.o
    0x0800b106   0x0800b106   0x0000000a   Code   RO          575    i.ft5336_TS_EnableIT  ft5336.o
    0x0800b110   0x0800b110   0x0000001e   Code   RO          576    i.ft5336_TS_GetGestureID  ft5336.o
    0x0800b12e   0x0800b12e   0x00000002   PAD
    0x0800b130   0x0800b130   0x000000cc   Code   RO          577    i.ft5336_TS_GetTouchInfo  ft5336.o
    0x0800b1fc   0x0800b1fc   0x00000120   Code   RO          578    i.ft5336_TS_GetXY   ft5336.o
    0x0800b31c   0x0800b31c   0x00000004   Code   RO          579    i.ft5336_TS_ITStatus  ft5336.o
    0x0800b320   0x0800b320   0x00000004   Code   RO          580    i.ft5336_TS_Start   ft5336.o
    0x0800b324   0x0800b324   0x00000080   Code   RO          196    i.gen_numname       ff.o
    0x0800b3a4   0x0800b3a4   0x000000be   Code   RO          197    i.get_fat           ff.o
    0x0800b462   0x0800b462   0x00000004   Code   RO          488    i.get_fattime       diskio.o
    0x0800b466   0x0800b466   0x000000e8   Code   RO          198    i.get_fileinfo      ff.o
    0x0800b54e   0x0800b54e   0x0000003c   Code   RO          199    i.get_ldnumber      ff.o
    0x0800b58a   0x0800b58a   0x00000002   PAD
    0x0800b58c   0x0800b58c   0x00000080   Code   RO          200    i.inc_lock          ff.o
    0x0800b60c   0x0800b60c   0x00000026   Code   RO          201    i.ld_clust          ff.o
    0x0800b632   0x0800b632   0x00000016   Code   RO          202    i.ld_dword          ff.o
    0x0800b648   0x0800b648   0x0000000a   Code   RO          203    i.ld_word           ff.o
    0x0800b652   0x0800b652   0x00000002   PAD
    0x0800b654   0x0800b654   0x00000054   Code   RO         6005    i.main              main.o
    0x0800b6a8   0x0800b6a8   0x0000006c   Code   RO         7960    i.malloc            mc_w.l(malloc.o)
    0x0800b714   0x0800b714   0x00000012   Code   RO          204    i.mem_cpy           ff.o
    0x0800b726   0x0800b726   0x00000002   PAD
    0x0800b728   0x0800b728   0x0000000e   Code   RO          205    i.mem_set           ff.o
    0x0800b736   0x0800b736   0x00000032   Code   RO          206    i.move_window       ff.o
    0x0800b768   0x0800b768   0x00000074   Code   RO          207    i.pick_lfn          ff.o
    0x0800b7dc   0x0800b7dc   0x000000f0   Code   RO          208    i.put_fat           ff.o
    0x0800b8cc   0x0800b8cc   0x00000074   Code   RO          209    i.remove_chain      ff.o
    0x0800b940   0x0800b940   0x00000028   Code   RO          210    i.st_clust          ff.o
    0x0800b968   0x0800b968   0x00000010   Code   RO          211    i.st_dword          ff.o
    0x0800b978   0x0800b978   0x00000008   Code   RO          212    i.st_word           ff.o
    0x0800b980   0x0800b980   0x0000001c   Code   RO          213    i.sum_sfn           ff.o
    0x0800b99c   0x0800b99c   0x00000088   Code   RO          214    i.sync_fs           ff.o
    0x0800ba24   0x0800ba24   0x00000052   Code   RO          215    i.sync_window       ff.o
    0x0800ba76   0x0800ba76   0x00000030   Code   RO          216    i.validate          ff.o
    0x0800baa6   0x0800baa6   0x00000004   Code   RO          662    i.wm8994_DeInit     wm8994.o
    0x0800baaa   0x0800baaa   0x00000002   PAD
    0x0800baac   0x0800baac   0x00000600   Code   RO          663    i.wm8994_Init       wm8994.o
    0x0800c0ac   0x0800c0ac   0x0000001a   Code   RO          664    i.wm8994_Pause      wm8994.o
    0x0800c0c6   0x0800c0c6   0x00000006   Code   RO          665    i.wm8994_Play       wm8994.o
    0x0800c0cc   0x0800c0cc   0x00000014   Code   RO          666    i.wm8994_ReadID     wm8994.o
    0x0800c0e0   0x0800c0e0   0x0000001c   Code   RO          667    i.wm8994_Reset      wm8994.o
    0x0800c0fc   0x0800c0fc   0x00000006   Code   RO          668    i.wm8994_Resume     wm8994.o
    0x0800c102   0x0800c102   0x00000082   Code   RO          669    i.wm8994_SetFrequency  wm8994.o
    0x0800c184   0x0800c184   0x00000058   Code   RO          670    i.wm8994_SetMute    wm8994.o
    0x0800c1dc   0x0800c1dc   0x000000bc   Code   RO          671    i.wm8994_SetOutputMode  wm8994.o
    0x0800c298   0x0800c298   0x0000011c   Code   RO          672    i.wm8994_SetVolume  wm8994.o
    0x0800c3b4   0x0800c3b4   0x0000007c   Code   RO          673    i.wm8994_Stop       wm8994.o
    0x0800c430   0x0800c430   0x00000010   Data   RO            6    .constdata          system_stm32f7xx.o
    0x0800c440   0x0800c440   0x000000aa   Data   RO          218    .constdata          ff.o
    0x0800c4ea   0x0800c4ea   0x00000008   Data   RO         5194    .constdata          stm32f7xx_hal_dma.o
    0x0800c4f2   0x0800c4f2   0x00000002   PAD
    0x0800c4f4   0x0800c4f4   0x0000000c   Data   RO         5515    .constdata          menu.o
    0x0800c500   0x0800c500   0x000003ae   Data   RO         6157    .constdata          unicode.o
    0x0800c8ae   0x0800c8ae   0x00000002   PAD
    0x0800c8b0   0x0800c8b0   0x00000018   Data   RO         6832    .constdata          stm32746g_discovery.o
    0x0800c8c8   0x0800c8c8   0x00001ab8   Data   RO         7222    .constdata          stm32746g_discovery_lcd.o
    0x0800e380   0x0800e380   0x00000be0   Data   RO         7224    .constdata          stm32746g_discovery_lcd.o
    0x0800ef60   0x0800ef60   0x00000474   Data   RO         7225    .constdata          stm32746g_discovery_lcd.o
    0x0800f3d4   0x0800f3d4   0x00000014   Data   RO         7550    .constdata          usbh_diskio.o
    0x0800f3e8   0x0800f3e8   0x00000004   Data   RO         5386    .conststring        usbh_msc.o
    0x0800f3ec   0x0800f3ec   0x00000020   Data   RO         8027    Region$$Table       anon$$obj.o


    Execution Region RW_IRAM1 (Exec base: 0x20000000, Load base: 0x0800f40c, Size: 0x0000c2b8, Max: 0x00050000, ABSOLUTE, COMPRESSED[0x000000b0])

    Exec Addr    Load Addr    Size         Type   Attr      Idx    E Section Name        Object

    0x20000000   COMPRESSED   0x00000004   Data   RW            8    .data               system_stm32f7xx.o
    0x20000004   COMPRESSED   0x0000000c   Data   RW          219    .data               ff.o
    0x20000010   COMPRESSED   0x00000028   Data   RW          581    .data               ft5336.o
    0x20000038   COMPRESSED   0x00000005   Data   RW          582    .data               ft5336.o
    0x2000003d   COMPRESSED   0x00000003   PAD
    0x20000040   COMPRESSED   0x00000030   Data   RW          674    .data               wm8994.o
    0x20000070   COMPRESSED   0x0000000c   Data   RW          675    .data               wm8994.o
    0x2000007c   COMPRESSED   0x0000000c   Data   RW         3853    .data               stm32f7xx_hal.o
    0x20000088   COMPRESSED   0x00000004   Data   RW         4615    .data               stm32f7xx_ll_usb.o
    0x2000008c   COMPRESSED   0x00000020   Data   RW         5387    .data               usbh_msc.o
    0x200000ac   COMPRESSED   0x00000003   Data   RW         5516    .data               menu.o
    0x200000af   COMPRESSED   0x00000001   PAD
    0x200000b0   COMPRESSED   0x00000006   Data   RW         5618    .data               explorer.o
    0x200000b6   COMPRESSED   0x00000002   PAD
    0x200000b8   COMPRESSED   0x00000024   Data   RW         5837    .data               waveplayer.o
    0x200000dc   COMPRESSED   0x00000001   Data   RW         6007    .data               main.o
    0x200000dd   COMPRESSED   0x00000003   PAD
    0x200000e0   COMPRESSED   0x0000000c   Data   RW         6076    .data               waverecorder.o
    0x200000ec   COMPRESSED   0x00000008   Data   RW         6573    .data               stm32746g_discovery_audio.o
    0x200000f4   COMPRESSED   0x0000000c   Data   RW         7023    .data               stm32746g_discovery_ts.o
    0x20000100   COMPRESSED   0x00000002   Data   RW         7094    .data               stm32746g_discovery_sdram.o
    0x20000102   COMPRESSED   0x00000002   PAD
    0x20000104   COMPRESSED   0x0000000c   Data   RW         7227    .data               stm32746g_discovery_lcd.o
    0x20000110   COMPRESSED   0x00000008   Data   RW         7229    .data               stm32746g_discovery_lcd.o
    0x20000118   COMPRESSED   0x00000008   Data   RW         7230    .data               stm32746g_discovery_lcd.o
    0x20000120   COMPRESSED   0x00000014   Data   RW         7617    .data               lcd_log.o
    0x20000134   COMPRESSED   0x00000004   Data   RW         8001    .data               mc_w.l(stdout.o)
    0x20000138   COMPRESSED   0x00000004   Data   RW         8008    .data               mc_w.l(mvars.o)
    0x2000013c   COMPRESSED   0x00000004   Data   RW         8009    .data               mc_w.l(mvars.o)
    0x20000140        -       0x00000020   Zero   RW          217    .bss                ff.o
    0x20000160        -       0x00000010   Zero   RW          534    .bss                ff_gen_drv.o
    0x20000170        -       0x0000060e   Zero   RW         5617    .bss                explorer.o
    0x2000077e   COMPRESSED   0x00000002   PAD
    0x20000780        -       0x000002c0   Zero   RW         5691    .bss                usbh_conf.o
    0x20000a40        -       0x00002290   Zero   RW         5836    .bss                waveplayer.o
    0x20002cd0        -       0x0000033c   Zero   RW         6006    .bss                main.o
    0x2000300c        -       0x00004868   Zero   RW         6075    .bss                waverecorder.o
    0x20007874        -       0x00000228   Zero   RW         6571    .bss                stm32746g_discovery_audio.o
    0x20007a9c        -       0x00000098   Zero   RW         6831    .bss                stm32746g_discovery.o
    0x20007b34        -       0x00000028   Zero   RW         7022    .bss                stm32746g_discovery_ts.o
    0x20007b5c        -       0x00000120   Zero   RW         7093    .bss                stm32746g_discovery_sdram.o
    0x20007c7c        -       0x00000184   Zero   RW         7221    .bss                stm32746g_discovery_lcd.o
    0x20007e00        -       0x000038b8   Zero   RW         7616    .bss                lcd_log.o
    0x2000b6b8        -       0x00000400   Zero   RW         6521    HEAP                startup_stm32f746xx.o
    0x2000bab8        -       0x00000800   Zero   RW         6520    STACK               startup_stm32f746xx.o


==============================================================================

Image component sizes


      Code (inc. data)   RO Data    RW Data    ZI Data      Debug   Object Name

       144         26          0          0          0       5955   diskio.o
       708        272          0          6       1550       7315   explorer.o
      7294        104        170         12         32      61085   ff.o
        70          4          0          0         16       1995   ff_gen_drv.o
       716         38          0         45          0      17763   ft5336.o
       558         34          0         20      14520       6081   lcd_log.o
       660        122          0          1        828      43611   main.o
       600        138         12          3          0      20924   menu.o
        36          8        456          0       3072        884   startup_stm32f746xx.o
       764         90         24          0        152      13311   stm32746g_discovery.o
      1698        194          0          8        552      23375   stm32746g_discovery_audio.o
      3272        252      11020         28        388      34518   stm32746g_discovery_lcd.o
       620         56          0          2        288       5136   stm32746g_discovery_sdram.o
       520         22          0         12         40       4075   stm32746g_discovery_ts.o
       166         28          0         12          0       5359   stm32f7xx_hal.o
       198         12          0          0          0      39675   stm32f7xx_hal_cortex.o
      1174         16          8          0          0       8488   stm32f7xx_hal_dma.o
       722          6          0          0          0       6451   stm32f7xx_hal_dma2d.o
       482         54          0          0          0       2920   stm32f7xx_hal_gpio.o
      2270          6          0          0          0      15549   stm32f7xx_hal_hcd.o
      1646         36          0          0          0      16292   stm32f7xx_hal_i2c.o
       810          4          0          0          0       4890   stm32f7xx_hal_ltdc.o
       108          8          0          0          0       1500   stm32f7xx_hal_pwr_ex.o
      1224         44          0          0          0       4374   stm32f7xx_hal_rcc.o
      1872         46          0          0          0       4620   stm32f7xx_hal_rcc_ex.o
      1466         50          0          0          0      14463   stm32f7xx_hal_sai.o
       150          0          0          0          0       3828   stm32f7xx_hal_sdram.o
        56         14          0          0          0       6442   stm32f7xx_it.o
       278          6          0          0          0       3936   stm32f7xx_ll_fmc.o
      1706         52          0          4          0      20745   stm32f7xx_ll_usb.o
         8          0          0          0          0       1999   syscall.o
        84         16         16          4          0     855187   system_stm32f7xx.o
       188         24        942          0          0       2651   unicode.o
       792         48          0          0        704      14664   usbh_conf.o
      2204        738          0          0          0      13108   usbh_core.o
      1138         42          0          0          0      12142   usbh_ctlreq.o
       436        124         20          0          0       4607   usbh_diskio.o
       172          0          0          0          0       5032   usbh_ioreq.o
      2528        438          4         32          0      13116   usbh_msc.o
       594         24          0          0          0       5541   usbh_msc_bot.o
       834          0          0          0          0      20654   usbh_msc_scsi.o
       106          0          0          0          0       3918   usbh_pipes.o
      1928        372          0         36       8848      11053   waveplayer.o
      2386        368          0         12      18536       8083   waverecorder.o
      2450         26          0         60          0      13142   wm8994.o

    ----------------------------------------------------------------------
     47910       3962      12708        308      49528    1390457   Object Totals
         0          0         32          0          0          0   (incl. Generated)
        74          0          4         11          2          0   (incl. Padding)

    ----------------------------------------------------------------------

      Code (inc. data)   RO Data    RW Data    ZI Data      Debug   Library Member Name

        86          0          0          0          0          0   __dczerorl2.o
         0          0          0          0          0          0   entry.o
         0          0          0          0          0          0   entry10a.o
         0          0          0          0          0          0   entry11a.o
         8          4          0          0          0          0   entry2.o
         4          0          0          0          0          0   entry5.o
         0          0          0          0          0          0   entry7b.o
         0          0          0          0          0          0   entry8b.o
         8          4          0          0          0          0   entry9a.o
        30          0          0          0          0          0   handlers.o
        36          8          0          0          0         68   init.o
        30          0          0          0          0         68   llshl.o
        32          0          0          0          0         68   llushr.o
       188         20          0          0          0        160   malloc.o
        36          0          0          0          0         68   memcpya.o
        36          0          0          0          0        108   memseta.o
         0          0          0          8          0          0   mvars.o
      1204         60          0          0          0        504   printf8.o
         0          0          0          4          0          0   stdout.o
        24          0          0          0          0         76   strncpy.o
        36          0          0          0          0         80   strstr.o
        98          0          0          0          0         92   uldiv.o

    ----------------------------------------------------------------------
      1858         96          0         12          0       1292   Library Totals
         2          0          0          0          0          0   (incl. Padding)

    ----------------------------------------------------------------------

      Code (inc. data)   RO Data    RW Data    ZI Data      Debug   Library Name

      1856         96          0         12          0       1292   mc_w.l

    ----------------------------------------------------------------------
      1858         96          0         12          0       1292   Library Totals

    ----------------------------------------------------------------------

==============================================================================


      Code (inc. data)   RO Data    RW Data    ZI Data      Debug   

     49768       4058      12708        320      49528    1350957   Grand Totals
     49768       4058      12708        176      49528    1350957   ELF Image Totals (compressed)
     49768       4058      12708        176          0          0   ROM Totals

==============================================================================

    Total RO  Size (Code + RO Data)                62476 (  61.01kB)
    Total RW  Size (RW Data + ZI Data)             49848 (  48.68kB)
    Total ROM Size (Code + RO Data + RW Data)      62652 (  61.18kB)

==============================================================================

