<html>
<body>
<pre>
<h1>µVision Build Log</h1>
<h2>Tool Versions:</h2>
IDE-Version: µVision V5.26.2.0
Copyright (C) 2018 ARM Ltd and ARM Germany GmbH. All rights reserved.
License Information: Jose Antonio, Myself, LIC=NHY30-B43X0-662QS-LKL3A-3ST4X-JCYU3
 
Tool Versions:
Toolchain:       MDK-ARM Professional  Version: 5.26.2.0
Toolchain Path:  C:\Keil_v5\ARM\ARMCC\Bin
C Compiler:      Armcc.exe V5.06 update 6 (build 750)
Assembler:       Armasm.exe V5.06 update 6 (build 750)
Linker/Locator:  ArmLink.exe V5.06 update 6 (build 750)
Library Manager: ArmAr.exe V5.06 update 6 (build 750)
Hex Converter:   FromElf.exe V5.06 update 6 (build 750)
CPU DLL:         SARMCM3.DLL V5.26.2.0
Dialog DLL:      DCM.DLL V1.17.2.0
Target DLL:      STLink\ST-LINKIII-KEIL_SWO.dll V3.0.5.0
Dialog DLL:      TCM.DLL V1.36.1.0
 
<h2>Project:</h2>
D:\STM32_FW\STM32Cube_FW_F7_V1.12.0\Projects\STM32746G-Discovery\Applications\SEPS\P03-Video\MDK-ARM\Project.uvprojx
Project File Date:  10/23/2018

<h2>Output:</h2>
*** Using Compiler 'V5.06 update 6 (build 750)', folder: 'C:\Keil_v5\ARM\ARMCC\Bin'
Build target 'STM32F7-DISCO'
compiling ft5336.c...
compiling ov9655.c...
compiling s5k5cag.c...
compiling main.c...
compiling stm32f7xx_it.c...
compiling menu.c...
../Src/menu.c(79): warning:  #177-D: variable "video_status"  was declared but never referenced
  	uint8_t video_status = 0;
../Src/menu.c: 1 warning, 0 errors
assembling startup_stm32f746xx.s...
compiling system_stm32f7xx.c...
compiling usbh_conf.c...
compiling camerastream.c...
compiling ff.c...
compiling stm32f7xx_hal_dcmi.c...
compiling stm32f7xx_hal_sai_ex.c...
compiling stm32f7xx_hal_i2s.c...
compiling stm32f7xx_hal_dma_ex.c...
compiling stm32f7xx_hal_sai.c...
compiling stm32f7xx_hal_i2c.c...
compiling stm32f7xx_hal_ltdc.c...
compiling stm32f7xx_hal_dma2d.c...
compiling stm32f7xx_hal_uart.c...
compiling stm32f7xx_hal_sdram.c...
compiling stm32f7xx_hal_pwr.c...
compiling stm32f7xx_hal_rcc.c...
compiling stm32f7xx_ll_fmc.c...
compiling stm32f7xx_hal_hcd.c...
compiling stm32f7xx_hal_tim.c...
compiling stm32f7xx_hal.c...
compiling stm32f7xx_hal_gpio.c...
compiling stm32f7xx_hal_rcc_ex.c...
compiling stm32f7xx_hal_sram.c...
compiling stm32f7xx_hal_tim_ex.c...
compiling stm32f7xx_hal_pwr_ex.c...
compiling stm32f7xx_hal_flash_ex.c...
compiling stm32f7xx_hal_flash.c...
compiling stm32f7xx_ll_usb.c...
compiling stm32f7xx_hal_dma.c...
compiling usbh_msc_scsi.c...
compiling stm32f7xx_hal_cortex.c...
compiling syscall.c...
compiling unicode.c...
compiling usbh_ioreq.c...
compiling usbh_msc.c...
compiling usbh_msc_bot.c...
compiling usbh_pipes.c...
compiling usbh_core.c...
compiling usbh_ctlreq.c...
compiling stm32746g_discovery_ts.c...
compiling stm32746g_discovery_camera.c...
compiling stm32746g_discovery.c...
compiling usbh_diskio.c...
compiling stm32746g_discovery_sdram.c...
compiling stm32746g_discovery_lcd.c...
compiling lcd_log.c...
linking...
Program Size: Code=25540 RO-data=12464 RW-data=204 ZI-data=18508  
"STM32F7-DISCO\Exe\MiVideo.axf" - 0 Error(s), 1 Warning(s).

<h2>Software Packages used:</h2>

Package Vendor: ARM
                http://www.keil.com/pack/ARM.CMSIS.5.4.0.pack
                ARM.CMSIS.5.4.0
                CMSIS (Cortex Microcontroller Software Interface Standard)
   * Component: CORE Version: 5.1.2

Package Vendor: Keil
                http://www.keil.com/pack/Keil.STM32F7xx_DFP.2.11.0.pack
                Keil.STM32F7xx_DFP.2.11.0
                STMicroelectronics STM32F7 Series Device Support, Drivers and Examples

<h2>Collection of Component include folders:</h2>
  .\RTE\_STM32F7-DISCO
  C:\Keil_v5\ARM\PACK\ARM\CMSIS\5.4.0\CMSIS\Core\Include
  C:\Keil_v5\ARM\PACK\Keil\STM32F7xx_DFP\2.11.0\Drivers\CMSIS\Device\ST\STM32F7xx\Include

<h2>Collection of Component Files used:</h2>

   * Component: ARM::CMSIS:CORE:5.1.2
Build Time Elapsed:  00:01:50
</pre>
</body>
</html>
