Component: ARM Compiler 5.06 update 6 (build 750) Tool: armlink [4d35ed]

==============================================================================

Section Cross References

    ft5336.o(i.ft5336_I2C_InitializeIfRequired) refers to stm32746g_discovery.o(i.TS_IO_Init) for TS_IO_Init
    ft5336.o(i.ft5336_I2C_InitializeIfRequired) refers to ft5336.o(.data) for .data
    ft5336.o(i.ft5336_Init) refers to stm32746g_discovery.o(i.TS_IO_Delay) for TS_IO_Delay
    ft5336.o(i.ft5336_Init) refers to ft5336.o(i.ft5336_I2C_InitializeIfRequired) for ft5336_I2C_InitializeIfRequired
    ft5336.o(i.ft5336_ReadID) refers to ft5336.o(i.ft5336_I2C_InitializeIfRequired) for ft5336_I2C_InitializeIfRequired
    ft5336.o(i.ft5336_ReadID) refers to stm32746g_discovery.o(i.TS_IO_Read) for TS_IO_Read
    ft5336.o(i.ft5336_TS_DetectTouch) refers to stm32746g_discovery.o(i.TS_IO_Read) for TS_IO_Read
    ft5336.o(i.ft5336_TS_DetectTouch) refers to ft5336.o(.data) for .data
    ft5336.o(i.ft5336_TS_DisableIT) refers to stm32746g_discovery.o(i.TS_IO_Write) for TS_IO_Write
    ft5336.o(i.ft5336_TS_EnableIT) refers to stm32746g_discovery.o(i.TS_IO_Write) for TS_IO_Write
    ft5336.o(i.ft5336_TS_GetGestureID) refers to stm32746g_discovery.o(i.TS_IO_Read) for TS_IO_Read
    ft5336.o(i.ft5336_TS_GetTouchInfo) refers to stm32746g_discovery.o(i.TS_IO_Read) for TS_IO_Read
    ft5336.o(i.ft5336_TS_GetTouchInfo) refers to ft5336.o(.data) for .data
    ft5336.o(i.ft5336_TS_GetXY) refers to stm32746g_discovery.o(i.TS_IO_Read) for TS_IO_Read
    ft5336.o(i.ft5336_TS_GetXY) refers to ft5336.o(.data) for .data
    ft5336.o(i.ft5336_TS_Start) refers to ft5336.o(i.ft5336_TS_DisableIT) for ft5336_TS_DisableIT
    ft5336.o(.data) refers to ft5336.o(i.ft5336_Init) for ft5336_Init
    ft5336.o(.data) refers to ft5336.o(i.ft5336_ReadID) for ft5336_ReadID
    ft5336.o(.data) refers to ft5336.o(i.ft5336_Reset) for ft5336_Reset
    ft5336.o(.data) refers to ft5336.o(i.ft5336_TS_Start) for ft5336_TS_Start
    ft5336.o(.data) refers to ft5336.o(i.ft5336_TS_DetectTouch) for ft5336_TS_DetectTouch
    ft5336.o(.data) refers to ft5336.o(i.ft5336_TS_GetXY) for ft5336_TS_GetXY
    ft5336.o(.data) refers to ft5336.o(i.ft5336_TS_EnableIT) for ft5336_TS_EnableIT
    ft5336.o(.data) refers to ft5336.o(i.ft5336_TS_ClearIT) for ft5336_TS_ClearIT
    ft5336.o(.data) refers to ft5336.o(i.ft5336_TS_ITStatus) for ft5336_TS_ITStatus
    ft5336.o(.data) refers to ft5336.o(i.ft5336_TS_DisableIT) for ft5336_TS_DisableIT
    s5k5cag.o(i.s5k5cag_Config) refers to s5k5cag.o(i.s5k5cag_ConvertValue) for s5k5cag_ConvertValue
    s5k5cag.o(i.s5k5cag_Config) refers to stm32746g_discovery.o(i.CAMERA_IO_Write) for CAMERA_IO_Write
    s5k5cag.o(i.s5k5cag_Config) refers to stm32746g_discovery.o(i.CAMERA_Delay) for CAMERA_Delay
    s5k5cag.o(i.s5k5cag_Init) refers to stm32746g_discovery.o(i.CAMERA_IO_Init) for CAMERA_IO_Init
    s5k5cag.o(i.s5k5cag_Init) refers to stm32746g_discovery.o(i.CAMERA_IO_Write) for CAMERA_IO_Write
    s5k5cag.o(i.s5k5cag_Init) refers to stm32746g_discovery.o(i.CAMERA_Delay) for CAMERA_Delay
    s5k5cag.o(i.s5k5cag_Init) refers to s5k5cag.o(.constdata) for .constdata
    s5k5cag.o(i.s5k5cag_ReadID) refers to stm32746g_discovery.o(i.CAMERA_IO_Init) for CAMERA_IO_Init
    s5k5cag.o(i.s5k5cag_ReadID) refers to stm32746g_discovery.o(i.CAMERA_IO_Write) for CAMERA_IO_Write
    s5k5cag.o(i.s5k5cag_ReadID) refers to stm32746g_discovery.o(i.CAMERA_IO_Read) for CAMERA_IO_Read
    s5k5cag.o(.data) refers to s5k5cag.o(i.s5k5cag_Init) for s5k5cag_Init
    s5k5cag.o(.data) refers to s5k5cag.o(i.s5k5cag_ReadID) for s5k5cag_ReadID
    s5k5cag.o(.data) refers to s5k5cag.o(i.s5k5cag_Config) for s5k5cag_Config
    ov9655.o(i.ov9655_Config) refers to ov9655.o(i.ov9655_ConvertValue) for ov9655_ConvertValue
    ov9655.o(i.ov9655_Config) refers to stm32746g_discovery.o(i.CAMERA_IO_Write) for CAMERA_IO_Write
    ov9655.o(i.ov9655_Init) refers to stm32746g_discovery.o(i.CAMERA_IO_Init) for CAMERA_IO_Init
    ov9655.o(i.ov9655_Init) refers to stm32746g_discovery.o(i.CAMERA_IO_Write) for CAMERA_IO_Write
    ov9655.o(i.ov9655_Init) refers to stm32746g_discovery.o(i.CAMERA_Delay) for CAMERA_Delay
    ov9655.o(i.ov9655_Init) refers to ov9655.o(.constdata) for .constdata
    ov9655.o(i.ov9655_ReadID) refers to stm32746g_discovery.o(i.CAMERA_IO_Init) for CAMERA_IO_Init
    ov9655.o(i.ov9655_ReadID) refers to stm32746g_discovery.o(i.CAMERA_IO_Read) for CAMERA_IO_Read
    ov9655.o(.data) refers to ov9655.o(i.ov9655_Init) for ov9655_Init
    ov9655.o(.data) refers to ov9655.o(i.ov9655_ReadID) for ov9655_ReadID
    ov9655.o(.data) refers to ov9655.o(i.ov9655_Config) for ov9655_Config
    menu.o(i.LCD_ClearTextZone) refers to stm32746g_discovery_lcd.o(i.BSP_LCD_ClearStringLine) for BSP_LCD_ClearStringLine
    menu.o(i.VIDEO_ChangeSelectMode) refers to lcd_log.o(i.LCD_LOG_UpdateDisplay) for LCD_LOG_UpdateDisplay
[...]
    ft5336_I2C_InitializeIfRequired          0x08006045   Thumb Code    20  ft5336.o(i.ft5336_I2C_InitializeIfRequired)
    i.ft5336_Init                            0x0800605c   Section        0  ft5336.o(i.ft5336_Init)
    i.ft5336_ReadID                          0x0800606c   Section        0  ft5336.o(i.ft5336_ReadID)
    i.ft5336_Reset                           0x080060a6   Section        0  ft5336.o(i.ft5336_Reset)
    i.ft5336_TS_ClearIT                      0x080060a8   Section        0  ft5336.o(i.ft5336_TS_ClearIT)
    i.ft5336_TS_DetectTouch                  0x080060ac   Section        0  ft5336.o(i.ft5336_TS_DetectTouch)
    i.ft5336_TS_DisableIT                    0x080060ec   Section        0  ft5336.o(i.ft5336_TS_DisableIT)
    i.ft5336_TS_EnableIT                     0x080060f6   Section        0  ft5336.o(i.ft5336_TS_EnableIT)
    i.ft5336_TS_GetGestureID                 0x08006100   Section        0  ft5336.o(i.ft5336_TS_GetGestureID)
    i.ft5336_TS_GetTouchInfo                 0x08006120   Section        0  ft5336.o(i.ft5336_TS_GetTouchInfo)
    i.ft5336_TS_GetXY                        0x080061ec   Section        0  ft5336.o(i.ft5336_TS_GetXY)
    i.ft5336_TS_ITStatus                     0x0800630c   Section        0  ft5336.o(i.ft5336_TS_ITStatus)
    i.ft5336_TS_Start                        0x08006310   Section        0  ft5336.o(i.ft5336_TS_Start)
    i.init_buffer_screen                     0x08006314   Section        0  main.o(i.init_buffer_screen)
    init_buffer_screen                       0x08006315   Thumb Code    40  main.o(i.init_buffer_screen)
    i.main                                   0x0800633c   Section        0  main.o(i.main)
    i.ov9655_Config                          0x0800637c   Section        0  ov9655.o(i.ov9655_Config)
    i.ov9655_ConvertValue                    0x0800642c   Section        0  ov9655.o(i.ov9655_ConvertValue)
    ov9655_ConvertValue                      0x0800642d   Thumb Code   154  ov9655.o(i.ov9655_ConvertValue)
    i.ov9655_Init                            0x080064d8   Section        0  ov9655.o(i.ov9655_Init)
    i.ov9655_ReadID                          0x08006578   Section        0  ov9655.o(i.ov9655_ReadID)
    .constdata                               0x0800658c   Section      894  ov9655.o(.constdata)
    .constdata                               0x0800690c   Section       12  menu.o(.constdata)
    .constdata                               0x08006918   Section       16  system_stm32f7xx.o(.constdata)
    .constdata                               0x08006928   Section        8  stm32f7xx_hal_dma.o(.constdata)
    flagBitshiftOffset                       0x08006928   Data           8  stm32f7xx_hal_dma.o(.constdata)
    .constdata                               0x08006930   Section       24  stm32746g_discovery.o(.constdata)
    .constdata                               0x08006948   Section     6840  stm32746g_discovery_lcd.o(.constdata)
    .constdata                               0x08008400   Section     3040  stm32746g_discovery_lcd.o(.constdata)
    .constdata                               0x08008fe0   Section     1140  stm32746g_discovery_lcd.o(.constdata)
    .data                                    0x20000000   Section       40  ft5336.o(.data)
    .data                                    0x20000028   Section        5  ft5336.o(.data)
    coord                                    0x20000028   Data           2  ft5336.o(.data)
    ft5336_handle                            0x2000002a   Data           3  ft5336.o(.data)
    .data                                    0x20000030   Section       12  ov9655.o(.data)
    .data                                    0x2000003c   Section        2  menu.o(.data)
    .data                                    0x2000003e   Section        1  main.o(.data)
    .data                                    0x20000040   Section       20  camerastream.o(.data)
    camera_regs                              0x20000044   Data           4  camerastream.o(.data)
    camera_datapointer                       0x20000048   Data           4  camerastream.o(.data)
    lcd_datapointer                          0x2000004c   Data           4  camerastream.o(.data)
    line_number                              0x20000050   Data           4  camerastream.o(.data)
    .data                                    0x20000054   Section        4  system_stm32f7xx.o(.data)
    .data                                    0x20000058   Section       12  stm32f7xx_hal.o(.data)
    .data                                    0x20000064   Section       12  stm32746g_discovery_camera.o(.data)
    CameraCurrentResolution                  0x20000068   Data           4  stm32746g_discovery_camera.o(.data)
    CameraHwAddress                          0x2000006c   Data           4  stm32746g_discovery_camera.o(.data)
    .data                                    0x20000070   Section       24  stm32746g_discovery.o(.data)
    .data                                    0x20000088   Section       12  stm32746g_discovery_ts.o(.data)
    tsOrientation                            0x20000088   Data           1  stm32746g_discovery_ts.o(.data)
    I2cAddress                               0x20000089   Data           1  stm32746g_discovery_ts.o(.data)
    tsXBoundary                              0x2000008a   Data           2  stm32746g_discovery_ts.o(.data)
    tsYBoundary                              0x2000008c   Data           2  stm32746g_discovery_ts.o(.data)
    tsDriver                                 0x20000090   Data           4  stm32746g_discovery_ts.o(.data)
    .data                                    0x20000094   Section        2  stm32746g_discovery_sdram.o(.data)
    sdramstatus                              0x20000094   Data           1  stm32746g_discovery_sdram.o(.data)
    sdramstatus                              0x20000095   Data           1  stm32746g_discovery_sdram.o(.data)
    .data                                    0x20000098   Section       12  stm32746g_discovery_lcd.o(.data)
    ActiveLayer                              0x20000098   Data           4  stm32746g_discovery_lcd.o(.data)
    .data                                    0x200000a4   Section        8  stm32746g_discovery_lcd.o(.data)
    .data                                    0x200000ac   Section        8  stm32746g_discovery_lcd.o(.data)
    .data                                    0x200000b4   Section       20  lcd_log.o(.data)
    .data                                    0x200000c8   Section        4  stdout.o(.data)
    .bss                                     0x200000cc   Section      192  camerastream.o(.bss)
    cadena                                   0x2000010c   Data          64  camerastream.o(.bss)
    hdma2d_eval                              0x2000014c   Data          64  camerastream.o(.bss)
    .bss                                     0x2000018c   Section      704  usbh_conf.o(.bss)
    .bss                                     0x2000044c   Section      176  stm32746g_discovery_camera.o(.bss)
    hdma_handler                             0x2000044c   Data          96  stm32746g_discovery_camera.o(.bss)
    .bss                                     0x200004fc   Section      152  stm32746g_discovery.o(.bss)
    hI2cAudioHandler                         0x200004fc   Data          76  stm32746g_discovery.o(.bss)
    hI2cExtHandler                           0x20000548   Data          76  stm32746g_discovery.o(.bss)
    .bss                                     0x20000594   Section       40  stm32746g_discovery_ts.o(.bss)
    _x                                       0x20000594   Data          20  stm32746g_discovery_ts.o(.bss)
    _y                                       0x200005a8   Data          20  stm32746g_discovery_ts.o(.bss)
    .bss                                     0x200005bc   Section      288  stm32746g_discovery_sdram.o(.bss)
    dma_handle                               0x200005bc   Data          96  stm32746g_discovery_sdram.o(.bss)
    dma_handle                               0x2000061c   Data          96  stm32746g_discovery_sdram.o(.bss)
    Timing                                   0x200006b0   Data          28  stm32746g_discovery_sdram.o(.bss)
    Command                                  0x200006cc   Data          16  stm32746g_discovery_sdram.o(.bss)
    .bss                                     0x200006dc   Section      388  stm32746g_discovery_lcd.o(.bss)
    periph_clk_init_struct                   0x200006dc   Data         132  stm32746g_discovery_lcd.o(.bss)
    hDma2dHandler                            0x20000808   Data          64  stm32746g_discovery_lcd.o(.bss)
    DrawProp                                 0x20000848   Data          24  stm32746g_discovery_lcd.o(.bss)
    .bss                                     0x20000860   Section    14520  lcd_log.o(.bss)
    STACK                                    0x20004118   Section     2048  startup_stm32f746xx.o(STACK)

    Global Symbols

    Symbol Name                              Value     Ov Type        Size  Object(Section)

    BuildAttributes$$THM_ISAv4$E$P$D$K$B$S$7EM$VFPi5$EXTD16$VFPS$VFMA$PE$PLD8$A:L22UL41UL21$X:L11$S22US41US21$IEEE1$IW$USESV6$~STKCKD$USESV7$~SHL$OSPACE$ROPI$EBA8$MICROLIB$REQ8$PRES8$EABIv2 0x00000000   Number         0  anon$$obj.o ABSOLUTE
    __ARM_use_no_argv                        0x00000000   Number         0  main.o ABSOLUTE
    _printf_a                                0x00000000   Number         0  stubs.o ABSOLUTE
    _printf_c                                0x00000000   Number         0  stubs.o ABSOLUTE
    _printf_charcount                        0x00000000   Number         0  stubs.o ABSOLUTE
    _printf_d                                0x00000000   Number         0  stubs.o ABSOLUTE
    _printf_e                                0x00000000   Number         0  stubs.o ABSOLUTE
    _printf_f                                0x00000000   Number         0  stubs.o ABSOLUTE
    _printf_flags                            0x00000000   Number         0  stubs.o ABSOLUTE
    _printf_fp_dec                           0x00000000   Number         0  stubs.o ABSOLUTE
    _printf_fp_hex                           0x00000000   Number         0  stubs.o ABSOLUTE
    _printf_g                                0x00000000   Number         0  stubs.o ABSOLUTE
    _printf_i                                0x00000000   Number         0  stubs.o ABSOLUTE
    _printf_int_dec                          0x00000000   Number         0  stubs.o ABSOLUTE
    _printf_l                                0x00000000   Number         0  stubs.o ABSOLUTE
    _printf_lc                               0x00000000   Number         0  stubs.o ABSOLUTE
    _printf_ll                               0x00000000   Number         0  stubs.o ABSOLUTE
    _printf_lld                              0x00000000   Number         0  stubs.o ABSOLUTE
    _printf_lli                              0x00000000   Number         0  stubs.o ABSOLUTE
    _printf_llo                              0x00000000   Number         0  stubs.o ABSOLUTE
    _printf_llu                              0x00000000   Number         0  stubs.o ABSOLUTE
    _printf_llx                              0x00000000   Number         0  stubs.o ABSOLUTE
    _printf_longlong_dec                     0x00000000   Number         0  stubs.o ABSOLUTE
    _printf_longlong_hex                     0x00000000   Number         0  stubs.o ABSOLUTE
    _printf_longlong_oct                     0x00000000   Number         0  stubs.o ABSOLUTE
    _printf_ls                               0x00000000   Number         0  stubs.o ABSOLUTE
    _printf_mbtowc                           0x00000000   Number         0  stubs.o ABSOLUTE
    _printf_n                                0x00000000   Number         0  stubs.o ABSOLUTE
    _printf_o                                0x00000000   Number         0  stubs.o ABSOLUTE
    _printf_p                                0x00000000   Number         0  stubs.o ABSOLUTE
    _printf_percent                          0x00000000   Number         0  stubs.o ABSOLUTE
    _printf_pre_padding                      0x00000000   Number         0  stubs.o ABSOLUTE
    _printf_return_value                     0x00000000   Number         0  stubs.o ABSOLUTE
    _printf_s                                0x00000000   Number         0  stubs.o ABSOLUTE
    _printf_sizespec                         0x00000000   Number         0  stubs.o ABSOLUTE
    _printf_str                              0x00000000   Number         0  stubs.o ABSOLUTE
    _printf_truncate_signed                  0x00000000   Number         0  stubs.o ABSOLUTE
    _printf_truncate_unsigned                0x00000000   Number         0  stubs.o ABSOLUTE
    _printf_u                                0x00000000   Number         0  stubs.o ABSOLUTE
    _printf_wc                               0x00000000   Number         0  stubs.o ABSOLUTE
    _printf_wctomb                           0x00000000   Number         0  stubs.o ABSOLUTE
    _printf_widthprec                        0x00000000   Number         0  stubs.o ABSOLUTE
    _printf_x                                0x00000000   Number         0  stubs.o ABSOLUTE
    __cpp_initialize__aeabi_                  - Undefined Weak Reference
    __cxa_finalize                            - Undefined Weak Reference
    __decompress                              - Undefined Weak Reference
    _clock_init                               - Undefined Weak Reference
    _microlib_exit                            - Undefined Weak Reference
    __Vectors_Size                           0x000001c8   Number         0  startup_stm32f746xx.o ABSOLUTE
    __Vectors                                0x08000000   Data           4  startup_stm32f746xx.o(RESET)
    __Vectors_End                            0x080001c8   Data           0  startup_stm32f746xx.o(RESET)
    __main                                   0x080001c9   Thumb Code     0  entry.o(.ARM.Collect$$$$00000000)
    _main_stk                                0x080001c9   Thumb Code     0  entry2.o(.ARM.Collect$$$$00000001)
    _main_scatterload                        0x080001cd   Thumb Code     0  entry5.o(.ARM.Collect$$$$00000004)
    __main_after_scatterload                 0x080001d1   Thumb Code     0  entry5.o(.ARM.Collect$$$$00000004)
    _main_clock                              0x080001d1   Thumb Code     0  entry7b.o(.ARM.Collect$$$$00000008)
    _main_cpp_init                           0x080001d1   Thumb Code     0  entry8b.o(.ARM.Collect$$$$0000000A)
    _main_init                               0x080001d1   Thumb Code     0  entry9a.o(.ARM.Collect$$$$0000000B)
    __rt_final_cpp                           0x080001d9   Thumb Code     0  entry10a.o(.ARM.Collect$$$$0000000D)
    __rt_final_exit                          0x080001d9   Thumb Code     0  entry11a.o(.ARM.Collect$$$$0000000F)
    Reset_Handler                            0x080001dd   Thumb Code     8  startup_stm32f746xx.o(.text)
    ADC_IRQHandler                           0x080001f7   Thumb Code     0  startup_stm32f746xx.o(.text)
    CAN1_RX0_IRQHandler                      0x080001f7   Thumb Code     0  startup_stm32f746xx.o(.text)
    CAN1_RX1_IRQHandler                      0x080001f7   Thumb Code     0  startup_stm32f746xx.o(.text)
    CAN1_SCE_IRQHandler                      0x080001f7   Thumb Code     0  startup_stm32f746xx.o(.text)
    CAN1_TX_IRQHandler                       0x080001f7   Thumb Code     0  startup_stm32f746xx.o(.text)
    CAN2_RX0_IRQHandler                      0x080001f7   Thumb Code     0  startup_stm32f746xx.o(.text)
    CAN2_RX1_IRQHandler                      0x080001f7   Thumb Code     0  startup_stm32f746xx.o(.text)
    CAN2_SCE_IRQHandler                      0x080001f7   Thumb Code     0  startup_stm32f746xx.o(.text)
    CAN2_TX_IRQHandler                       0x080001f7   Thumb Code     0  startup_stm32f746xx.o(.text)
    CEC_IRQHandler                           0x080001f7   Thumb Code     0  startup_stm32f746xx.o(.text)
    DMA1_Stream0_IRQHandler                  0x080001f7   Thumb Code     0  startup_stm32f746xx.o(.text)
    DMA1_Stream1_IRQHandler                  0x080001f7   Thumb Code     0  startup_stm32f746xx.o(.text)
    DMA1_Stream2_IRQHandler                  0x080001f7   Thumb Code     0  startup_stm32f746xx.o(.text)
    DMA1_Stream3_IRQHandler                  0x080001f7   Thumb Code     0  startup_stm32f746xx.o(.text)
    DMA1_Stream4_IRQHandler                  0x080001f7   Thumb Code     0  startup_stm32f746xx.o(.text)
    DMA1_Stream5_IRQHandler                  0x080001f7   Thumb Code     0  startup_stm32f746xx.o(.text)
    DMA1_Stream6_IRQHandler                  0x080001f7   Thumb Code     0  startup_stm32f746xx.o(.text)
    DMA1_Stream7_IRQHandler                  0x080001f7   Thumb Code     0  startup_stm32f746xx.o(.text)
    DMA2D_IRQHandler                         0x080001f7   Thumb Code     0  startup_stm32f746xx.o(.text)
    DMA2_Stream0_IRQHandler                  0x080001f7   Thumb Code     0  startup_stm32f746xx.o(.text)
    DMA2_Stream2_IRQHandler                  0x080001f7   Thumb Code     0  startup_stm32f746xx.o(.text)
    DMA2_Stream3_IRQHandler                  0x080001f7   Thumb Code     0  startup_stm32f746xx.o(.text)
    DMA2_Stream4_IRQHandler                  0x080001f7   Thumb Code     0  startup_stm32f746xx.o(.text)
    DMA2_Stream5_IRQHandler                  0x080001f7   Thumb Code     0  startup_stm32f746xx.o(.text)
    DMA2_Stream6_IRQHandler                  0x080001f7   Thumb Code     0  startup_stm32f746xx.o(.text)
    DMA2_Stream7_IRQHandler                  0x080001f7   Thumb Code     0  startup_stm32f746xx.o(.text)
    ETH_IRQHandler                           0x080001f7   Thumb Code     0  startup_stm32f746xx.o(.text)
    ETH_WKUP_IRQHandler                      0x080001f7   Thumb Code     0  startup_stm32f746xx.o(.text)
    EXTI0_IRQHandler                         0x080001f7   Thumb Code     0  startup_stm32f746xx.o(.text)
    EXTI1_IRQHandler                         0x080001f7   Thumb Code     0  startup_stm32f746xx.o(.text)
    EXTI2_IRQHandler                         0x080001f7   Thumb Code     0  startup_stm32f746xx.o(.text)
    EXTI3_IRQHandler                         0x080001f7   Thumb Code     0  startup_stm32f746xx.o(.text)
    EXTI4_IRQHandler                         0x080001f7   Thumb Code     0  startup_stm32f746xx.o(.text)
    EXTI9_5_IRQHandler                       0x080001f7   Thumb Code     0  startup_stm32f746xx.o(.text)
    FLASH_IRQHandler                         0x080001f7   Thumb Code     0  startup_stm32f746xx.o(.text)
    FMC_IRQHandler                           0x080001f7   Thumb Code     0  startup_stm32f746xx.o(.text)
    FPU_IRQHandler                           0x080001f7   Thumb Code     0  startup_stm32f746xx.o(.text)
    I2C1_ER_IRQHandler                       0x080001f7   Thumb Code     0  startup_stm32f746xx.o(.text)
    I2C1_EV_IRQHandler                       0x080001f7   Thumb Code     0  startup_stm32f746xx.o(.text)
    I2C2_ER_IRQHandler                       0x080001f7   Thumb Code     0  startup_stm32f746xx.o(.text)
    I2C2_EV_IRQHandler                       0x080001f7   Thumb Code     0  startup_stm32f746xx.o(.text)
    I2C3_ER_IRQHandler                       0x080001f7   Thumb Code     0  startup_stm32f746xx.o(.text)
    I2C3_EV_IRQHandler                       0x080001f7   Thumb Code     0  startup_stm32f746xx.o(.text)
    I2C4_ER_IRQHandler                       0x080001f7   Thumb Code     0  startup_stm32f746xx.o(.text)
    I2C4_EV_IRQHandler                       0x080001f7   Thumb Code     0  startup_stm32f746xx.o(.text)
    LPTIM1_IRQHandler                        0x080001f7   Thumb Code     0  startup_stm32f746xx.o(.text)
    LTDC_ER_IRQHandler                       0x080001f7   Thumb Code     0  startup_stm32f746xx.o(.text)
    LTDC_IRQHandler                          0x080001f7   Thumb Code     0  startup_stm32f746xx.o(.text)
    OTG_FS_IRQHandler                        0x080001f7   Thumb Code     0  startup_stm32f746xx.o(.text)
    OTG_FS_WKUP_IRQHandler                   0x080001f7   Thumb Code     0  startup_stm32f746xx.o(.text)
    OTG_HS_EP1_IN_IRQHandler                 0x080001f7   Thumb Code     0  startup_stm32f746xx.o(.text)
    OTG_HS_EP1_OUT_IRQHandler                0x080001f7   Thumb Code     0  startup_stm32f746xx.o(.text)
    OTG_HS_WKUP_IRQHandler                   0x080001f7   Thumb Code     0  startup_stm32f746xx.o(.text)
    PVD_IRQHandler                           0x080001f7   Thumb Code     0  startup_stm32f746xx.o(.text)
    QUADSPI_IRQHandler                       0x080001f7   Thumb Code     0  startup_stm32f746xx.o(.text)
    RCC_IRQHandler                           0x080001f7   Thumb Code     0  startup_stm32f746xx.o(.text)
    RNG_IRQHandler                           0x080001f7   Thumb Code     0  startup_stm32f746xx.o(.text)
    RTC_Alarm_IRQHandler                     0x080001f7   Thumb Code     0  startup_stm32f746xx.o(.text)
    RTC_WKUP_IRQHandler                      0x080001f7   Thumb Code     0  startup_stm32f746xx.o(.text)
    SAI1_IRQHandler                          0x080001f7   Thumb Code     0  startup_stm32f746xx.o(.text)
    SAI2_IRQHandler                          0x080001f7   Thumb Code     0  startup_stm32f746xx.o(.text)
    SDMMC1_IRQHandler                        0x080001f7   Thumb Code     0  startup_stm32f746xx.o(.text)
    SPDIF_RX_IRQHandler                      0x080001f7   Thumb Code     0  startup_stm32f746xx.o(.text)
    SPI1_IRQHandler                          0x080001f7   Thumb Code     0  startup_stm32f746xx.o(.text)
    SPI2_IRQHandler                          0x080001f7   Thumb Code     0  startup_stm32f746xx.o(.text)
    SPI3_IRQHandler                          0x080001f7   Thumb Code     0  startup_stm32f746xx.o(.text)
    SPI4_IRQHandler                          0x080001f7   Thumb Code     0  startup_stm32f746xx.o(.text)
    SPI5_IRQHandler                          0x080001f7   Thumb Code     0  startup_stm32f746xx.o(.text)
    SPI6_IRQHandler                          0x080001f7   Thumb Code     0  startup_stm32f746xx.o(.text)
    TAMP_STAMP_IRQHandler                    0x080001f7   Thumb Code     0  startup_stm32f746xx.o(.text)
    TIM1_BRK_TIM9_IRQHandler                 0x080001f7   Thumb Code     0  startup_stm32f746xx.o(.text)
    TIM1_CC_IRQHandler                       0x080001f7   Thumb Code     0  startup_stm32f746xx.o(.text)
    TIM1_TRG_COM_TIM11_IRQHandler            0x080001f7   Thumb Code     0  startup_stm32f746xx.o(.text)
    TIM1_UP_TIM10_IRQHandler                 0x080001f7   Thumb Code     0  startup_stm32f746xx.o(.text)
    TIM2_IRQHandler                          0x080001f7   Thumb Code     0  startup_stm32f746xx.o(.text)
    TIM4_IRQHandler                          0x080001f7   Thumb Code     0  startup_stm32f746xx.o(.text)
    TIM5_IRQHandler                          0x080001f7   Thumb Code     0  startup_stm32f746xx.o(.text)
    TIM6_DAC_IRQHandler                      0x080001f7   Thumb Code     0  startup_stm32f746xx.o(.text)
    TIM7_IRQHandler                          0x080001f7   Thumb Code     0  startup_stm32f746xx.o(.text)
    TIM8_BRK_TIM12_IRQHandler                0x080001f7   Thumb Code     0  startup_stm32f746xx.o(.text)
    TIM8_CC_IRQHandler                       0x080001f7   Thumb Code     0  startup_stm32f746xx.o(.text)
    TIM8_TRG_COM_TIM14_IRQHandler            0x080001f7   Thumb Code     0  startup_stm32f746xx.o(.text)
    TIM8_UP_TIM13_IRQHandler                 0x080001f7   Thumb Code     0  startup_stm32f746xx.o(.text)
    UART4_IRQHandler                         0x080001f7   Thumb Code     0  startup_stm32f746xx.o(.text)
    UART5_IRQHandler                         0x080001f7   Thumb Code     0  startup_stm32f746xx.o(.text)
    UART7_IRQHandler                         0x080001f7   Thumb Code     0  startup_stm32f746xx.o(.text)
    UART8_IRQHandler                         0x080001f7   Thumb Code     0  startup_stm32f746xx.o(.text)
    USART1_IRQHandler                        0x080001f7   Thumb Code     0  startup_stm32f746xx.o(.text)
    USART2_IRQHandler                        0x080001f7   Thumb Code     0  startup_stm32f746xx.o(.text)
    USART3_IRQHandler                        0x080001f7   Thumb Code     0  startup_stm32f746xx.o(.text)
    USART6_IRQHandler                        0x080001f7   Thumb Code     0  startup_stm32f746xx.o(.text)
    WWDG_IRQHandler                          0x080001f7   Thumb Code     0  startup_stm32f746xx.o(.text)
    __aeabi_uldivmod                         0x08000201   Thumb Code    98  uldiv.o(.text)
    __aeabi_memcpy                           0x08000263   Thumb Code    36  memcpya.o(.text)
    __aeabi_memcpy4                          0x08000263   Thumb Code     0  memcpya.o(.text)
    __aeabi_memcpy8                          0x08000263   Thumb Code     0  memcpya.o(.text)
    __aeabi_llsl                             0x08000287   Thumb Code    30  llshl.o(.text)
    _ll_shift_l                              0x08000287   Thumb Code     0  llshl.o(.text)
    __aeabi_llsr                             0x080002a5   Thumb Code    32  llushr.o(.text)
    _ll_ushift_r                             0x080002a5   Thumb Code     0  llushr.o(.text)
    __scatterload                            0x080002c5   Thumb Code    28  init.o(.text)
    __scatterload_rt2                        0x080002c5   Thumb Code     0  init.o(.text)
    BSP_CAMERA_ContinuousStart               0x080002e9   Thumb Code    28  stm32746g_discovery_camera.o(i.BSP_CAMERA_ContinuousStart)
    BSP_CAMERA_ErrorCallback                 0x0800030d   Thumb Code     2  stm32746g_discovery_camera.o(i.BSP_CAMERA_ErrorCallback)
    BSP_CAMERA_FrameEventCallback            0x0800030f   Thumb Code     2  stm32746g_discovery_camera.o(i.BSP_CAMERA_FrameEventCallback)
    BSP_CAMERA_Init                          0x08000311   Thumb Code   130  stm32746g_discovery_camera.o(i.BSP_CAMERA_Init)
    BSP_CAMERA_LineEventCallback             0x080003a5   Thumb Code    94  camerastream.o(i.BSP_CAMERA_LineEventCallback)
    BSP_CAMERA_MspInit                       0x08000419   Thumb Code   326  stm32746g_discovery_camera.o(i.BSP_CAMERA_MspInit)
    BSP_CAMERA_PwrUp                         0x08000581   Thumb Code    70  stm32746g_discovery_camera.o(i.BSP_CAMERA_PwrUp)
    BSP_CAMERA_SnapshotStart                 0x080005d1   Thumb Code    28  stm32746g_discovery_camera.o(i.BSP_CAMERA_SnapshotStart)
    BSP_CAMERA_VsyncEventCallback            0x080005f5   Thumb Code     2  stm32746g_discovery_camera.o(i.BSP_CAMERA_VsyncEventCallback)
    BSP_LCD_Clear                            0x080005f9   Thumb Code    48  stm32746g_discovery_lcd.o(i.BSP_LCD_Clear)
    BSP_LCD_ClearStringLine                  0x08000631   Thumb Code    82  stm32746g_discovery_lcd.o(i.BSP_LCD_ClearStringLine)
    BSP_LCD_ClockConfig                      0x0800068d   Thumb Code    26  stm32746g_discovery_lcd.o(i.BSP_LCD_ClockConfig)
    BSP_LCD_DisplayChar                      0x080006ad   Thumb Code    44  stm32746g_discovery_lcd.o(i.BSP_LCD_DisplayChar)
    BSP_LCD_DisplayOn                        0x080006e1   Thumb Code    38  stm32746g_discovery_lcd.o(i.BSP_LCD_DisplayOn)
    BSP_LCD_DisplayStringAt                  0x08000715   Thumb Code   192  stm32746g_discovery_lcd.o(i.BSP_LCD_DisplayStringAt)
    BSP_LCD_DisplayStringAtLine              0x080007dd   Thumb Code    28  stm32746g_discovery_lcd.o(i.BSP_LCD_DisplayStringAtLine)
    BSP_LCD_DrawLine                         0x080007f9   Thumb Code   186  stm32746g_discovery_lcd.o(i.BSP_LCD_DrawLine)
    BSP_LCD_DrawPixel                        0x080008bd   Thumb Code    90  stm32746g_discovery_lcd.o(i.BSP_LCD_DrawPixel)
    BSP_LCD_FillPolygon                      0x08000921   Thumb Code   276  stm32746g_discovery_lcd.o(i.BSP_LCD_FillPolygon)
    BSP_LCD_FillRect                         0x08000a35   Thumb Code   148  stm32746g_discovery_lcd.o(i.BSP_LCD_FillRect)
    BSP_LCD_GetFont                          0x08000ad1   Thumb Code    18  stm32746g_discovery_lcd.o(i.BSP_LCD_GetFont)
    BSP_LCD_GetXSize                         0x08000aed   Thumb Code    22  stm32746g_discovery_lcd.o(i.BSP_LCD_GetXSize)
    BSP_LCD_GetYSize                         0x08000b0d   Thumb Code    22  stm32746g_discovery_lcd.o(i.BSP_LCD_GetYSize)
    BSP_LCD_Init                             0x08000b2d   Thumb Code   142  stm32746g_discovery_lcd.o(i.BSP_LCD_Init)
    BSP_LCD_LayerDefaultInit                 0x08000bd1   Thumb Code   112  stm32746g_discovery_lcd.o(i.BSP_LCD_LayerDefaultInit)
    BSP_LCD_MspInit                          0x08000c49   Thumb Code   286  stm32746g_discovery_lcd.o(i.BSP_LCD_MspInit)
    BSP_LCD_SelectLayer                      0x08000d81   Thumb Code     6  stm32746g_discovery_lcd.o(i.BSP_LCD_SelectLayer)
    BSP_LCD_SetBackColor                     0x08000d8d   Thumb Code    18  stm32746g_discovery_lcd.o(i.BSP_LCD_SetBackColor)
    BSP_LCD_SetColorKeying                   0x08000da9   Thumb Code    24  stm32746g_discovery_lcd.o(i.BSP_LCD_SetColorKeying)
    BSP_LCD_SetFont                          0x08000dc5   Thumb Code    18  stm32746g_discovery_lcd.o(i.BSP_LCD_SetFont)
    BSP_LCD_SetLayerVisible                  0x08000de1   Thumb Code    40  stm32746g_discovery_lcd.o(i.BSP_LCD_SetLayerVisible)
    BSP_LCD_SetLayerWindow                   0x08000e0d   Thumb Code    40  stm32746g_discovery_lcd.o(i.BSP_LCD_SetLayerWindow)
    BSP_LCD_SetTextColor                     0x08000e39   Thumb Code    16  stm32746g_discovery_lcd.o(i.BSP_LCD_SetTextColor)
    BSP_LED_Init                             0x08000e51   Thumb Code    68  stm32746g_discovery.o(i.BSP_LED_Init)
    BSP_PB_GetState                          0x08000ea1   Thumb Code    16  stm32746g_discovery.o(i.BSP_PB_GetState)
    BSP_PB_Init                              0x08000eb9   Thumb Code   128  stm32746g_discovery.o(i.BSP_PB_Init)
    BSP_SDRAM_Init                           0x08000f4d   Thumb Code   108  stm32746g_discovery_sdram.o(i.BSP_SDRAM_Init)
    BSP_SDRAM_Initialization_sequence        0x08000fc5   Thumb Code   134  stm32746g_discovery_sdram.o(i.BSP_SDRAM_Initialization_sequence)
    BSP_SDRAM_MspInit                        0x08001051   Thumb Code   322  stm32746g_discovery_sdram.o(i.BSP_SDRAM_MspInit)
    BSP_TS_GetState                          0x080011b9   Thumb Code   360  stm32746g_discovery_ts.o(i.BSP_TS_GetState)
    BSP_TS_Get_GestureId                     0x08001329   Thumb Code    88  stm32746g_discovery_ts.o(i.BSP_TS_Get_GestureId)
    BSP_TS_Init                              0x08001385   Thumb Code    50  stm32746g_discovery_ts.o(i.BSP_TS_Init)
    BusFault_Handler                         0x080013c1   Thumb Code     4  stm32f7xx_it.o(i.BusFault_Handler)
    CAMERA_Delay                             0x080013c5   Thumb Code     4  stm32746g_discovery.o(i.CAMERA_Delay)
    CAMERA_IO_Init                           0x080013c9   Thumb Code     6  stm32746g_discovery.o(i.CAMERA_IO_Init)
    CAMERA_IO_Read                           0x080013d5   Thumb Code    34  stm32746g_discovery.o(i.CAMERA_IO_Read)
    CAMERA_IO_Write                          0x080013fd   Thumb Code    26  stm32746g_discovery.o(i.CAMERA_IO_Write)
    DCMI_IRQHandler                          0x080014cd   Thumb Code    10  stm32f7xx_it.o(i.DCMI_IRQHandler)
    DMA2_Stream1_IRQHandler                  0x08001571   Thumb Code    12  stm32f7xx_it.o(i.DMA2_Stream1_IRQHandler)
    DebugMon_Handler                         0x08001643   Thumb Code     2  stm32f7xx_it.o(i.DebugMon_Handler)
    EXTI15_10_IRQHandler                     0x080016f5   Thumb Code    12  stm32f7xx_it.o(i.EXTI15_10_IRQHandler)
    FMC_SDRAM_Init                           0x08001701   Thumb Code    94  stm32f7xx_ll_fmc.o(i.FMC_SDRAM_Init)
    FMC_SDRAM_ProgramRefreshRate             0x0800175f   Thumb Code    12  stm32f7xx_ll_fmc.o(i.FMC_SDRAM_ProgramRefreshRate)
    FMC_SDRAM_SendCommand                    0x0800176b   Thumb Code    32  stm32f7xx_ll_fmc.o(i.FMC_SDRAM_SendCommand)
    FMC_SDRAM_Timing_Init                    0x0800178d   Thumb Code   134  stm32f7xx_ll_fmc.o(i.FMC_SDRAM_Timing_Init)
    HAL_DCMI_ConfigCrop                      0x08001903   Thumb Code    54  stm32f7xx_hal_dcmi.o(i.HAL_DCMI_ConfigCrop)
    HAL_DCMI_DisableCrop                     0x08001939   Thumb Code    48  stm32f7xx_hal_dcmi.o(i.HAL_DCMI_DisableCrop)
    HAL_DCMI_EnableCrop                      0x08001969   Thumb Code    48  stm32f7xx_hal_dcmi.o(i.HAL_DCMI_EnableCrop)
    HAL_DCMI_ErrorCallback                   0x08001999   Thumb Code     8  stm32746g_discovery_camera.o(i.HAL_DCMI_ErrorCallback)
    HAL_DCMI_FrameEventCallback              0x080019a1   Thumb Code     8  stm32746g_discovery_camera.o(i.HAL_DCMI_FrameEventCallback)
    HAL_DCMI_IRQHandler                      0x080019a9   Thumb Code   152  stm32f7xx_hal_dcmi.o(i.HAL_DCMI_IRQHandler)
    HAL_DCMI_Init                            0x08001a45   Thumb Code   134  stm32f7xx_hal_dcmi.o(i.HAL_DCMI_Init)
    HAL_DCMI_LineEventCallback               0x08001ad1   Thumb Code     8  stm32746g_discovery_camera.o(i.HAL_DCMI_LineEventCallback)
    HAL_DCMI_MspInit                         0x08001ad9   Thumb Code     2  stm32f7xx_hal_dcmi.o(i.HAL_DCMI_MspInit)
    HAL_DCMI_Start_DMA                       0x08001add   Thumb Code   178  stm32f7xx_hal_dcmi.o(i.HAL_DCMI_Start_DMA)
    HAL_DCMI_VsyncEventCallback              0x08001b99   Thumb Code     8  stm32746g_discovery_camera.o(i.HAL_DCMI_VsyncEventCallback)
    HAL_DMA2D_ConfigLayer                    0x08001ba1   Thumb Code   158  stm32f7xx_hal_dma2d.o(i.HAL_DMA2D_ConfigLayer)
    HAL_DMA2D_Init                           0x08001c45   Thumb Code    90  stm32f7xx_hal_dma2d.o(i.HAL_DMA2D_Init)
    HAL_DMA2D_MspInit                        0x08001c9f   Thumb Code     2  stm32f7xx_hal_dma2d.o(i.HAL_DMA2D_MspInit)
    HAL_DMA2D_PollForTransfer                0x08001ca1   Thumb Code   268  stm32f7xx_hal_dma2d.o(i.HAL_DMA2D_PollForTransfer)
    HAL_DMA2D_Start                          0x08001dad   Thumb Code    52  stm32f7xx_hal_dma2d.o(i.HAL_DMA2D_Start)
    HAL_DMAEx_ChangeMemory                   0x08001de1   Thumb Code    14  stm32f7xx_hal_dma_ex.o(i.HAL_DMAEx_ChangeMemory)
    HAL_DMAEx_MultiBufferStart_IT            0x08001df1   Thumb Code  2420  stm32f7xx_hal_dma_ex.o(i.HAL_DMAEx_MultiBufferStart_IT)
    HAL_DMA_Abort_IT                         0x0800276d   Thumb Code    36  stm32f7xx_hal_dma.o(i.HAL_DMA_Abort_IT)
    HAL_DMA_DeInit                           0x08002791   Thumb Code    98  stm32f7xx_hal_dma.o(i.HAL_DMA_DeInit)
    HAL_DMA_IRQHandler                       0x080027f5   Thumb Code   412  stm32f7xx_hal_dma.o(i.HAL_DMA_IRQHandler)
    HAL_DMA_Init                             0x08002995   Thumb Code   222  stm32f7xx_hal_dma.o(i.HAL_DMA_Init)
    HAL_DMA_Start_IT                         0x08002a79   Thumb Code   122  stm32f7xx_hal_dma.o(i.HAL_DMA_Start_IT)
    HAL_Delay                                0x08002af5   Thumb Code    32  stm32f7xx_hal.o(i.HAL_Delay)
    HAL_GPIO_EXTI_Callback                   0x08002b19   Thumb Code     2  stm32f7xx_hal_gpio.o(i.HAL_GPIO_EXTI_Callback)
    HAL_GPIO_EXTI_IRQHandler                 0x08002b1d   Thumb Code    18  stm32f7xx_hal_gpio.o(i.HAL_GPIO_EXTI_IRQHandler)
    HAL_GPIO_Init                            0x08002b35   Thumb Code   418  stm32f7xx_hal_gpio.o(i.HAL_GPIO_Init)
    HAL_GPIO_ReadPin                         0x08002d0d   Thumb Code    10  stm32f7xx_hal_gpio.o(i.HAL_GPIO_ReadPin)
    HAL_GPIO_WritePin                        0x08002d17   Thumb Code    10  stm32f7xx_hal_gpio.o(i.HAL_GPIO_WritePin)
    HAL_GetTick                              0x08002d21   Thumb Code     6  stm32f7xx_hal.o(i.HAL_GetTick)
    HAL_HCD_Connect_Callback                 0x08002d2d   Thumb Code    14  usbh_conf.o(i.HAL_HCD_Connect_Callback)
    HAL_HCD_Disconnect_Callback              0x08002d3b   Thumb Code    14  usbh_conf.o(i.HAL_HCD_Disconnect_Callback)
    HAL_HCD_HC_NotifyURBChange_Callback      0x08002d49   Thumb Code     2  usbh_conf.o(i.HAL_HCD_HC_NotifyURBChange_Callback)
    HAL_HCD_IRQHandler                       0x08002d4d   Thumb Code   306  stm32f7xx_hal_hcd.o(i.HAL_HCD_IRQHandler)
    HAL_HCD_PortDisabled_Callback            0x08002e7f   Thumb Code     2  stm32f7xx_hal_hcd.o(i.HAL_HCD_PortDisabled_Callback)
    HAL_HCD_PortEnabled_Callback             0x08002e81   Thumb Code     2  stm32f7xx_hal_hcd.o(i.HAL_HCD_PortEnabled_Callback)
    HAL_HCD_SOF_Callback                     0x08002e83   Thumb Code    14  usbh_conf.o(i.HAL_HCD_SOF_Callback)
    HAL_HCD_Start                            0x08002e91   Thumb Code    44  stm32f7xx_hal_hcd.o(i.HAL_HCD_Start)
    HAL_HCD_Stop                             0x08002ebd   Thumb Code    36  stm32f7xx_hal_hcd.o(i.HAL_HCD_Stop)
    HAL_I2C_DeInit                           0x08002ee1   Thumb Code    52  stm32f7xx_hal_i2c.o(i.HAL_I2C_DeInit)
    HAL_I2C_GetState                         0x08002f15   Thumb Code     6  stm32f7xx_hal_i2c.o(i.HAL_I2C_GetState)
    HAL_I2C_Init                             0x08002f1d   Thumb Code   180  stm32f7xx_hal_i2c.o(i.HAL_I2C_Init)
    HAL_I2C_Mem_Read                         0x08002fd5   Thumb Code   358  stm32f7xx_hal_i2c.o(i.HAL_I2C_Mem_Read)
    HAL_I2C_Mem_Write                        0x08003145   Thumb Code   354  stm32f7xx_hal_i2c.o(i.HAL_I2C_Mem_Write)
    HAL_I2C_MspDeInit                        0x080032ad   Thumb Code     2  stm32f7xx_hal_i2c.o(i.HAL_I2C_MspDeInit)
    HAL_I2C_MspInit                          0x080032af   Thumb Code     2  stm32f7xx_hal_i2c.o(i.HAL_I2C_MspInit)
    HAL_IncTick                              0x080032b1   Thumb Code    12  stm32f7xx_hal.o(i.HAL_IncTick)
    HAL_Init                                 0x080032c1   Thumb Code    32  stm32f7xx_hal.o(i.HAL_Init)
    HAL_InitTick                             0x080032e5   Thumb Code    54  stm32f7xx_hal.o(i.HAL_InitTick)
    HAL_LTDC_ConfigColorKeying               0x08003325   Thumb Code    64  stm32f7xx_hal_ltdc.o(i.HAL_LTDC_ConfigColorKeying)
    HAL_LTDC_ConfigLayer                     0x08003365   Thumb Code    82  stm32f7xx_hal_ltdc.o(i.HAL_LTDC_ConfigLayer)
    HAL_LTDC_EnableColorKeying               0x080033b7   Thumb Code    60  stm32f7xx_hal_ltdc.o(i.HAL_LTDC_EnableColorKeying)
    HAL_LTDC_GetState                        0x080033f3   Thumb Code     6  stm32f7xx_hal_ltdc.o(i.HAL_LTDC_GetState)
    HAL_LTDC_Init                            0x080033f9   Thumb Code   252  stm32f7xx_hal_ltdc.o(i.HAL_LTDC_Init)
    HAL_LTDC_MspInit                         0x080034f9   Thumb Code     2  stm32f7xx_hal_ltdc.o(i.HAL_LTDC_MspInit)
    HAL_LTDC_SetWindowPosition               0x080034fb   Thumb Code    84  stm32f7xx_hal_ltdc.o(i.HAL_LTDC_SetWindowPosition)
    HAL_LTDC_SetWindowSize                   0x0800354f   Thumb Code    86  stm32f7xx_hal_ltdc.o(i.HAL_LTDC_SetWindowSize)
    HAL_MspInit                              0x080035a5   Thumb Code     2  stm32f7xx_hal.o(i.HAL_MspInit)
    HAL_NVIC_EnableIRQ                       0x080035a7   Thumb Code    26  stm32f7xx_hal_cortex.o(i.HAL_NVIC_EnableIRQ)
    HAL_NVIC_SetPriority                     0x080035c1   Thumb Code    60  stm32f7xx_hal_cortex.o(i.HAL_NVIC_SetPriority)
    HAL_NVIC_SetPriorityGrouping             0x08003601   Thumb Code    28  stm32f7xx_hal_cortex.o(i.HAL_NVIC_SetPriorityGrouping)
    HAL_PWREx_EnableOverDrive                0x08003625   Thumb Code   100  stm32f7xx_hal_pwr_ex.o(i.HAL_PWREx_EnableOverDrive)
    HAL_RCCEx_PeriphCLKConfig                0x08003691   Thumb Code  1276  stm32f7xx_hal_rcc_ex.o(i.HAL_RCCEx_PeriphCLKConfig)
    HAL_RCC_ClockConfig                      0x08003b8d   Thumb Code   282  stm32f7xx_hal_rcc.o(i.HAL_RCC_ClockConfig)
    HAL_RCC_GetSysClockFreq                  0x08003cb9   Thumb Code    88  stm32f7xx_hal_rcc.o(i.HAL_RCC_GetSysClockFreq)
    HAL_RCC_OscConfig                        0x08003d1d   Thumb Code   810  stm32f7xx_hal_rcc.o(i.HAL_RCC_OscConfig)
    HAL_SDRAM_Init                           0x08004055   Thumb Code    66  stm32f7xx_hal_sdram.o(i.HAL_SDRAM_Init)
    HAL_SDRAM_MspInit                        0x08004097   Thumb Code     2  stm32f7xx_hal_sdram.o(i.HAL_SDRAM_MspInit)
    HAL_SDRAM_ProgramRefreshRate             0x08004099   Thumb Code    34  stm32f7xx_hal_sdram.o(i.HAL_SDRAM_ProgramRefreshRate)
    HAL_SDRAM_SendCommand                    0x080040bd   Thumb Code    48  stm32f7xx_hal_sdram.o(i.HAL_SDRAM_SendCommand)
    HAL_SYSTICK_Config                       0x080040ed   Thumb Code    38  stm32f7xx_hal_cortex.o(i.HAL_SYSTICK_Config)
    HAL_TIMEx_BreakCallback                  0x08004113   Thumb Code     2  stm32f7xx_hal_tim_ex.o(i.HAL_TIMEx_BreakCallback)
    HAL_TIMEx_CommutationCallback            0x08004115   Thumb Code     2  stm32f7xx_hal_tim_ex.o(i.HAL_TIMEx_CommutationCallback)
    HAL_TIM_IC_CaptureCallback               0x08004117   Thumb Code     2  stm32f7xx_hal_tim.o(i.HAL_TIM_IC_CaptureCallback)
    HAL_TIM_IRQHandler                       0x08004119   Thumb Code   382  stm32f7xx_hal_tim.o(i.HAL_TIM_IRQHandler)
    HAL_TIM_OC_DelayElapsedCallback          0x08004297   Thumb Code     2  stm32f7xx_hal_tim.o(i.HAL_TIM_OC_DelayElapsedCallback)
    HAL_TIM_PWM_PulseFinishedCallback        0x08004299   Thumb Code     2  stm32f7xx_hal_tim.o(i.HAL_TIM_PWM_PulseFinishedCallback)
    HAL_TIM_PeriodElapsedCallback            0x0800429b   Thumb Code     2  camerastream.o(i.HAL_TIM_PeriodElapsedCallback)
    HAL_TIM_TriggerCallback                  0x0800429d   Thumb Code     2  stm32f7xx_hal_tim.o(i.HAL_TIM_TriggerCallback)
    HardFault_Handler                        0x0800483d   Thumb Code     4  stm32f7xx_it.o(i.HardFault_Handler)
    LCD_LOG_DeInit                           0x08004d5d   Thumb Code    32  lcd_log.o(i.LCD_LOG_DeInit)
    LCD_LOG_Init                             0x08004d81   Thumb Code    18  lcd_log.o(i.LCD_LOG_Init)
    LCD_LOG_SetHeader                        0x08004d95   Thumb Code    92  lcd_log.o(i.LCD_LOG_SetHeader)
    LCD_LOG_UpdateDisplay                    0x08004dfd   Thumb Code   124  lcd_log.o(i.LCD_LOG_UpdateDisplay)
    MemManage_Handler                        0x080050d1   Thumb Code     4  stm32f7xx_it.o(i.MemManage_Handler)
    NMI_Handler                              0x080050d5   Thumb Code     2  stm32f7xx_it.o(i.NMI_Handler)
    OTG_HS_IRQHandler                        0x080050d9   Thumb Code    10  stm32f7xx_it.o(i.OTG_HS_IRQHandler)
    PendSV_Handler                           0x080050e9   Thumb Code     2  stm32f7xx_it.o(i.PendSV_Handler)
    SVC_Handler                              0x08005205   Thumb Code     2  stm32f7xx_it.o(i.SVC_Handler)
    SysTick_Handler                          0x08005207   Thumb Code     8  stm32f7xx_it.o(i.SysTick_Handler)
    SystemInit                               0x080052a1   Thumb Code    68  system_stm32f7xx.o(i.SystemInit)
    TIM3_IRQHandler                          0x080052f5   Thumb Code    10  stm32f7xx_it.o(i.TIM3_IRQHandler)
    TS_IO_Delay                              0x08005305   Thumb Code     4  stm32746g_discovery.o(i.TS_IO_Delay)
    TS_IO_Init                               0x08005309   Thumb Code     6  stm32746g_discovery.o(i.TS_IO_Init)
    TS_IO_Read                               0x08005315   Thumb Code    34  stm32746g_discovery.o(i.TS_IO_Read)
    TS_IO_Write                              0x0800533d   Thumb Code    26  stm32746g_discovery.o(i.TS_IO_Write)
    USBH_FreePipe                            0x0800535d   Thumb Code    24  usbh_pipes.o(i.USBH_FreePipe)
    USBH_LL_Connect                          0x08005375   Thumb Code    42  usbh_core.o(i.USBH_LL_Connect)
    USBH_LL_Disconnect                       0x080053a1   Thumb Code    68  usbh_core.o(i.USBH_LL_Disconnect)
    USBH_LL_IncTimer                         0x08005401   Thumb Code    30  usbh_core.o(i.USBH_LL_IncTimer)
    USBH_LL_Start                            0x0800541f   Thumb Code    16  usbh_conf.o(i.USBH_LL_Start)
    USBH_LL_Stop                             0x0800542f   Thumb Code    16  usbh_conf.o(i.USBH_LL_Stop)
    USB_DriveVbus                            0x0800543f   Thumb Code    44  stm32f7xx_ll_usb.o(i.USB_DriveVbus)
    USB_EnableGlobalInt                      0x0800546b   Thumb Code    12  stm32f7xx_ll_usb.o(i.USB_EnableGlobalInt)
    USB_FlushRxFifo                          0x08005479   Thumb Code    28  stm32f7xx_ll_usb.o(i.USB_FlushRxFifo)
    USB_FlushTxFifo                          0x08005499   Thumb Code    32  stm32f7xx_ll_usb.o(i.USB_FlushTxFifo)
    USB_GetMode                              0x080054bd   Thumb Code     8  stm32f7xx_ll_usb.o(i.USB_GetMode)
    USB_HC_Halt                              0x080054c5   Thumb Code   194  stm32f7xx_ll_usb.o(i.USB_HC_Halt)
    USB_HC_ReadInterrupt                     0x08005587   Thumb Code     8  stm32f7xx_ll_usb.o(i.USB_HC_ReadInterrupt)
    USB_InitFSLSPClkSel                      0x0800558f   Thumb Code    56  stm32f7xx_ll_usb.o(i.USB_InitFSLSPClkSel)
    USB_ReadInterrupts                       0x080055c7   Thumb Code     8  stm32f7xx_ll_usb.o(i.USB_ReadInterrupts)
    USB_ReadPacket                           0x080055cf   Thumb Code    28  stm32f7xx_ll_usb.o(i.USB_ReadPacket)
    USB_StopHost                             0x080055ed   Thumb Code   126  stm32f7xx_ll_usb.o(i.USB_StopHost)
    UsageFault_Handler                       0x0800566b   Thumb Code     4  stm32f7xx_it.o(i.UsageFault_Handler)
    VIDEO_CameraProcess                      0x08005681   Thumb Code   100  camerastream.o(i.VIDEO_CameraProcess)
    VIDEO_MenuProcess                        0x08005881   Thumb Code   300  menu.o(i.VIDEO_MenuProcess)
    __0printf$8                              0x08005a45   Thumb Code    22  printf8.o(i.__0printf$8)
    __1printf$8                              0x08005a45   Thumb Code     0  printf8.o(i.__0printf$8)
    __2printf                                0x08005a45   Thumb Code     0  printf8.o(i.__0printf$8)
    __0sprintf$8                             0x08005a65   Thumb Code    34  printf8.o(i.__0sprintf$8)
    __1sprintf$8                             0x08005a65   Thumb Code     0  printf8.o(i.__0sprintf$8)
    __2sprintf                               0x08005a65   Thumb Code     0  printf8.o(i.__0sprintf$8)
    __scatterload_copy                       0x08005aaf   Thumb Code    14  handlers.o(i.__scatterload_copy)
    __scatterload_null                       0x08005abd   Thumb Code     2  handlers.o(i.__scatterload_null)
    __scatterload_zeroinit                   0x08005abf   Thumb Code    14  handlers.o(i.__scatterload_zeroinit)
    fputc                                    0x08005f39   Thumb Code   258  lcd_log.o(i.fputc)
    ft5336_Init                              0x0800605d   Thumb Code    16  ft5336.o(i.ft5336_Init)
    ft5336_ReadID                            0x0800606d   Thumb Code    58  ft5336.o(i.ft5336_ReadID)
    ft5336_Reset                             0x080060a7   Thumb Code     2  ft5336.o(i.ft5336_Reset)
    ft5336_TS_ClearIT                        0x080060a9   Thumb Code     2  ft5336.o(i.ft5336_TS_ClearIT)
    ft5336_TS_DetectTouch                    0x080060ad   Thumb Code    60  ft5336.o(i.ft5336_TS_DetectTouch)
    ft5336_TS_DisableIT                      0x080060ed   Thumb Code    10  ft5336.o(i.ft5336_TS_DisableIT)
    ft5336_TS_EnableIT                       0x080060f7   Thumb Code    10  ft5336.o(i.ft5336_TS_EnableIT)
    ft5336_TS_GetGestureID                   0x08006101   Thumb Code    30  ft5336.o(i.ft5336_TS_GetGestureID)
    ft5336_TS_GetTouchInfo                   0x08006121   Thumb Code   200  ft5336.o(i.ft5336_TS_GetTouchInfo)
    ft5336_TS_GetXY                          0x080061ed   Thumb Code   282  ft5336.o(i.ft5336_TS_GetXY)
    ft5336_TS_ITStatus                       0x0800630d   Thumb Code     4  ft5336.o(i.ft5336_TS_ITStatus)
    ft5336_TS_Start                          0x08006311   Thumb Code     4  ft5336.o(i.ft5336_TS_Start)
    main                                     0x0800633d   Thumb Code    60  main.o(i.main)
    ov9655_Config                            0x0800637d   Thumb Code   174  ov9655.o(i.ov9655_Config)
    ov9655_Init                              0x080064d9   Thumb Code   146  ov9655.o(i.ov9655_Init)
    ov9655_ReadID                            0x08006579   Thumb Code    20  ov9655.o(i.ov9655_ReadID)
    OV9655_VGA                               0x0800658c   Data         294  ov9655.o(.constdata)
    OV9655_QVGA                              0x080066b2   Data         300  ov9655.o(.constdata)
    OV9655_QQVGA                             0x080067de   Data         300  ov9655.o(.constdata)
    AHBPrescTable                            0x08006918   Data          16  system_stm32f7xx.o(.constdata)
    COM_TX_PIN                               0x08006930   Data           2  stm32746g_discovery.o(.constdata)
    COM_RX_PIN                               0x08006932   Data           2  stm32746g_discovery.o(.constdata)
    COM_TX_AF                                0x08006934   Data           2  stm32746g_discovery.o(.constdata)
    COM_RX_AF                                0x08006936   Data           2  stm32746g_discovery.o(.constdata)
    GPIO_PIN                                 0x08006938   Data           4  stm32746g_discovery.o(.constdata)
    BUTTON_PIN                               0x0800693c   Data           6  stm32746g_discovery.o(.constdata)
    BUTTON_IRQn                              0x08006942   Data           6  stm32746g_discovery.o(.constdata)
    Font24_Table                             0x08006948   Data        6840  stm32746g_discovery_lcd.o(.constdata)
    Font16_Table                             0x08008400   Data        3040  stm32746g_discovery_lcd.o(.constdata)
    Font12_Table                             0x08008fe0   Data        1140  stm32746g_discovery_lcd.o(.constdata)
    Region$$Table$$Base                      0x08009454   Number         0  anon$$obj.o(Region$$Table)
    Region$$Table$$Limit                     0x08009474   Number         0  anon$$obj.o(Region$$Table)
    ft5336_ts_drv                            0x20000000   Data          40  ft5336.o(.data)
    ov9655_drv                               0x20000030   Data          12  ov9655.o(.data)
    VideoDemo                                0x2000003c   Data           2  menu.o(.data)
    appli_state                              0x2000003e   Data           1  main.o(.data)
    camera_status                            0x20000040   Data           1  camerastream.o(.data)
    capture_mode                             0x20000041   Data           1  camerastream.o(.data)
    camera_brightness_level                  0x20000042   Data           1  camerastream.o(.data)
    camera_contrast_level                    0x20000043   Data           1  camerastream.o(.data)
    SystemCoreClock                          0x20000054   Data           4  system_stm32f7xx.o(.data)
    uwTickFreq                               0x20000058   Data           1  stm32f7xx_hal.o(.data)
    uwTickPrio                               0x2000005c   Data           4  stm32f7xx_hal.o(.data)
    uwTick                                   0x20000060   Data           4  stm32f7xx_hal.o(.data)
    camera_drv                               0x20000064   Data           4  stm32746g_discovery_camera.o(.data)
    COM_USART                                0x20000070   Data           4  stm32746g_discovery.o(.data)
    COM_TX_PORT                              0x20000074   Data           4  stm32746g_discovery.o(.data)
    COM_RX_PORT                              0x20000078   Data           4  stm32746g_discovery.o(.data)
    BUTTON_PORT                              0x2000007c   Data          12  stm32746g_discovery.o(.data)
    Font24                                   0x2000009c   Data           8  stm32746g_discovery_lcd.o(.data)
    Font16                                   0x200000a4   Data           8  stm32746g_discovery_lcd.o(.data)
    Font12                                   0x200000ac   Data           8  stm32746g_discovery_lcd.o(.data)
    LCD_CacheBuffer_yptr_invert              0x200000b4   Data           1  lcd_log.o(.data)
    LCD_ScrollActive                         0x200000b5   Data           1  lcd_log.o(.data)
    LCD_Lock                                 0x200000b6   Data           1  lcd_log.o(.data)
    LCD_Scrolled                             0x200000b7   Data           1  lcd_log.o(.data)
    LCD_CacheBuffer_xptr                     0x200000b8   Data           2  lcd_log.o(.data)
    LCD_CacheBuffer_yptr_top                 0x200000ba   Data           2  lcd_log.o(.data)
    LCD_CacheBuffer_yptr_bottom              0x200000bc   Data           2  lcd_log.o(.data)
    LCD_CacheBuffer_yptr_top_bak             0x200000be   Data           2  lcd_log.o(.data)
    LCD_CacheBuffer_yptr_bottom_bak          0x200000c0   Data           2  lcd_log.o(.data)
    LCD_ScrollBackStep                       0x200000c2   Data           2  lcd_log.o(.data)
    LCD_LineColor                            0x200000c4   Data           4  lcd_log.o(.data)
    __stdout                                 0x200000c8   Data           4  stdout.o(.data)
    htim3                                    0x200000cc   Data          64  camerastream.o(.bss)
    hhcd                                     0x2000018c   Data         704  usbh_conf.o(.bss)
    hDcmiHandler                             0x200004ac   Data          80  stm32746g_discovery_camera.o(.bss)
    sdramHandle                              0x2000067c   Data          52  stm32746g_discovery_sdram.o(.bss)
    hLtdcHandler                             0x20000760   Data         168  stm32746g_discovery_lcd.o(.bss)
    LCD_CacheBuffer                          0x20000860   Data       14520  lcd_log.o(.bss)
    __initial_sp                             0x20004918   Data           0  startup_stm32f746xx.o(STACK)



==============================================================================

Memory Map of the image

  Image Entry point : 0x080001c9

  Load Region LR_IROM1 (Base: 0x08000000, Size: 0x00009540, Max: 0x00100000, ABSOLUTE)

    Execution Region ER_IROM1 (Exec base: 0x08000000, Load base: 0x08000000, Size: 0x00009474, Max: 0x00100000, ABSOLUTE)

    Exec Addr    Load Addr    Size         Type   Attr      Idx    E Section Name        Object

    0x08000000   0x08000000   0x000001c8   Data   RO          868    RESET               startup_stm32f746xx.o
    0x080001c8   0x080001c8   0x00000000   Code   RO         7512  * .ARM.Collect$$$$00000000  mc_w.l(entry.o)
    0x080001c8   0x080001c8   0x00000004   Code   RO         7812    .ARM.Collect$$$$00000001  mc_w.l(entry2.o)
    0x080001cc   0x080001cc   0x00000004   Code   RO         7815    .ARM.Collect$$$$00000004  mc_w.l(entry5.o)
    0x080001d0   0x080001d0   0x00000000   Code   RO         7817    .ARM.Collect$$$$00000008  mc_w.l(entry7b.o)
    0x080001d0   0x080001d0   0x00000000   Code   RO         7819    .ARM.Collect$$$$0000000A  mc_w.l(entry8b.o)
    0x080001d0   0x080001d0   0x00000008   Code   RO         7820    .ARM.Collect$$$$0000000B  mc_w.l(entry9a.o)
    0x080001d8   0x080001d8   0x00000000   Code   RO         7822    .ARM.Collect$$$$0000000D  mc_w.l(entry10a.o)
    0x080001d8   0x080001d8   0x00000000   Code   RO         7824    .ARM.Collect$$$$0000000F  mc_w.l(entry11a.o)
    0x080001d8   0x080001d8   0x00000004   Code   RO         7813    .ARM.Collect$$$$00002712  mc_w.l(entry2.o)
    0x080001dc   0x080001dc   0x00000024   Code   RO          869    .text               startup_stm32f746xx.o
    0x08000200   0x08000200   0x00000062   Code   RO         7515    .text               mc_w.l(uldiv.o)
    0x08000262   0x08000262   0x00000024   Code   RO         7517    .text               mc_w.l(memcpya.o)
    0x08000286   0x08000286   0x0000001e   Code   RO         7829    .text               mc_w.l(llshl.o)
    0x080002a4   0x080002a4   0x00000020   Code   RO         7831    .text               mc_w.l(llushr.o)
    0x080002c4   0x080002c4   0x00000024   Code   RO         7846    .text               mc_w.l(init.o)
    0x080002e8   0x080002e8   0x00000024   Code   RO         6470    i.BSP_CAMERA_ContinuousStart  stm32746g_discovery_camera.o
    0x0800030c   0x0800030c   0x00000002   Code   RO         6473    i.BSP_CAMERA_ErrorCallback  stm32746g_discovery_camera.o
    0x0800030e   0x0800030e   0x00000002   Code   RO         6474    i.BSP_CAMERA_FrameEventCallback  stm32746g_discovery_camera.o
    0x08000310   0x08000310   0x00000094   Code   RO         6475    i.BSP_CAMERA_Init   stm32746g_discovery_camera.o
    0x080003a4   0x080003a4   0x00000074   Code   RO          619    i.BSP_CAMERA_LineEventCallback  camerastream.o
    0x08000418   0x08000418   0x00000168   Code   RO         6478    i.BSP_CAMERA_MspInit  stm32746g_discovery_camera.o
    0x08000580   0x08000580   0x00000050   Code   RO         6480    i.BSP_CAMERA_PwrUp  stm32746g_discovery_camera.o
    0x080005d0   0x080005d0   0x00000024   Code   RO         6482    i.BSP_CAMERA_SnapshotStart  stm32746g_discovery_camera.o
    0x080005f4   0x080005f4   0x00000002   Code   RO         6485    i.BSP_CAMERA_VsyncEventCallback  stm32746g_discovery_camera.o
    0x080005f6   0x080005f6   0x00000002   PAD
    0x080005f8   0x080005f8   0x00000038   Code   RO         6994    i.BSP_LCD_Clear     stm32746g_discovery_lcd.o
    0x08000630   0x08000630   0x0000005c   Code   RO         6995    i.BSP_LCD_ClearStringLine  stm32746g_discovery_lcd.o
    0x0800068c   0x0800068c   0x00000020   Code   RO         6996    i.BSP_LCD_ClockConfig  stm32746g_discovery_lcd.o
    0x080006ac   0x080006ac   0x00000034   Code   RO         6998    i.BSP_LCD_DisplayChar  stm32746g_discovery_lcd.o
    0x080006e0   0x080006e0   0x00000034   Code   RO         7000    i.BSP_LCD_DisplayOn  stm32746g_discovery_lcd.o
    0x08000714   0x08000714   0x000000c8   Code   RO         7001    i.BSP_LCD_DisplayStringAt  stm32746g_discovery_lcd.o
    0x080007dc   0x080007dc   0x0000001c   Code   RO         7002    i.BSP_LCD_DisplayStringAtLine  stm32746g_discovery_lcd.o
    0x080007f8   0x080007f8   0x000000c4   Code   RO         7007    i.BSP_LCD_DrawLine  stm32746g_discovery_lcd.o
    0x080008bc   0x080008bc   0x00000064   Code   RO         7008    i.BSP_LCD_DrawPixel  stm32746g_discovery_lcd.o
    0x08000920   0x08000920   0x00000114   Code   RO         7014    i.BSP_LCD_FillPolygon  stm32746g_discovery_lcd.o
    0x08000a34   0x08000a34   0x0000009c   Code   RO         7015    i.BSP_LCD_FillRect  stm32746g_discovery_lcd.o
    0x08000ad0   0x08000ad0   0x0000001c   Code   RO         7017    i.BSP_LCD_GetFont   stm32746g_discovery_lcd.o
    0x08000aec   0x08000aec   0x00000020   Code   RO         7019    i.BSP_LCD_GetXSize  stm32746g_discovery_lcd.o
    0x08000b0c   0x08000b0c   0x00000020   Code   RO         7020    i.BSP_LCD_GetYSize  stm32746g_discovery_lcd.o
    0x08000b2c   0x08000b2c   0x000000a4   Code   RO         7021    i.BSP_LCD_Init      stm32746g_discovery_lcd.o
    0x08000bd0   0x08000bd0   0x00000078   Code   RO         7022    i.BSP_LCD_LayerDefaultInit  stm32746g_discovery_lcd.o
    0x08000c48   0x08000c48   0x00000138   Code   RO         7025    i.BSP_LCD_MspInit   stm32746g_discovery_lcd.o
    0x08000d80   0x08000d80   0x0000000c   Code   RO         7030    i.BSP_LCD_SelectLayer  stm32746g_discovery_lcd.o
    0x08000d8c   0x08000d8c   0x0000001c   Code   RO         7031    i.BSP_LCD_SetBackColor  stm32746g_discovery_lcd.o
    0x08000da8   0x08000da8   0x0000001c   Code   RO         7032    i.BSP_LCD_SetColorKeying  stm32746g_discovery_lcd.o
    0x08000dc4   0x08000dc4   0x0000001c   Code   RO         7034    i.BSP_LCD_SetFont   stm32746g_discovery_lcd.o
    0x08000de0   0x08000de0   0x0000002c   Code   RO         7037    i.BSP_LCD_SetLayerVisible  stm32746g_discovery_lcd.o
    0x08000e0c   0x08000e0c   0x0000002c   Code   RO         7039    i.BSP_LCD_SetLayerWindow  stm32746g_discovery_lcd.o
    0x08000e38   0x08000e38   0x00000018   Code   RO         7041    i.BSP_LCD_SetTextColor  stm32746g_discovery_lcd.o
    0x08000e50   0x08000e50   0x00000050   Code   RO         6636    i.BSP_LED_Init      stm32746g_discovery.o
    0x08000ea0   0x08000ea0   0x00000018   Code   RO         6641    i.BSP_PB_GetState   stm32746g_discovery.o
    0x08000eb8   0x08000eb8   0x00000094   Code   RO         6642    i.BSP_PB_Init       stm32746g_discovery.o
    0x08000f4c   0x08000f4c   0x00000078   Code   RO         6913    i.BSP_SDRAM_Init    stm32746g_discovery_sdram.o
    0x08000fc4   0x08000fc4   0x0000008c   Code   RO         6914    i.BSP_SDRAM_Initialization_sequence  stm32746g_discovery_sdram.o
    0x08001050   0x08001050   0x00000168   Code   RO         6916    i.BSP_SDRAM_MspInit  stm32746g_discovery_sdram.o
    0x080011b8   0x080011b8   0x00000170   Code   RO         6844    i.BSP_TS_GetState   stm32746g_discovery_ts.o
    0x08001328   0x08001328   0x0000005c   Code   RO         6845    i.BSP_TS_Get_GestureId  stm32746g_discovery_ts.o
    0x08001384   0x08001384   0x0000003c   Code   RO         6849    i.BSP_TS_Init       stm32746g_discovery_ts.o
    0x080013c0   0x080013c0   0x00000004   Code   RO          447    i.BusFault_Handler  stm32f7xx_it.o
    0x080013c4   0x080013c4   0x00000004   Code   RO         6643    i.CAMERA_Delay      stm32746g_discovery.o
    0x080013c8   0x080013c8   0x0000000c   Code   RO         6644    i.CAMERA_IO_Init    stm32746g_discovery.o
    0x080013d4   0x080013d4   0x00000028   Code   RO         6645    i.CAMERA_IO_Read    stm32746g_discovery.o
    0x080013fc   0x080013fc   0x00000020   Code   RO         6646    i.CAMERA_IO_Write   stm32746g_discovery.o
    0x0800141c   0x0800141c   0x0000000c   Code   RO          553    i.CPU_CACHE_Enable  main.o
    0x08001428   0x08001428   0x00000020   Code   RO         1227    i.DCMI_DMAError     stm32f7xx_hal_dcmi.o
    0x08001448   0x08001448   0x00000084   Code   RO         1228    i.DCMI_DMAXferCplt  stm32f7xx_hal_dcmi.o
    0x080014cc   0x080014cc   0x00000010   Code   RO          448    i.DCMI_IRQHandler   stm32f7xx_it.o
    0x080014dc   0x080014dc   0x00000092   Code   RO         2546    i.DMA2D_SetConfig   stm32f7xx_hal_dma2d.o
    0x0800156e   0x0800156e   0x00000002   PAD
    0x08001570   0x08001570   0x00000010   Code   RO          449    i.DMA2_Stream1_IRQHandler  stm32f7xx_it.o
    0x08001580   0x08001580   0x00000028   Code   RO         5781    i.DMA_CalcBaseAndBitshift  stm32f7xx_hal_dma.o
    0x080015a8   0x080015a8   0x00000054   Code   RO         5782    i.DMA_CheckFifoParam  stm32f7xx_hal_dma.o
    0x080015fc   0x080015fc   0x0000001e   Code   RO         1983    i.DMA_MultiBufferSetConfig  stm32f7xx_hal_dma_ex.o
    0x0800161a   0x0800161a   0x00000028   Code   RO         5783    i.DMA_SetConfig     stm32f7xx_hal_dma.o
    0x08001642   0x08001642   0x00000002   Code   RO          450    i.DebugMon_Handler  stm32f7xx_it.o
    0x08001644   0x08001644   0x000000b0   Code   RO         7046    i.DrawChar          stm32746g_discovery_lcd.o
    0x080016f4   0x080016f4   0x0000000c   Code   RO          451    i.EXTI15_10_IRQHandler  stm32f7xx_it.o
    0x08001700   0x08001700   0x0000005e   Code   RO         4225    i.FMC_SDRAM_Init    stm32f7xx_ll_fmc.o
    0x0800175e   0x0800175e   0x0000000c   Code   RO         4226    i.FMC_SDRAM_ProgramRefreshRate  stm32f7xx_ll_fmc.o
    0x0800176a   0x0800176a   0x00000020   Code   RO         4227    i.FMC_SDRAM_SendCommand  stm32f7xx_ll_fmc.o
    0x0800178a   0x0800178a   0x00000002   PAD
    0x0800178c   0x0800178c   0x0000008c   Code   RO         4229    i.FMC_SDRAM_Timing_Init  stm32f7xx_ll_fmc.o
    0x08001818   0x08001818   0x000000be   Code   RO         7047    i.FillTriangle      stm32746g_discovery_lcd.o
    0x080018d6   0x080018d6   0x0000002c   Code   RO         6486    i.GetSize           stm32746g_discovery_camera.o
    0x08001902   0x08001902   0x00000036   Code   RO         1229    i.HAL_DCMI_ConfigCrop  stm32f7xx_hal_dcmi.o
    0x08001938   0x08001938   0x00000030   Code   RO         1231    i.HAL_DCMI_DisableCrop  stm32f7xx_hal_dcmi.o
    0x08001968   0x08001968   0x00000030   Code   RO         1232    i.HAL_DCMI_EnableCrop  stm32f7xx_hal_dcmi.o
    0x08001998   0x08001998   0x00000008   Code   RO         6487    i.HAL_DCMI_ErrorCallback  stm32746g_discovery_camera.o
    0x080019a0   0x080019a0   0x00000008   Code   RO         6488    i.HAL_DCMI_FrameEventCallback  stm32746g_discovery_camera.o
    0x080019a8   0x080019a8   0x0000009c   Code   RO         1237    i.HAL_DCMI_IRQHandler  stm32f7xx_hal_dcmi.o
    0x08001a44   0x08001a44   0x0000008c   Code   RO         1238    i.HAL_DCMI_Init     stm32f7xx_hal_dcmi.o
    0x08001ad0   0x08001ad0   0x00000008   Code   RO         6489    i.HAL_DCMI_LineEventCallback  stm32746g_discovery_camera.o
    0x08001ad8   0x08001ad8   0x00000002   Code   RO         1241    i.HAL_DCMI_MspInit  stm32f7xx_hal_dcmi.o
    0x08001ada   0x08001ada   0x00000002   PAD
    0x08001adc   0x08001adc   0x000000bc   Code   RO         1243    i.HAL_DCMI_Start_DMA  stm32f7xx_hal_dcmi.o
    0x08001b98   0x08001b98   0x00000008   Code   RO         6490    i.HAL_DCMI_VsyncEventCallback  stm32746g_discovery_camera.o
    0x08001ba0   0x08001ba0   0x000000a4   Code   RO         2558    i.HAL_DMA2D_ConfigLayer  stm32f7xx_hal_dma2d.o
    0x08001c44   0x08001c44   0x0000005a   Code   RO         2566    i.HAL_DMA2D_Init    stm32f7xx_hal_dma2d.o
    0x08001c9e   0x08001c9e   0x00000002   Code   RO         2569    i.HAL_DMA2D_MspInit  stm32f7xx_hal_dma2d.o
    0x08001ca0   0x08001ca0   0x0000010c   Code   RO         2570    i.HAL_DMA2D_PollForTransfer  stm32f7xx_hal_dma2d.o
    0x08001dac   0x08001dac   0x00000034   Code   RO         2573    i.HAL_DMA2D_Start   stm32f7xx_hal_dma2d.o
    0x08001de0   0x08001de0   0x0000000e   Code   RO         1984    i.HAL_DMAEx_ChangeMemory  stm32f7xx_hal_dma_ex.o
    0x08001dee   0x08001dee   0x00000002   PAD
    0x08001df0   0x08001df0   0x0000097c   Code   RO         1986    i.HAL_DMAEx_MultiBufferStart_IT  stm32f7xx_hal_dma_ex.o
    0x0800276c   0x0800276c   0x00000024   Code   RO         5785    i.HAL_DMA_Abort_IT  stm32f7xx_hal_dma.o
    0x08002790   0x08002790   0x00000062   Code   RO         5786    i.HAL_DMA_DeInit    stm32f7xx_hal_dma.o
    0x080027f2   0x080027f2   0x00000002   PAD
    0x080027f4   0x080027f4   0x000001a0   Code   RO         5789    i.HAL_DMA_IRQHandler  stm32f7xx_hal_dma.o
    0x08002994   0x08002994   0x000000e4   Code   RO         5790    i.HAL_DMA_Init      stm32f7xx_hal_dma.o
    0x08002a78   0x08002a78   0x0000007a   Code   RO         5794    i.HAL_DMA_Start_IT  stm32f7xx_hal_dma.o
    0x08002af2   0x08002af2   0x00000002   PAD
    0x08002af4   0x08002af4   0x00000024   Code   RO         4433    i.HAL_Delay         stm32f7xx_hal.o
    0x08002b18   0x08002b18   0x00000002   Code   RO         4361    i.HAL_GPIO_EXTI_Callback  stm32f7xx_hal_gpio.o
    0x08002b1a   0x08002b1a   0x00000002   PAD
    0x08002b1c   0x08002b1c   0x00000018   Code   RO         4362    i.HAL_GPIO_EXTI_IRQHandler  stm32f7xx_hal_gpio.o
    0x08002b34   0x08002b34   0x000001d8   Code   RO         4363    i.HAL_GPIO_Init     stm32f7xx_hal_gpio.o
    0x08002d0c   0x08002d0c   0x0000000a   Code   RO         4365    i.HAL_GPIO_ReadPin  stm32f7xx_hal_gpio.o
    0x08002d16   0x08002d16   0x0000000a   Code   RO         4367    i.HAL_GPIO_WritePin  stm32f7xx_hal_gpio.o
    0x08002d20   0x08002d20   0x0000000c   Code   RO         4441    i.HAL_GetTick       stm32f7xx_hal.o
    0x08002d2c   0x08002d2c   0x0000000e   Code   RO          722    i.HAL_HCD_Connect_Callback  usbh_conf.o
    0x08002d3a   0x08002d3a   0x0000000e   Code   RO          723    i.HAL_HCD_Disconnect_Callback  usbh_conf.o
    0x08002d48   0x08002d48   0x00000002   Code   RO          724    i.HAL_HCD_HC_NotifyURBChange_Callback  usbh_conf.o
    0x08002d4a   0x08002d4a   0x00000002   PAD
    0x08002d4c   0x08002d4c   0x00000132   Code   RO         3413    i.HAL_HCD_IRQHandler  stm32f7xx_hal_hcd.o
    0x08002e7e   0x08002e7e   0x00000002   Code   RO         3417    i.HAL_HCD_PortDisabled_Callback  stm32f7xx_hal_hcd.o
    0x08002e80   0x08002e80   0x00000002   Code   RO         3418    i.HAL_HCD_PortEnabled_Callback  stm32f7xx_hal_hcd.o
    0x08002e82   0x08002e82   0x0000000e   Code   RO          727    i.HAL_HCD_SOF_Callback  usbh_conf.o
    0x08002e90   0x08002e90   0x0000002c   Code   RO         3421    i.HAL_HCD_Start     stm32f7xx_hal_hcd.o
    0x08002ebc   0x08002ebc   0x00000024   Code   RO         3422    i.HAL_HCD_Stop      stm32f7xx_hal_hcd.o
    0x08002ee0   0x08002ee0   0x00000034   Code   RO         1557    i.HAL_I2C_DeInit    stm32f7xx_hal_i2c.o
    0x08002f14   0x08002f14   0x00000006   Code   RO         1565    i.HAL_I2C_GetState  stm32f7xx_hal_i2c.o
    0x08002f1a   0x08002f1a   0x00000002   PAD
    0x08002f1c   0x08002f1c   0x000000b8   Code   RO         1566    i.HAL_I2C_Init      stm32f7xx_hal_i2c.o
    0x08002fd4   0x08002fd4   0x00000170   Code   RO         1582    i.HAL_I2C_Mem_Read  stm32f7xx_hal_i2c.o
    0x08003144   0x08003144   0x00000168   Code   RO         1585    i.HAL_I2C_Mem_Write  stm32f7xx_hal_i2c.o
    0x080032ac   0x080032ac   0x00000002   Code   RO         1588    i.HAL_I2C_MspDeInit  stm32f7xx_hal_i2c.o
    0x080032ae   0x080032ae   0x00000002   Code   RO         1589    i.HAL_I2C_MspInit   stm32f7xx_hal_i2c.o
    0x080032b0   0x080032b0   0x00000010   Code   RO         4447    i.HAL_IncTick       stm32f7xx_hal.o
    0x080032c0   0x080032c0   0x00000024   Code   RO         4448    i.HAL_Init          stm32f7xx_hal.o
    0x080032e4   0x080032e4   0x00000040   Code   RO         4449    i.HAL_InitTick      stm32f7xx_hal.o
    0x08003324   0x08003324   0x00000040   Code   RO         2290    i.HAL_LTDC_ConfigColorKeying  stm32f7xx_hal_ltdc.o
    0x08003364   0x08003364   0x00000052   Code   RO         2292    i.HAL_LTDC_ConfigLayer  stm32f7xx_hal_ltdc.o
    0x080033b6   0x080033b6   0x0000003c   Code   RO         2302    i.HAL_LTDC_EnableColorKeying  stm32f7xx_hal_ltdc.o
    0x080033f2   0x080033f2   0x00000006   Code   RO         2307    i.HAL_LTDC_GetState  stm32f7xx_hal_ltdc.o
    0x080033f8   0x080033f8   0x00000100   Code   RO         2309    i.HAL_LTDC_Init     stm32f7xx_hal_ltdc.o
    0x080034f8   0x080034f8   0x00000002   Code   RO         2312    i.HAL_LTDC_MspInit  stm32f7xx_hal_ltdc.o
    0x080034fa   0x080034fa   0x00000054   Code   RO         2324    i.HAL_LTDC_SetWindowPosition  stm32f7xx_hal_ltdc.o
    0x0800354e   0x0800354e   0x00000056   Code   RO         2326    i.HAL_LTDC_SetWindowSize  stm32f7xx_hal_ltdc.o
    0x080035a4   0x080035a4   0x00000002   Code   RO         4451    i.HAL_MspInit       stm32f7xx_hal.o
    0x080035a6   0x080035a6   0x0000001a   Code   RO         5651    i.HAL_NVIC_EnableIRQ  stm32f7xx_hal_cortex.o
    0x080035c0   0x080035c0   0x00000040   Code   RO         5657    i.HAL_NVIC_SetPriority  stm32f7xx_hal_cortex.o
    0x08003600   0x08003600   0x00000024   Code   RO         5658    i.HAL_NVIC_SetPriorityGrouping  stm32f7xx_hal_cortex.o
    0x08003624   0x08003624   0x0000006c   Code   RO         4811    i.HAL_PWREx_EnableOverDrive  stm32f7xx_hal_pwr_ex.o
    0x08003690   0x08003690   0x000004fc   Code   RO         4627    i.HAL_RCCEx_PeriphCLKConfig  stm32f7xx_hal_rcc_ex.o
    0x08003b8c   0x08003b8c   0x0000012c   Code   RO         3299    i.HAL_RCC_ClockConfig  stm32f7xx_hal_rcc.o
    0x08003cb8   0x08003cb8   0x00000064   Code   RO         3308    i.HAL_RCC_GetSysClockFreq  stm32f7xx_hal_rcc.o
    0x08003d1c   0x08003d1c   0x00000338   Code   RO         3311    i.HAL_RCC_OscConfig  stm32f7xx_hal_rcc.o
    0x08004054   0x08004054   0x00000042   Code   RO         3148    i.HAL_SDRAM_Init    stm32f7xx_hal_sdram.o
    0x08004096   0x08004096   0x00000002   Code   RO         3150    i.HAL_SDRAM_MspInit  stm32f7xx_hal_sdram.o
    0x08004098   0x08004098   0x00000022   Code   RO         3151    i.HAL_SDRAM_ProgramRefreshRate  stm32f7xx_hal_sdram.o
    0x080040ba   0x080040ba   0x00000002   PAD
    0x080040bc   0x080040bc   0x00000030   Code   RO         3157    i.HAL_SDRAM_SendCommand  stm32f7xx_hal_sdram.o
    0x080040ec   0x080040ec   0x00000026   Code   RO         5662    i.HAL_SYSTICK_Config  stm32f7xx_hal_cortex.o
    0x08004112   0x08004112   0x00000002   Code   RO         4897    i.HAL_TIMEx_BreakCallback  stm32f7xx_hal_tim_ex.o
    0x08004114   0x08004114   0x00000002   Code   RO         4898    i.HAL_TIMEx_CommutationCallback  stm32f7xx_hal_tim_ex.o
    0x08004116   0x08004116   0x00000002   Code   RO         3607    i.HAL_TIM_IC_CaptureCallback  stm32f7xx_hal_tim.o
    0x08004118   0x08004118   0x0000017e   Code   RO         3620    i.HAL_TIM_IRQHandler  stm32f7xx_hal_tim.o
    0x08004296   0x08004296   0x00000002   Code   RO         3623    i.HAL_TIM_OC_DelayElapsedCallback  stm32f7xx_hal_tim.o
    0x08004298   0x08004298   0x00000002   Code   RO         3650    i.HAL_TIM_PWM_PulseFinishedCallback  stm32f7xx_hal_tim.o
    0x0800429a   0x0800429a   0x00000002   Code   RO          620    i.HAL_TIM_PeriodElapsedCallback  camerastream.o
    0x0800429c   0x0800429c   0x00000002   Code   RO         3661    i.HAL_TIM_TriggerCallback  stm32f7xx_hal_tim.o
    0x0800429e   0x0800429e   0x00000002   PAD
    0x080042a0   0x080042a0   0x00000234   Code   RO         3423    i.HCD_HC_IN_IRQHandler  stm32f7xx_hal_hcd.o
    0x080044d4   0x080044d4   0x0000023a   Code   RO         3424    i.HCD_HC_OUT_IRQHandler  stm32f7xx_hal_hcd.o
    0x0800470e   0x0800470e   0x000000b8   Code   RO         3425    i.HCD_Port_IRQHandler  stm32f7xx_hal_hcd.o
    0x080047c6   0x080047c6   0x00000002   PAD
    0x080047c8   0x080047c8   0x00000074   Code   RO         3426    i.HCD_RXQLVL_IRQHandler  stm32f7xx_hal_hcd.o
    0x0800483c   0x0800483c   0x00000004   Code   RO          452    i.HardFault_Handler  stm32f7xx_it.o
    0x08004840   0x08004840   0x00000022   Code   RO         1608    i.I2C_Flush_TXDR    stm32f7xx_hal_i2c.o
    0x08004862   0x08004862   0x00000002   PAD
    0x08004864   0x08004864   0x0000007c   Code   RO         1616    i.I2C_IsAcknowledgeFailed  stm32f7xx_hal_i2c.o
    0x080048e0   0x080048e0   0x00000070   Code   RO         1619    i.I2C_RequestMemoryRead  stm32f7xx_hal_i2c.o
    0x08004950   0x08004950   0x00000070   Code   RO         1620    i.I2C_RequestMemoryWrite  stm32f7xx_hal_i2c.o
    0x080049c0   0x080049c0   0x0000002c   Code   RO         1623    i.I2C_TransferConfig  stm32f7xx_hal_i2c.o
    0x080049ec   0x080049ec   0x00000052   Code   RO         1624    i.I2C_WaitOnFlagUntilTimeout  stm32f7xx_hal_i2c.o
    0x08004a3e   0x08004a3e   0x00000050   Code   RO         1626    i.I2C_WaitOnSTOPFlagUntilTimeout  stm32f7xx_hal_i2c.o
    0x08004a8e   0x08004a8e   0x00000054   Code   RO         1627    i.I2C_WaitOnTXISFlagUntilTimeout  stm32f7xx_hal_i2c.o
    0x08004ae2   0x08004ae2   0x00000012   Code   RO         6651    i.I2Cx_Error        stm32746g_discovery.o
    0x08004af4   0x08004af4   0x00000050   Code   RO         6652    i.I2Cx_Init         stm32746g_discovery.o
    0x08004b44   0x08004b44   0x00000124   Code   RO         6653    i.I2Cx_MspInit      stm32746g_discovery.o
    0x08004c68   0x08004c68   0x0000002a   Code   RO         6654    i.I2Cx_ReadMultiple  stm32746g_discovery.o
    0x08004c92   0x08004c92   0x0000002a   Code   RO         6655    i.I2Cx_WriteMultiple  stm32746g_discovery.o
    0x08004cbc   0x08004cbc   0x00000018   Code   RO          180    i.LCD_ClearTextZone  menu.o
    0x08004cd4   0x08004cd4   0x00000088   Code   RO          621    i.LCD_LL_ConvertLineToARGB8888  camerastream.o
    0x08004d5c   0x08004d5c   0x00000024   Code   RO         7437    i.LCD_LOG_DeInit    lcd_log.o
    0x08004d80   0x08004d80   0x00000012   Code   RO         7438    i.LCD_LOG_Init      lcd_log.o
    0x08004d92   0x08004d92   0x00000002   PAD
    0x08004d94   0x08004d94   0x00000068   Code   RO         7442    i.LCD_LOG_SetHeader  lcd_log.o
    0x08004dfc   0x08004dfc   0x00000084   Code   RO         7443    i.LCD_LOG_UpdateDisplay  lcd_log.o
    0x08004e80   0x08004e80   0x00000080   Code   RO         7049    i.LL_FillBuffer     stm32746g_discovery_lcd.o
    0x08004f00   0x08004f00   0x000001d0   Code   RO         2328    i.LTDC_SetConfig    stm32f7xx_hal_ltdc.o
    0x080050d0   0x080050d0   0x00000004   Code   RO          453    i.MemManage_Handler  stm32f7xx_it.o
    0x080050d4   0x080050d4   0x00000002   Code   RO          454    i.NMI_Handler       stm32f7xx_it.o
    0x080050d6   0x080050d6   0x00000002   PAD
    0x080050d8   0x080050d8   0x00000010   Code   RO          455    i.OTG_HS_IRQHandler  stm32f7xx_it.o
    0x080050e8   0x080050e8   0x00000002   Code   RO          456    i.PendSV_Handler    stm32f7xx_it.o
    0x080050ea   0x080050ea   0x00000002   PAD
    0x080050ec   0x080050ec   0x0000009c   Code   RO          554    i.SCB_EnableDCache  main.o
    0x08005188   0x08005188   0x0000007c   Code   RO          555    i.SCB_EnableICache  main.o
    0x08005204   0x08005204   0x00000002   Code   RO          457    i.SVC_Handler       stm32f7xx_it.o
    0x08005206   0x08005206   0x00000008   Code   RO          458    i.SysTick_Handler   stm32f7xx_it.o
    0x0800520e   0x0800520e   0x00000090   Code   RO          556    i.SystemClock_Config  main.o
    0x0800529e   0x0800529e   0x00000002   PAD
    0x080052a0   0x080052a0   0x00000054   Code   RO          877    i.SystemInit        system_stm32f7xx.o
    0x080052f4   0x080052f4   0x00000010   Code   RO          459    i.TIM3_IRQHandler   stm32f7xx_it.o
    0x08005304   0x08005304   0x00000004   Code   RO         6656    i.TS_IO_Delay       stm32746g_discovery.o
    0x08005308   0x08005308   0x0000000c   Code   RO         6657    i.TS_IO_Init        stm32746g_discovery.o
    0x08005314   0x08005314   0x00000028   Code   RO         6658    i.TS_IO_Read        stm32746g_discovery.o
    0x0800533c   0x0800533c   0x00000020   Code   RO         6659    i.TS_IO_Write       stm32746g_discovery.o
    0x0800535c   0x0800535c   0x00000018   Code   RO         6428    i.USBH_FreePipe     usbh_pipes.o
    0x08005374   0x08005374   0x0000002a   Code   RO         6206    i.USBH_LL_Connect   usbh_core.o
    0x0800539e   0x0800539e   0x00000002   PAD
    0x080053a0   0x080053a0   0x00000060   Code   RO         6207    i.USBH_LL_Disconnect  usbh_core.o
    0x08005400   0x08005400   0x0000001e   Code   RO         6208    i.USBH_LL_IncTimer  usbh_core.o
    0x0800541e   0x0800541e   0x00000010   Code   RO          740    i.USBH_LL_Start     usbh_conf.o
    0x0800542e   0x0800542e   0x00000010   Code   RO          741    i.USBH_LL_Stop      usbh_conf.o
    0x0800543e   0x0800543e   0x0000002c   Code   RO         5185    i.USB_DriveVbus     stm32f7xx_ll_usb.o
    0x0800546a   0x0800546a   0x0000000c   Code   RO         5191    i.USB_EnableGlobalInt  stm32f7xx_ll_usb.o
    0x08005476   0x08005476   0x00000002   PAD
    0x08005478   0x08005478   0x00000020   Code   RO         5192    i.USB_FlushRxFifo   stm32f7xx_ll_usb.o
    0x08005498   0x08005498   0x00000024   Code   RO         5193    i.USB_FlushTxFifo   stm32f7xx_ll_usb.o
    0x080054bc   0x080054bc   0x00000008   Code   RO         5197    i.USB_GetMode       stm32f7xx_ll_usb.o
    0x080054c4   0x080054c4   0x000000c2   Code   RO         5198    i.USB_HC_Halt       stm32f7xx_ll_usb.o
    0x08005586   0x08005586   0x00000008   Code   RO         5200    i.USB_HC_ReadInterrupt  stm32f7xx_ll_usb.o
    0x0800558e   0x0800558e   0x00000038   Code   RO         5203    i.USB_InitFSLSPClkSel  stm32f7xx_ll_usb.o
    0x080055c6   0x080055c6   0x00000008   Code   RO         5208    i.USB_ReadInterrupts  stm32f7xx_ll_usb.o
    0x080055ce   0x080055ce   0x0000001c   Code   RO         5209    i.USB_ReadPacket    stm32f7xx_ll_usb.o
    0x080055ea   0x080055ea   0x00000002   PAD
    0x080055ec   0x080055ec   0x0000007e   Code   RO         5215    i.USB_StopHost      stm32f7xx_ll_usb.o
    0x0800566a   0x0800566a   0x00000004   Code   RO          460    i.UsageFault_Handler  stm32f7xx_it.o
    0x0800566e   0x0800566e   0x00000012   Code   RO          624    i.VIDEO_AcquireUserButton  camerastream.o
    0x08005680   0x08005680   0x00000070   Code   RO          631    i.VIDEO_CameraProcess  camerastream.o
    0x080056f0   0x080056f0   0x00000020   Code   RO          181    i.VIDEO_ChangeSelectMode  menu.o
    0x08005710   0x08005710   0x00000170   Code   RO          557    i.VIDEO_InitApplication  main.o
    0x08005880   0x08005880   0x00000174   Code   RO          182    i.VIDEO_MenuProcess  menu.o
    0x080059f4   0x080059f4   0x00000050   Code   RO          632    i.VIDEO_ShowStatus  camerastream.o
    0x08005a44   0x08005a44   0x00000020   Code   RO         7730    i.__0printf$8       mc_w.l(printf8.o)
    0x08005a64   0x08005a64   0x00000028   Code   RO         7732    i.__0sprintf$8      mc_w.l(printf8.o)
    0x08005a8c   0x08005a8c   0x00000022   Code   RO         5664    i.__NVIC_SetPriority  stm32f7xx_hal_cortex.o
    0x08005aae   0x08005aae   0x0000000e   Code   RO         7854    i.__scatterload_copy  mc_w.l(handlers.o)
    0x08005abc   0x08005abc   0x00000002   Code   RO         7855    i.__scatterload_null  mc_w.l(handlers.o)
    0x08005abe   0x08005abe   0x0000000e   Code   RO         7856    i.__scatterload_zeroinit  mc_w.l(handlers.o)
    0x08005acc   0x08005acc   0x00000410   Code   RO         7737    i._printf_core      mc_w.l(printf8.o)
    0x08005edc   0x08005edc   0x00000024   Code   RO         7738    i._printf_post_padding  mc_w.l(printf8.o)
    0x08005f00   0x08005f00   0x0000002e   Code   RO         7739    i._printf_pre_padding  mc_w.l(printf8.o)
    0x08005f2e   0x08005f2e   0x0000000a   Code   RO         7741    i._sputc            mc_w.l(printf8.o)
    0x08005f38   0x08005f38   0x0000010c   Code   RO         7444    i.fputc             lcd_log.o
    0x08006044   0x08006044   0x00000018   Code   RO            1    i.ft5336_I2C_InitializeIfRequired  ft5336.o
    0x0800605c   0x0800605c   0x00000010   Code   RO            2    i.ft5336_Init       ft5336.o
    0x0800606c   0x0800606c   0x0000003a   Code   RO            3    i.ft5336_ReadID     ft5336.o
    0x080060a6   0x080060a6   0x00000002   Code   RO            4    i.ft5336_Reset      ft5336.o
    0x080060a8   0x080060a8   0x00000002   Code   RO            5    i.ft5336_TS_ClearIT  ft5336.o
    0x080060aa   0x080060aa   0x00000002   PAD
    0x080060ac   0x080060ac   0x00000040   Code   RO            6    i.ft5336_TS_DetectTouch  ft5336.o
    0x080060ec   0x080060ec   0x0000000a   Code   RO            7    i.ft5336_TS_DisableIT  ft5336.o
    0x080060f6   0x080060f6   0x0000000a   Code   RO            8    i.ft5336_TS_EnableIT  ft5336.o
    0x08006100   0x08006100   0x0000001e   Code   RO            9    i.ft5336_TS_GetGestureID  ft5336.o
    0x0800611e   0x0800611e   0x00000002   PAD
    0x08006120   0x08006120   0x000000cc   Code   RO           10    i.ft5336_TS_GetTouchInfo  ft5336.o
    0x080061ec   0x080061ec   0x00000120   Code   RO           11    i.ft5336_TS_GetXY   ft5336.o
    0x0800630c   0x0800630c   0x00000004   Code   RO           12    i.ft5336_TS_ITStatus  ft5336.o
    0x08006310   0x08006310   0x00000004   Code   RO           13    i.ft5336_TS_Start   ft5336.o
    0x08006314   0x08006314   0x00000028   Code   RO          558    i.init_buffer_screen  main.o
    0x0800633c   0x0800633c   0x00000040   Code   RO          559    i.main              main.o
    0x0800637c   0x0800637c   0x000000ae   Code   RO          138    i.ov9655_Config     ov9655.o
    0x0800642a   0x0800642a   0x00000002   PAD
    0x0800642c   0x0800642c   0x000000ac   Code   RO          139    i.ov9655_ConvertValue  ov9655.o
    0x080064d8   0x080064d8   0x000000a0   Code   RO          140    i.ov9655_Init       ov9655.o
    0x08006578   0x08006578   0x00000014   Code   RO          141    i.ov9655_ReadID     ov9655.o
    0x0800658c   0x0800658c   0x0000037e   Data   RO          142    .constdata          ov9655.o
    0x0800690a   0x0800690a   0x00000002   PAD
    0x0800690c   0x0800690c   0x0000000c   Data   RO          183    .constdata          menu.o
    0x08006918   0x08006918   0x00000010   Data   RO          878    .constdata          system_stm32f7xx.o
    0x08006928   0x08006928   0x00000008   Data   RO         5796    .constdata          stm32f7xx_hal_dma.o
    0x08006930   0x08006930   0x00000018   Data   RO         6661    .constdata          stm32746g_discovery.o
    0x08006948   0x08006948   0x00001ab8   Data   RO         7051    .constdata          stm32746g_discovery_lcd.o
    0x08008400   0x08008400   0x00000be0   Data   RO         7053    .constdata          stm32746g_discovery_lcd.o
    0x08008fe0   0x08008fe0   0x00000474   Data   RO         7054    .constdata          stm32746g_discovery_lcd.o
    0x08009454   0x08009454   0x00000020   Data   RO         7852    Region$$Table       anon$$obj.o


    Execution Region RW_IRAM1 (Exec base: 0x20000000, Load base: 0x08009474, Size: 0x00004918, Max: 0x00050000, ABSOLUTE)

    Exec Addr    Load Addr    Size         Type   Attr      Idx    E Section Name        Object

    0x20000000   0x08009474   0x00000028   Data   RW           14    .data               ft5336.o
    0x20000028   0x0800949c   0x00000005   Data   RW           15    .data               ft5336.o
    0x2000002d   0x080094a1   0x00000003   PAD
    0x20000030   0x080094a4   0x0000000c   Data   RW          143    .data               ov9655.o
    0x2000003c   0x080094b0   0x00000002   Data   RW          184    .data               menu.o
    0x2000003e   0x080094b2   0x00000001   Data   RW          561    .data               main.o
    0x2000003f   0x080094b3   0x00000001   PAD
    0x20000040   0x080094b4   0x00000014   Data   RW          634    .data               camerastream.o
    0x20000054   0x080094c8   0x00000004   Data   RW          880    .data               system_stm32f7xx.o
    0x20000058   0x080094cc   0x0000000c   Data   RW         4455    .data               stm32f7xx_hal.o
    0x20000064   0x080094d8   0x0000000c   Data   RW         6492    .data               stm32746g_discovery_camera.o
    0x20000070   0x080094e4   0x00000018   Data   RW         6662    .data               stm32746g_discovery.o
    0x20000088   0x080094fc   0x0000000c   Data   RW         6852    .data               stm32746g_discovery_ts.o
    0x20000094   0x08009508   0x00000002   Data   RW         6923    .data               stm32746g_discovery_sdram.o
    0x20000096   0x0800950a   0x00000002   PAD
    0x20000098   0x0800950c   0x0000000c   Data   RW         7056    .data               stm32746g_discovery_lcd.o
    0x200000a4   0x08009518   0x00000008   Data   RW         7058    .data               stm32746g_discovery_lcd.o
    0x200000ac   0x08009520   0x00000008   Data   RW         7059    .data               stm32746g_discovery_lcd.o
    0x200000b4   0x08009528   0x00000014   Data   RW         7446    .data               lcd_log.o
    0x200000c8   0x0800953c   0x00000004   Data   RW         7826    .data               mc_w.l(stdout.o)
    0x200000cc        -       0x000000c0   Zero   RW          633    .bss                camerastream.o
    0x2000018c        -       0x000002c0   Zero   RW          743    .bss                usbh_conf.o
    0x2000044c        -       0x000000b0   Zero   RW         6491    .bss                stm32746g_discovery_camera.o
    0x200004fc        -       0x00000098   Zero   RW         6660    .bss                stm32746g_discovery.o
    0x20000594        -       0x00000028   Zero   RW         6851    .bss                stm32746g_discovery_ts.o
    0x200005bc        -       0x00000120   Zero   RW         6922    .bss                stm32746g_discovery_sdram.o
    0x200006dc        -       0x00000184   Zero   RW         7050    .bss                stm32746g_discovery_lcd.o
    0x20000860        -       0x000038b8   Zero   RW         7445    .bss                lcd_log.o
    0x20004118        -       0x00000800   Zero   RW          866    STACK               startup_stm32f746xx.o


==============================================================================

Image component sizes


      Code (inc. data)   RO Data    RW Data    ZI Data      Debug   Object Name

       464         92          0         20        192       4590   camerastream.o
       716         38          0         45          0      21863   ft5336.o
       558         34          0         20      14520       5889   lcd_log.o
       908        194          0          1          0      42625   main.o
       428         76         12          2          0     882708   menu.o
       526         42        894         12          0       6083   ov9655.o
        36          8        456          0       2048        860   startup_stm32f746xx.o
       902        118         24         24        152      13886   stm32746g_discovery.o
       742         78          0         12        176      11069   stm32746g_discovery_camera.o
      2630        234      11020         28        388      31525   stm32746g_discovery_lcd.o
       620         56          0          2        288       4968   stm32746g_discovery_sdram.o
       520         22          0         12         40       3955   stm32746g_discovery_ts.o
       166         28          0         12          0       5167   stm32f7xx_hal.o
       198         12          0          0          0      39555   stm32f7xx_hal_cortex.o
       800         20          0          0          0       7917   stm32f7xx_hal_dcmi.o
      1064         16          8          0          0       8019   stm32f7xx_hal_dma.o
       722          6          0          0          0       6283   stm32f7xx_hal_dma2d.o
      2472         16          0          0          0       3745   stm32f7xx_hal_dma_ex.o
       518         60          0          0          0       4947   stm32f7xx_hal_gpio.o
      1824          6          0          0          0       9023   stm32f7xx_hal_hcd.o
      1646         36          0          0          0      15908   stm32f7xx_hal_i2c.o
      1104          4          0          0          0       8502   stm32f7xx_hal_ltdc.o
       108          8          0          0          0       1452   stm32f7xx_hal_pwr_ex.o
      1224         44          0          0          0       4278   stm32f7xx_hal_rcc.o
      1276         16          0          0          0       2468   stm32f7xx_hal_rcc_ex.o
       150          0          0          0          0       3708   stm32f7xx_hal_sdram.o
       390          0          0          0          0       5096   stm32f7xx_hal_tim.o
         4          0          0          0          0       1938   stm32f7xx_hal_tim_ex.o
       108         22          0          0          0       7331   stm32f7xx_it.o
       278          6          0          0          0       3816   stm32f7xx_ll_fmc.o
       552          8          0          0          0       9908   stm32f7xx_ll_usb.o
        84         16         16          4          0       1411   system_stm32f7xx.o
        76          0          0          0        704       4456   usbh_conf.o
       168         28          0          0          0       3116   usbh_core.o
        24          0          0          0          0       1284   usbh_pipes.o

    ----------------------------------------------------------------------
     24054       1344      12464        200      18508    1189349   Object Totals
         0          0         32          0          0          0   (incl. Generated)
        48          0          2          6          0          0   (incl. Padding)

    ----------------------------------------------------------------------

      Code (inc. data)   RO Data    RW Data    ZI Data      Debug   Library Member Name

         0          0          0          0          0          0   entry.o
         0          0          0          0          0          0   entry10a.o
         0          0          0          0          0          0   entry11a.o
         8          4          0          0          0          0   entry2.o
         4          0          0          0          0          0   entry5.o
         0          0          0          0          0          0   entry7b.o
         0          0          0          0          0          0   entry8b.o
         8          4          0          0          0          0   entry9a.o
        30          0          0          0          0          0   handlers.o
        36          8          0          0          0         68   init.o
        30          0          0          0          0         68   llshl.o
        32          0          0          0          0         68   llushr.o
        36          0          0          0          0         68   memcpya.o
      1204         60          0          0          0        504   printf8.o
         0          0          0          4          0          0   stdout.o
        98          0          0          0          0         92   uldiv.o

    ----------------------------------------------------------------------
      1486         76          0          4          0        868   Library Totals
         0          0          0          0          0          0   (incl. Padding)

    ----------------------------------------------------------------------

      Code (inc. data)   RO Data    RW Data    ZI Data      Debug   Library Name

      1486         76          0          4          0        868   mc_w.l

    ----------------------------------------------------------------------
      1486         76          0          4          0        868   Library Totals

    ----------------------------------------------------------------------

==============================================================================


      Code (inc. data)   RO Data    RW Data    ZI Data      Debug   

     25540       1420      12464        204      18508    1167805   Grand Totals
     25540       1420      12464        204      18508    1167805   ELF Image Totals
     25540       1420      12464        204          0          0   ROM Totals

==============================================================================

    Total RO  Size (Code + RO Data)                38004 (  37.11kB)
    Total RW  Size (RW Data + ZI Data)             18712 (  18.27kB)
    Total ROM Size (Code + RO Data + RW Data)      38208 (  37.31kB)

==============================================================================

